******************************************************************************
                  TI ARM Linker PC v18.1.4                     
******************************************************************************
>> Linked Mon Aug 26 18:04:11 2019

OUTPUT FILE NAME:   <JustMonika_Chess.out>
ENTRY POINT SYMBOL: "_c_int00_noargs"  address: 0000a4a5


MEMORY CONFIGURATION

         name            origin    length      used     unused   attr    fill
----------------------  --------  ---------  --------  --------  ----  --------
  MAIN                  00000000   00040000  0000ac16  000353ea  R  X
  INFO                  00200000   00004000  00000000  00004000  R  X
  SRAM_CODE             01000000   00010000  0000064e  0000f9b2  RW X
  SRAM_DATA             20000000   00010000  0000064e  0000f9b2  RW  


SEGMENT ALLOCATION MAP

run origin  load origin   length   init length attrs members
----------  ----------- ---------- ----------- ----- -------
00000000    00000000    0000ac18   0000ac18    r-x
  00000000    00000000    000000e4   000000e4    r-- .intvecs
  000000e4    000000e4    000068b8   000068b8    r-- .const
  0000699c    0000699c    00004242   00004242    r-x .text
  0000abe0    0000abe0    00000038   00000038    r-- .cinit
20000000    20000000    00000450   00000000    rw-
  20000000    20000000    0000043e   00000000    rw- .bss
  20000440    20000440    00000010   00000000    rw- .data
2000fe00    2000fe00    00000200   00000000    rw-
  2000fe00    2000fe00    00000200   00000000    rw- .stack


SECTION ALLOCATION MAP

 output                                  attributes/
section   page    origin      length       input sections
--------  ----  ----------  ----------   ----------------
.intvecs   0    00000000    000000e4     
                  00000000    000000e4     startup_msp432p401r_ccs.obj (.intvecs:retain)

.const     0    000000e4    000068b8     
                  000000e4    00004000     title.obj (.const:.string:pixel_title8BPP_UNCOMP)
                  000040e4    00000c30     title_logo.obj (.const:.string:pixel_title_logo4BPP_UNCOMP)
                  00004d14    00000910     draculaDefault.obj (.const:.string:pixel_draculaDefault8BPP_UNCOMP)
                  00005624    00000521     grlib.a : fontcmtt12.obj (.const:.string:g_pucCmtt12Data)
                  00005b45    00000003     --HOLE-- [fill = 0]
                  00005b48    00000400     draculaDefault.obj (.const:palette_draculaDefault8BPP_UNCOMP)
                  00005f48    00000400     title.obj (.const:palette_title8BPP_UNCOMP)
                  00006348    000000c8     grlib.a : fontcmtt12.obj (.const:g_sFontCmtt12)
                  00006410    00000080     msp432p4xx_driverlib.lib : adc14.o (.const:_ctlRegs)
                  00006490    00000064     sord.obj (.const:.string:pixel_sord4BPP_UNCOMP)
                  000064f4    00000040     sord.obj (.const:palette_sord4BPP_UNCOMP)
                  00006534    00000040     title_logo.obj (.const:palette_title_logo4BPP_UNCOMP)
                  00006574    00000030     msp432p4xx_driverlib.lib : gpio.o (.const:GPIO_PORT_TO_BASE)
                  000065a4    00000024     main.obj (.const:$P$T1$2)
                  000065c8    00000020     Crystalfontz128x128_ST7735.obj (.const:g_sCrystalfontz128x128_funcs)
                  000065e8    0000001e     Graphics_HAL.obj (.const:.string:$P$T0$1)
                  00006606    0000001e     Graphics_HAL.obj (.const:.string:$P$T1$2)
                  00006624    0000001e     Graphics_HAL.obj (.const:.string:$P$T10$11)
                  00006642    0000001e     Graphics_HAL.obj (.const:.string:$P$T11$12)
                  00006660    0000001e     Graphics_HAL.obj (.const:.string:$P$T12$13)
                  0000667e    0000001e     Graphics_HAL.obj (.const:.string:$P$T13$14)
                  0000669c    0000001e     Graphics_HAL.obj (.const:.string:$P$T14$15)
                  000066ba    0000001e     Graphics_HAL.obj (.const:.string:$P$T15$16)
                  000066d8    0000001e     Graphics_HAL.obj (.const:.string:$P$T16$17)
                  000066f6    0000001e     Graphics_HAL.obj (.const:.string:$P$T17$18)
                  00006714    0000001e     Graphics_HAL.obj (.const:.string:$P$T18$19)
                  00006732    0000001e     Graphics_HAL.obj (.const:.string:$P$T19$20)
                  00006750    0000001e     Graphics_HAL.obj (.const:.string:$P$T2$3)
                  0000676e    0000001e     main.obj (.const:.string:$P$T2$3)
                  0000678c    0000001e     Graphics_HAL.obj (.const:.string:$P$T20$21)
                  000067aa    0000001e     Graphics_HAL.obj (.const:.string:$P$T21$22)
                  000067c8    0000001e     Graphics_HAL.obj (.const:.string:$P$T22$23)
                  000067e6    0000001e     Graphics_HAL.obj (.const:.string:$P$T23$24)
                  00006804    0000001e     Graphics_HAL.obj (.const:.string:$P$T24$25)
                  00006822    0000001e     Graphics_HAL.obj (.const:.string:$P$T3$4)
                  00006840    0000001e     main.obj (.const:.string:$P$T3$4)
                  0000685e    0000001e     Graphics_HAL.obj (.const:.string:$P$T4$5)
                  0000687c    0000001e     Graphics_HAL.obj (.const:.string:$P$T5$6)
                  0000689a    0000001e     Graphics_HAL.obj (.const:.string:$P$T6$7)
                  000068b8    0000001e     Graphics_HAL.obj (.const:.string:$P$T7$8)
                  000068d6    0000001e     Graphics_HAL.obj (.const:.string:$P$T8$9)
                  000068f4    0000001e     Graphics_HAL.obj (.const:.string:$P$T9$10)
                  00006912    00000002     --HOLE-- [fill = 0]
                  00006914    0000001c     HAL_MSP_EXP432P401R_Crystalfontz128x128_ST7735.obj (.const:$P$T0$1)
                  00006930    0000001c     main.obj (.const:$P$T0$1)
                  0000694c    00000010     draculaDefault.obj (.const:draculaDefault8BPP_UNCOMP)
                  0000695c    00000010     sord.obj (.const:sord4BPP_UNCOMP)
                  0000696c    00000010     title.obj (.const:title8BPP_UNCOMP)
                  0000697c    00000010     title_logo.obj (.const:title_logo4BPP_UNCOMP)
                  0000698c    00000008     Crystalfontz128x128_ST7735.obj (.const:$P$T0$1)
                  00006994    00000008     msp432p4xx_driverlib.lib : interrupt.o (.const:g_pulEnRegs)

.text      0    0000699c    00004242     
                  0000699c    0000047e     grlib.a : string.obj (.text:Graphics_drawString)
                  00006e1a    00000390             : image.obj (.text:Graphics_drawImage)
                  000071aa    00000002     startup_msp432p401r_ccs.obj (.text:Default_Handler)
                  000071ac    00000258     main.obj (.text:main)
                  00007404    0000024c     main.obj (.text:battleController)
                  00007650    00000238     Graphics_HAL.obj (.text:drawBattleDisplay)
                  00007888    0000022a     grlib.a : circle.obj (.text:Graphics_fillCircle)
                  00007ab2    000001d8     Crystalfontz128x128_ST7735.obj (.text:Crystalfontz128x128_PixelDrawMultiple)
                  00007c8a    00000002     --HOLE-- [fill = 0]
                  00007c8c    000001b8     main.obj (.text:dungeonController)
                  00007e44    00000184     Graphics_HAL.obj (.text:drawBattleCursor)
                  00007fc8    00000160     msp432p4xx_driverlib.lib : adc14.o (.text:_getIndexForMemRegister)
                  00008128    00000148     main.obj (.text:mainMenu)
                  00008270    00000142     UART_HAL.obj (.text:consoleHelpDungeon)
                  000083b2    00000002     --HOLE-- [fill = 0]
                  000083b4    00000134     Crystalfontz128x128_ST7735.obj (.text:Crystalfontz128x128_SetDrawFrame)
                  000084e8    00000130     Graphics_HAL.obj (.text:drawHelpScreen)
                  00008618    0000012c     Crystalfontz128x128_ST7735.obj (.text:Crystalfontz128x128_Init)
                  00008744    00000126     UART_HAL.obj (.text:consoleHelpBattle)
                  0000886a    00000002     --HOLE-- [fill = 0]
                  0000886c    0000011c     Graphics_HAL.obj (.text:drawDungeonDisplay)
                  00008988    00000112     grlib.a : rectangle.obj (.text:Graphics_fillRectangle)
                  00008a9a    00000002     --HOLE-- [fill = 0]
                  00008a9c    000000fc     msp432p4xx_driverlib.lib : uart.o (.text:UART_initModule)
                  00008b98    000000e0     Graphics_HAL.obj (.text:drawHighScores)
                  00008c78    000000ce     ButtonLED_HAL.obj (.text:Debounce)
                  00008d46    00000002     --HOLE-- [fill = 0]
                  00008d48    000000c4     Graphics_HAL.obj (.text:drawMainMenu)
                  00008e0c    000000bc     system_msp432p401r.obj (.text:SystemInit)
                  00008ec8    000000b0     msp432p4xx_driverlib.lib : spi.o (.text:SPI_initMaster)
                  00008f78    000000aa     Timer32_HAL.obj (.text:OneShotSWTimerExpired)
                  00009022    00000002     --HOLE-- [fill = 0]
                  00009024    000000a8     msp432p4xx_driverlib.lib : adc14.o (.text:ADC14_configureMultiSequenceMode)
                  000090cc    000000a4                              : adc14.o (.text:ADC14_configureConversionMemory)
                  00009170    000000a2     grlib.a : rectangle.obj (.text:Graphics_drawRectangle)
                  00009212    0000009c     Crystalfontz128x128_ST7735.obj (.text:Crystalfontz128x128_RectFill)
                  000092ae    0000009c     grlib.a : line.obj (.text:Graphics_drawLineH)
                  0000934a    0000009c             : line.obj (.text:Graphics_drawLineV)
                  000093e6    0000009c     rtsv7M4_T_le_v4SPD16_eabi.lib : memcpy_t2.asm.obj (.text)
                  00009482    00000002     --HOLE-- [fill = 0]
                  00009484    00000088     msp432p4xx_driverlib.lib : gpio.o (.text:GPIO_setAsPeripheralModuleFunctionInputPin)
                  0000950c    00000088                              : gpio.o (.text:GPIO_setAsPeripheralModuleFunctionOutputPin)
                  00009594    00000088     main.obj (.text:initialize)
                  0000961c    00000080     msp432p4xx_driverlib.lib : interrupt.o (.text:Interrupt_enableInterrupt)
                  0000969c    00000080     Graphics_HAL.obj (.text:drawMenuCursor)
                  0000971c    0000007a     rtsv7M4_T_le_v4SPD16_eabi.lib : memset_t2.asm.obj (.text)
                  00009796    00000002     --HOLE-- [fill = 0]
                  00009798    00000070     ADC_HAL.obj (.text:debouncedJoystickPushRight)
                  00009808    00000070     ADC_HAL.obj (.text:debouncedJoystickPushUp)
                  00009878    0000006c     grlib.a : image.obj (.text:Graphics_convertPalette)
                  000098e4    0000006c     ADC_HAL.obj (.text:debouncedJoystickPushDown)
                  00009950    0000006c     ADC_HAL.obj (.text:debouncedJoystickPushLeft)
                  000099bc    00000068     msp432p4xx_driverlib.lib : timer32.o (.text:Timer32_initModule)
                  00009a24    00000068     rtsv7M4_T_le_v4SPD16_eabi.lib : copy_decompress_lzss.c.obj (.text:decompress:lzss:__TI_decompress_lzss)
                  00009a8c    00000066     UART_HAL.obj (.text:consoleIntro)
                  00009af2    00000002     --HOLE-- [fill = 0]
                  00009af4    00000064     Timer32_HAL.obj (.text:initHWTimer0)
                  00009b58    00000064     Timer32_HAL.obj (.text:initHWTimer1)
                  00009bbc    00000060     Crystalfontz128x128_ST7735.obj (.text:Crystalfontz128x128_LineDrawH)
                  00009c1c    00000060     Crystalfontz128x128_ST7735.obj (.text:Crystalfontz128x128_LineDrawV)
                  00009c7c    0000005e     Graphics_HAL.obj (.text:clearInfoBox)
                  00009cda    00000002     --HOLE-- [fill = 0]
                  00009cdc    00000058     msp432p4xx_driverlib.lib : gpio.o (.text:GPIO_setAsInputPinWithPullUpResistor)
                  00009d34    00000058     ADC_HAL.obj (.text:setupRandom)
                  00009d8c    00000056     RPG.obj (.text:initGame)
                  00009de2    00000056     Timer32_HAL.obj (.text:startHWTimer)
                  00009e38    00000054     msp432p4xx_driverlib.lib : adc14.o (.text:ADC14_initModule)
                  00009e8c    00000054     Crystalfontz128x128_ST7735.obj (.text:Crystalfontz128x128_SetOrientation)
                  00009ee0    00000052     grlib.a : context.obj (.text:Graphics_initContext)
                  00009f32    0000004e     Graphics_HAL.obj (.text:moveRichterDown)
                  00009f80    0000004e     Graphics_HAL.obj (.text:moveRichterLeft)
                  00009fce    0000004e     Graphics_HAL.obj (.text:moveRichterRight)
                  0000a01c    0000004e     Graphics_HAL.obj (.text:moveRichterUp)
                  0000a06a    0000004c     ButtonLED_HAL.obj (.text:ButtonPushed)
                  0000a0b6    00000002     --HOLE-- [fill = 0]
                  0000a0b8    0000004c     Graphics_HAL.obj (.text:clear_player)
                  0000a104    0000004c     UART_HAL.obj (.text:writeString)
                  0000a150    0000004a     Graphics_HAL.obj (.text:make_3digit_NumString)
                  0000a19a    00000002     --HOLE-- [fill = 0]
                  0000a19c    00000048     ButtonLED_HAL.obj (.text:initButton)
                  0000a1e4    00000046     grlib.a : display.obj (.text:Graphics_drawMultiplePixelsOnDisplay)
                  0000a22a    00000002     --HOLE-- [fill = 0]
                  0000a22c    00000044     rtsv7M4_T_le_v4SPD16_eabi.lib : autoinit.c.obj (.text:__TI_auto_init_nobinit_nopinit:__TI_auto_init_nobinit_nopinit)
                  0000a270    00000044     Graphics_HAL.obj (.text:drawMaroonSquare)
                  0000a2b4    00000040     Crystalfontz128x128_ST7735.obj (.text:Crystalfontz128x128_PixelDraw)
                  0000a2f4    00000040     msp432p4xx_driverlib.lib : gpio.o (.text:GPIO_setAsOutputPin)
                  0000a334    00000040     grlib.a : string.obj (.text:Graphics_getNumberOfLeadingZeros)
                  0000a374    00000040     HAL_MSP_EXP432P401R_Crystalfontz128x128_ST7735.obj (.text:HAL_LCD_SpiInit)
                  0000a3b4    00000040     Graphics_HAL.obj (.text:initGraphics)
                  0000a3f4    00000040     msp432p4xx_driverlib.lib : spi.o (.text:is_A_Module)
                  0000a434    00000038     HAL_MSP_EXP432P401R_Crystalfontz128x128_ST7735.obj (.text:HAL_LCD_writeCommand)
                  0000a46c    00000038     msp432p4xx_driverlib.lib : timer32.o (.text:Timer32_startTimer)
                  0000a4a4    00000038     rtsv7M4_T_le_v4SPD16_eabi.lib : boot_cortex_m.c.obj (.text:_c_int00_noargs:_c_int00_noargs)
                  0000a4dc    00000036     grlib.a : display.obj (.text:Graphics_drawHorizontalLineOnDisplay)
                  0000a512    00000036             : display.obj (.text:Graphics_drawVerticalLineOnDisplay)
                  0000a548    00000034     msp432p4xx_driverlib.lib : adc14.o (.text:ADC14_enableSampleTimer)
                  0000a57c    00000034                              : timer32.o (.text:Timer32_setCount)
                  0000a5b0    00000034                              : uart.o (.text:UART_transmitData)
                  0000a5e4    00000034     main.obj (.text:splashScreen)
                  0000a618    00000030     msp432p4xx_driverlib.lib : gpio.o (.text:GPIO_getInputPinValue)
                  0000a648    00000030     HAL_MSP_EXP432P401R_Crystalfontz128x128_ST7735.obj (.text:HAL_LCD_PortInit)
                  0000a678    00000030     msp432p4xx_driverlib.lib : uart.o (.text:UART_receiveData)
                  0000a6a8    00000030     ADC_HAL.obj (.text:initJoyStick)
                  0000a6d8    0000002c     msp432p4xx_driverlib.lib : adc14.o (.text:ADC14_toggleConversionTrigger)
                  0000a704    0000002c     Crystalfontz128x128_ST7735.obj (.text:Crystalfontz128x128_ClearScreen)
                  0000a730    0000002c     grlib.a : display.obj (.text:Graphics_drawPixelOnDisplay)
                  0000a75c    0000002c     HAL_MSP_EXP432P401R_Crystalfontz128x128_ST7735.obj (.text:HAL_LCD_writeData)
                  0000a788    0000002a     UART_HAL.obj (.text:InitUART)
                  0000a7b2    00000002     --HOLE-- [fill = 0]
                  0000a7b4    00000028     msp432p4xx_driverlib.lib : adc14.o (.text:ADC14_enableConversion)
                  0000a7dc    00000028     Crystalfontz128x128_ST7735.obj (.text:Crystalfontz128x128_ColorTranslate)
                  0000a804    00000028     msp432p4xx_driverlib.lib : gpio.o (.text:GPIO_setOutputHighOnPin)
                  0000a82c    00000028                              : gpio.o (.text:GPIO_setOutputLowOnPin)
                  0000a854    00000026     Timer32_HAL.obj (.text:WaitCycles)
                  0000a87a    00000002     --HOLE-- [fill = 0]
                  0000a87c    00000024     UART_HAL.obj (.text:UARTCanSend)
                  0000a8a0    00000024     msp432p4xx_driverlib.lib : wdt_a.o (.text:WDT_A_holdTimer)
                  0000a8c4    00000024     ADC_HAL.obj (.text:initADC)
                  0000a8e8    00000022     ADC_HAL.obj (.text:createRandomBit)
                  0000a90a    0000001e     grlib.a : display.obj (.text:Graphics_fillRectangleOnDisplay)
                  0000a928    0000001e     Timer32_HAL.obj (.text:InitOneShotSWTimer)
                  0000a946    0000001e     Timer32_HAL.obj (.text:StartOneShotSWTimer)
                  0000a964    0000001e     UART_HAL.obj (.text:UARTHasChar)
                  0000a982    00000002     --HOLE-- [fill = 0]
                  0000a984    0000001c     msp432p4xx_driverlib.lib : adc14.o (.text:ADC14_getResult)
                  0000a9a0    0000001c                              : spi.o (.text:SPI_enableModule)
                  0000a9bc    0000001c     Timer32_HAL.obj (.text:T32_INT1_IRQHandler)
                  0000a9d8    0000001c     ADC_HAL.obj (.text:getSampleJoyStick)
                  0000a9f4    0000001a     grlib.a : display.obj (.text:Graphics_clearDisplayOnDisplay)
                  0000aa0e    0000001a             : context.obj (.text:Graphics_setBackgroundColor)
                  0000aa28    0000001a             : context.obj (.text:Graphics_setFont)
                  0000aa42    00000018     msp432p4xx_driverlib.lib : uart.o (.text:UART_getInterruptStatus)
                  0000aa5a    00000002     --HOLE-- [fill = 0]
                  0000aa5c    00000018     Graphics_HAL.obj (.text:drawOpeningSplash)
                  0000aa74    00000018     rtsv7M4_T_le_v4SPD16_eabi.lib : ll_mul_t2.asm.obj (.text)
                  0000aa8c    00000016     msp432p4xx_driverlib.lib : spi.o (.text:EUSCI_A_SPI_enable)
                  0000aaa2    00000016                              : spi.o (.text:EUSCI_B_SPI_enable)
                  0000aab8    00000016     grlib.a : context.obj (.text:Graphics_setForegroundColor)
                  0000aace    00000016             : display.obj (.text:Graphics_translateColorOnDisplay)
                  0000aae4    00000016     msp432p4xx_driverlib.lib : uart.o (.text:UART_enableModule)
                  0000aafa    00000014                              : timer32.o (.text:Timer32_clearInterruptFlag)
                  0000ab0e    00000014     UART_HAL.obj (.text:UARTPutChar)
                  0000ab22    00000014     Graphics_HAL.obj (.text:clearScreen)
                  0000ab36    00000012     grlib.a : context.obj (.text:Graphics_clearDisplay)
                  0000ab48    00000010     msp432p4xx_driverlib.lib : adc14.o (.text:ADCIsConversionRunning)
                  0000ab58    0000000e     Graphics_HAL.obj (.text:InitFonts)
                  0000ab66    0000000e     msp432p4xx_driverlib.lib : timer32.o (.text:Timer32_getValue)
                  0000ab74    0000000e     rtsv7M4_T_le_v4SPD16_eabi.lib : copy_decompress_none.c.obj (.text:decompress:none:__TI_decompress_none)
                  0000ab82    00000002     --HOLE-- [fill = 0]
                  0000ab84    0000000c     msp432p4xx_driverlib.lib : adc14.o (.text:ADC14_enableModule)
                  0000ab90    0000000c     startup_msp432p401r_ccs.obj (.text:Reset_Handler)
                  0000ab9c    0000000c     UART_HAL.obj (.text:UARTGetChar)
                  0000aba8    0000000c     rtsv7M4_T_le_v4SPD16_eabi.lib : copy_zero_init.c.obj (.text:decompress:ZI:__TI_zero_init)
                  0000abb4    0000000c     ButtonLED_HAL.obj (.text:initialize_BoosterpackJoystickSelect)
                  0000abc0    0000000c     ADC_HAL.obj (.text:startADC)
                  0000abcc    0000000a     Crystalfontz128x128_ST7735.obj (.text:Crystalfontz128x128_Flush)
                  0000abd6    00000004     rtsv7M4_T_le_v4SPD16_eabi.lib : pre_init.c.obj (.text:_system_pre_init)
                  0000abda    00000004                                   : exit.c.obj (.text:abort:abort)

.cinit     0    0000abe0    00000038     
                  0000abe0    0000000d     (.cinit..data.load) [load image, compression = lzss]
                  0000abed    00000003     --HOLE-- [fill = 0]
                  0000abf0    0000000c     (__TI_handler_table)
                  0000abfc    00000004     --HOLE-- [fill = 0]
                  0000ac00    00000008     (.cinit..bss.load) [load image, compression = zero_init]
                  0000ac08    00000010     (__TI_cinit_table)

.init_array 
*          0    00000000    00000000     UNINITIALIZED

.binit     0    00000000    00000000     

.bss       0    20000000    0000043e     UNINITIALIZED
                  20000000    00000400     grlib.a : image.obj (.bss:g_pulConvertedPalette)
                  20000400    00000018     (.common:timer0)
                  20000418    00000018     (.common:timer1)
                  20000430    00000004     ADC_HAL.obj (.bss)
                  20000434    00000002     (.common:Lcd_ScreenHeigth)
                  20000436    00000002     (.common:Lcd_ScreenWidth)
                  20000438    00000002     (.common:Lcd_TouchTrim)
                  2000043a    00000001     (.common:Lcd_FlagRead)
                  2000043b    00000001     (.common:Lcd_FontSolid)
                  2000043c    00000001     (.common:Lcd_Orientation)
                  2000043d    00000001     (.common:Lcd_PenSolid)

.data      0    20000440    00000010     UNINITIALIZED
                  20000440    00000010     Crystalfontz128x128_ST7735.obj (.data:g_sCrystalfontz128x128)

.stack     0    2000fe00    00000200     UNINITIALIZED
                  2000fe00    00000004     rtsv7M4_T_le_v4SPD16_eabi.lib : boot_cortex_m.c.obj (.stack)
                  2000fe04    000001fc     --HOLE--

MODULE SUMMARY

       Module                                               code    ro data   rw data
       ------                                               ----    -------   -------
    .\
       title.obj                                            0       17424     0      
       Graphics_HAL.obj                                     2838    750       0      
       draculaDefault.obj                                   0       3360      0      
       title_logo.obj                                       0       3200      0      
       main.obj                                             2144    124       0      
       UART_HAL.obj                                         934     0         0      
       ADC_HAL.obj                                          686     0         8      
       Timer32_HAL.obj                                      582     0         0      
       ButtonLED_HAL.obj                                    366     0         96     
       system_msp432p401r.obj                               188     0         0      
       sord.obj                                             0       180       0      
       RPG.obj                                              86      0         0      
    +--+----------------------------------------------------+-------+---------+---------+
       Total:                                               7824    25038     104    
                                                                                     
    .\LcdDriver\
       Crystalfontz128x128_ST7735.obj                       1670    40        52     
       HAL_MSP_EXP432P401R_Crystalfontz128x128_ST7735.obj   212     28        0      
    +--+----------------------------------------------------+-------+---------+---------+
       Total:                                               1882    68        52     
                                                                                     
    .\ccs\
       startup_msp432p401r_ccs.obj                          14      228       0      
    +--+----------------------------------------------------+-------+---------+---------+
       Total:                                               14      228       0      
                                                                                     
    C:/ti/simplelink_msp432p4_sdk_2_40_00_10/source/ti/devices/msp432p4xx/driverlib/ccs/msp432p4xx_driverlib.lib
       adc14.o                                              960     128       0      
       gpio.o                                               552     48        0      
       uart.o                                               398     0         0      
       spi.o                                                312     0         0      
       timer32.o                                            246     0         0      
       interrupt.o                                          128     8         0      
       wdt_a.o                                              36      0         0      
    +--+----------------------------------------------------+-------+---------+---------+
       Total:                                               2632    184       0      
                                                                                     
    C:/ti/simplelink_msp432p4_sdk_2_40_00_10/source/ti/grlib/lib/ccs/m4f/grlib.a
       image.obj                                            1020    0         2048   
       fontcmtt12.obj                                       0       1513      0      
       string.obj                                           1214    0         0      
       circle.obj                                           554     0         0      
       rectangle.obj                                        436     0         0      
       line.obj                                             312     0         0      
       display.obj                                          300     0         0      
       context.obj                                          174     0         0      
    +--+----------------------------------------------------+-------+---------+---------+
       Total:                                               4010    1513      2048   
                                                                                     
    C:\ti\ccsv8\tools\compiler\ti-cgt-arm_18.1.4.LTS\lib\rtsv7M4_T_le_v4SPD16_eabi.lib
       memcpy_t2.asm.obj                                    156     0         0      
       memset_t2.asm.obj                                    122     0         0      
       copy_decompress_lzss.c.obj                           104     0         0      
       autoinit.c.obj                                       68      0         0      
       boot_cortex_m.c.obj                                  56      0         0      
       ll_mul_t2.asm.obj                                    24      0         0      
       copy_decompress_none.c.obj                           14      0         0      
       copy_zero_init.c.obj                                 12      0         0      
       exit.c.obj                                           4       0         0      
       pre_init.c.obj                                       4       0         0      
    +--+----------------------------------------------------+-------+---------+---------+
       Total:                                               564     0         0      
                                                                                     
       Stack:                                               0       0         1024   
       Linker Generated:                                    0       49        0      
    +--+----------------------------------------------------+-------+---------+---------+
       Grand Total:                                         16926   27080     3228   


LINKER GENERATED COPY TABLES

__TI_cinit_table @ 0000ac08 records: 2, size/record: 8, table size: 16
	.data: load addr=0000abe0, load size=0000000d bytes, run addr=20000440, run size=00000010 bytes, compression=lzss
	.bss: load addr=0000ac00, load size=00000008 bytes, run addr=20000000, run size=0000043e bytes, compression=zero_init


LINKER GENERATED HANDLER TABLE

__TI_handler_table @ 0000abf0 records: 3, size/record: 4, table size: 12
	index: 0, handler: __TI_decompress_lzss
	index: 1, handler: __TI_decompress_none
	index: 2, handler: __TI_zero_init


GLOBAL SYMBOLS: SORTED ALPHABETICALLY BY Name 

address   name                                       
-------   ----                                       
000071ab  ADC14_IRQHandler                           
000090cd  ADC14_configureConversionMemory            
00009025  ADC14_configureMultiSequenceMode           
0000a7b5  ADC14_enableConversion                     
0000ab85  ADC14_enableModule                         
0000a549  ADC14_enableSampleTimer                    
0000a985  ADC14_getResult                            
00009e39  ADC14_initModule                           
0000a6d9  ADC14_toggleConversionTrigger              
000071ab  AES256_IRQHandler                          
000071ab  BusFault_Handler                           
0000a06b  ButtonPushed                               
0000abdb  C$$EXIT                                    
000071ab  COMP_E0_IRQHandler                         
000071ab  COMP_E1_IRQHandler                         
000071ab  CS_IRQHandler                              
00008619  Crystalfontz128x128_Init                   
000083b5  Crystalfontz128x128_SetDrawFrame           
00009e8d  Crystalfontz128x128_SetOrientation         
000071ab  DMA_ERR_IRQHandler                         
000071ab  DMA_INT0_IRQHandler                        
000071ab  DMA_INT1_IRQHandler                        
000071ab  DMA_INT2_IRQHandler                        
000071ab  DMA_INT3_IRQHandler                        
00008c79  Debounce                                   
000071ab  DebugMon_Handler                           
000071ab  Default_Handler                            
000071ab  EUSCIA0_IRQHandler                         
000071ab  EUSCIA1_IRQHandler                         
000071ab  EUSCIA2_IRQHandler                         
000071ab  EUSCIA3_IRQHandler                         
000071ab  EUSCIB0_IRQHandler                         
000071ab  EUSCIB1_IRQHandler                         
000071ab  EUSCIB2_IRQHandler                         
000071ab  EUSCIB3_IRQHandler                         
0000aa8d  EUSCI_A_SPI_enable                         
0000aaa3  EUSCI_B_SPI_enable                         
000071ab  FLCTL_IRQHandler                           
000071ab  FPU_IRQHandler                             
0000a619  GPIO_getInputPinValue                      
00009cdd  GPIO_setAsInputPinWithPullUpResistor       
0000a2f5  GPIO_setAsOutputPin                        
00009485  GPIO_setAsPeripheralModuleFunctionInputPin 
0000950d  GPIO_setAsPeripheralModuleFunctionOutputPin
0000a805  GPIO_setOutputHighOnPin                    
0000a82d  GPIO_setOutputLowOnPin                     
0000ab37  Graphics_clearDisplay                      
0000a9f5  Graphics_clearDisplayOnDisplay             
0000a4dd  Graphics_drawHorizontalLineOnDisplay       
00006e1b  Graphics_drawImage                         
000092af  Graphics_drawLineH                         
0000934b  Graphics_drawLineV                         
0000a1e5  Graphics_drawMultiplePixelsOnDisplay       
0000a731  Graphics_drawPixelOnDisplay                
00009171  Graphics_drawRectangle                     
0000699d  Graphics_drawString                        
0000a513  Graphics_drawVerticalLineOnDisplay         
00007889  Graphics_fillCircle                        
00008989  Graphics_fillRectangle                     
0000a90b  Graphics_fillRectangleOnDisplay            
00009ee1  Graphics_initContext                       
0000aa0f  Graphics_setBackgroundColor                
0000aa29  Graphics_setFont                           
0000aab9  Graphics_setForegroundColor                
0000aacf  Graphics_translateColorOnDisplay           
0000a649  HAL_LCD_PortInit                           
0000a375  HAL_LCD_SpiInit                            
0000a435  HAL_LCD_writeCommand                       
0000a75d  HAL_LCD_writeData                          
000071ab  HardFault_Handler                          
0000ab59  InitFonts                                  
0000a929  InitOneShotSWTimer                         
0000a789  InitUART                                   
0000961d  Interrupt_enableInterrupt                  
2000043a  Lcd_FlagRead                               
2000043b  Lcd_FontSolid                              
2000043c  Lcd_Orientation                            
2000043d  Lcd_PenSolid                               
20000434  Lcd_ScreenHeigth                           
20000436  Lcd_ScreenWidth                            
20000438  Lcd_TouchTrim                              
000071ab  MemManage_Handler                          
000071ab  NMI_Handler                                
00008f79  OneShotSWTimerExpired                      
000071ab  PCM_IRQHandler                             
000071ab  PORT1_IRQHandler                           
000071ab  PORT2_IRQHandler                           
000071ab  PORT3_IRQHandler                           
000071ab  PORT4_IRQHandler                           
000071ab  PORT5_IRQHandler                           
000071ab  PORT6_IRQHandler                           
000071ab  PSS_IRQHandler                             
000071ab  PendSV_Handler                             
000071ab  RTC_C_IRQHandler                           
0000ab91  Reset_Handler                              
0000a9a1  SPI_enableModule                           
00008ec9  SPI_initMaster                             
000071ab  SVC_Handler                                
0000a947  StartOneShotSWTimer                        
000071ab  SysTick_Handler                            
00008e0d  SystemInit                                 
0000a9bd  T32_INT1_IRQHandler                        
0000a9bd  T32_INT1_IRQHandler                        
000071ab  T32_INT2_IRQHandler                        
000071ab  T32_INTC_IRQHandler                        
000071ab  TA0_0_IRQHandler                           
000071ab  TA0_N_IRQHandler                           
000071ab  TA1_0_IRQHandler                           
000071ab  TA1_N_IRQHandler                           
000071ab  TA2_0_IRQHandler                           
000071ab  TA2_N_IRQHandler                           
000071ab  TA3_0_IRQHandler                           
000071ab  TA3_N_IRQHandler                           
0000aafb  Timer32_clearInterruptFlag                 
0000ab67  Timer32_getValue                           
000099bd  Timer32_initModule                         
0000a57d  Timer32_setCount                           
0000a46d  Timer32_startTimer                         
0000a87d  UARTCanSend                                
0000ab9d  UARTGetChar                                
0000a965  UARTHasChar                                
0000ab0f  UARTPutChar                                
0000aae5  UART_enableModule                          
0000aa43  UART_getInterruptStatus                    
00008a9d  UART_initModule                            
0000a679  UART_receiveData                           
0000a5b1  UART_transmitData                          
000071ab  UsageFault_Handler                         
4000480c  WDTCTL_SYM                                 
000071ab  WDT_A_IRQHandler                           
0000a8a1  WDT_A_holdTimer                            
0000a855  WaitCycles                                 
20010000  __STACK_END                                
00000200  __STACK_SIZE                               
0000ac08  __TI_CINIT_Base                            
0000ac18  __TI_CINIT_Limit                           
0000abf0  __TI_Handler_Table_Base                    
0000abfc  __TI_Handler_Table_Limit                   
0000a22d  __TI_auto_init_nobinit_nopinit             
00009a25  __TI_decompress_lzss                       
0000ab75  __TI_decompress_none                       
ffffffff  __TI_pprof_out_hndl                        
ffffffff  __TI_prof_data_size                        
ffffffff  __TI_prof_data_start                       
00000000  __TI_static_base__                         
0000aba9  __TI_zero_init                             
0000aa75  __aeabi_lmul                               
0000971d  __aeabi_memclr                             
0000971d  __aeabi_memclr4                            
0000971d  __aeabi_memclr8                            
000093e7  __aeabi_memcpy                             
000093e7  __aeabi_memcpy4                            
000093e7  __aeabi_memcpy8                            
0000971f  __aeabi_memset                             
0000971f  __aeabi_memset4                            
0000971f  __aeabi_memset8                            
ffffffff  __binit__                                  
ffffffff  __c_args__                                 
UNDEFED   __mpu_init                                 
2000fe00  __stack                                    
0000a4a5  _c_int00_noargs                            
UNDEFED   _system_post_cinit                         
0000abd7  _system_pre_init                           
0000abdb  abort                                      
00007405  battleController                           
ffffffff  binit                                      
00009c7d  clearInfoBox                               
0000ab23  clearScreen                                
0000a0b9  clear_player                               
00008745  consoleHelpBattle                          
00008271  consoleHelpDungeon                         
00009a8d  consoleIntro                               
0000a8e9  createRandomBit                            
000098e5  debouncedJoystickPushDown                  
00009951  debouncedJoystickPushLeft                  
00009799  debouncedJoystickPushRight                 
00009809  debouncedJoystickPushUp                    
0000694c  draculaDefault8BPP_UNCOMP                  
00007e45  drawBattleCursor                           
00007651  drawBattleDisplay                          
0000886d  drawDungeonDisplay                         
000084e9  drawHelpScreen                             
00008b99  drawHighScores                             
00008d49  drawMainMenu                               
0000a271  drawMaroonSquare                           
0000969d  drawMenuCursor                             
0000aa5d  drawOpeningSplash                          
00007c8d  dungeonController                          
20000440  g_sCrystalfontz128x128                     
000065c8  g_sCrystalfontz128x128_funcs               
00006348  g_sFontCmtt12                              
0000a9d9  getSampleJoyStick                          
0000a8c5  initADC                                    
0000a19d  initButton                                 
00009d8d  initGame                                   
0000a3b5  initGraphics                               
00009af5  initHWTimer0                               
00009b59  initHWTimer1                               
0000a6a9  initJoyStick                               
00009595  initialize                                 
0000abb5  initialize_BoosterpackJoystickSelect       
00000000  interruptVectors                           
000071ad  main                                       
00008129  mainMenu                                   
0000a151  make_3digit_NumString                      
000093e7  memcpy                                     
00009725  memset                                     
00009f33  moveRichterDown                            
00009f81  moveRichterLeft                            
00009fcf  moveRichterRight                           
0000a01d  moveRichterUp                              
00009d35  setupRandom                                
0000695c  sord4BPP_UNCOMP                            
0000a5e5  splashScreen                               
0000abc1  startADC                                   
00009de3  startHWTimer                               
20000400  timer0                                     
20000418  timer1                                     
0000696c  title8BPP_UNCOMP                           
0000697c  title_logo4BPP_UNCOMP                      
0000a105  writeString                                


GLOBAL SYMBOLS: SORTED BY Symbol Address 

address   name                                       
-------   ----                                       
00000000  __TI_static_base__                         
00000000  interruptVectors                           
00000200  __STACK_SIZE                               
00006348  g_sFontCmtt12                              
000065c8  g_sCrystalfontz128x128_funcs               
0000694c  draculaDefault8BPP_UNCOMP                  
0000695c  sord4BPP_UNCOMP                            
0000696c  title8BPP_UNCOMP                           
0000697c  title_logo4BPP_UNCOMP                      
0000699d  Graphics_drawString                        
00006e1b  Graphics_drawImage                         
000071ab  ADC14_IRQHandler                           
000071ab  AES256_IRQHandler                          
000071ab  BusFault_Handler                           
000071ab  COMP_E0_IRQHandler                         
000071ab  COMP_E1_IRQHandler                         
000071ab  CS_IRQHandler                              
000071ab  DMA_ERR_IRQHandler                         
000071ab  DMA_INT0_IRQHandler                        
000071ab  DMA_INT1_IRQHandler                        
000071ab  DMA_INT2_IRQHandler                        
000071ab  DMA_INT3_IRQHandler                        
000071ab  DebugMon_Handler                           
000071ab  Default_Handler                            
000071ab  EUSCIA0_IRQHandler                         
000071ab  EUSCIA1_IRQHandler                         
000071ab  EUSCIA2_IRQHandler                         
000071ab  EUSCIA3_IRQHandler                         
000071ab  EUSCIB0_IRQHandler                         
000071ab  EUSCIB1_IRQHandler                         
000071ab  EUSCIB2_IRQHandler                         
000071ab  EUSCIB3_IRQHandler                         
000071ab  FLCTL_IRQHandler                           
000071ab  FPU_IRQHandler                             
000071ab  HardFault_Handler                          
000071ab  MemManage_Handler                          
000071ab  NMI_Handler                                
000071ab  PCM_IRQHandler                             
000071ab  PORT1_IRQHandler                           
000071ab  PORT2_IRQHandler                           
000071ab  PORT3_IRQHandler                           
000071ab  PORT4_IRQHandler                           
000071ab  PORT5_IRQHandler                           
000071ab  PORT6_IRQHandler                           
000071ab  PSS_IRQHandler                             
000071ab  PendSV_Handler                             
000071ab  RTC_C_IRQHandler                           
000071ab  SVC_Handler                                
000071ab  SysTick_Handler                            
000071ab  T32_INT2_IRQHandler                        
000071ab  T32_INTC_IRQHandler                        
000071ab  TA0_0_IRQHandler                           
000071ab  TA0_N_IRQHandler                           
000071ab  TA1_0_IRQHandler                           
000071ab  TA1_N_IRQHandler                           
000071ab  TA2_0_IRQHandler                           
000071ab  TA2_N_IRQHandler                           
000071ab  TA3_0_IRQHandler                           
000071ab  TA3_N_IRQHandler                           
000071ab  UsageFault_Handler                         
000071ab  WDT_A_IRQHandler                           
000071ad  main                                       
00007405  battleController                           
00007651  drawBattleDisplay                          
00007889  Graphics_fillCircle                        
00007c8d  dungeonController                          
00007e45  drawBattleCursor                           
00008129  mainMenu                                   
00008271  consoleHelpDungeon                         
000083b5  Crystalfontz128x128_SetDrawFrame           
000084e9  drawHelpScreen                             
00008619  Crystalfontz128x128_Init                   
00008745  consoleHelpBattle                          
0000886d  drawDungeonDisplay                         
00008989  Graphics_fillRectangle                     
00008a9d  UART_initModule                            
00008b99  drawHighScores                             
00008c79  Debounce                                   
00008d49  drawMainMenu                               
00008e0d  SystemInit                                 
00008ec9  SPI_initMaster                             
00008f79  OneShotSWTimerExpired                      
00009025  ADC14_configureMultiSequenceMode           
000090cd  ADC14_configureConversionMemory            
00009171  Graphics_drawRectangle                     
000092af  Graphics_drawLineH                         
0000934b  Graphics_drawLineV                         
000093e7  __aeabi_memcpy                             
000093e7  __aeabi_memcpy4                            
000093e7  __aeabi_memcpy8                            
000093e7  memcpy                                     
00009485  GPIO_setAsPeripheralModuleFunctionInputPin 
0000950d  GPIO_setAsPeripheralModuleFunctionOutputPin
00009595  initialize                                 
0000961d  Interrupt_enableInterrupt                  
0000969d  drawMenuCursor                             
0000971d  __aeabi_memclr                             
0000971d  __aeabi_memclr4                            
0000971d  __aeabi_memclr8                            
0000971f  __aeabi_memset                             
0000971f  __aeabi_memset4                            
0000971f  __aeabi_memset8                            
00009725  memset                                     
00009799  debouncedJoystickPushRight                 
00009809  debouncedJoystickPushUp                    
000098e5  debouncedJoystickPushDown                  
00009951  debouncedJoystickPushLeft                  
000099bd  Timer32_initModule                         
00009a25  __TI_decompress_lzss                       
00009a8d  consoleIntro                               
00009af5  initHWTimer0                               
00009b59  initHWTimer1                               
00009c7d  clearInfoBox                               
00009cdd  GPIO_setAsInputPinWithPullUpResistor       
00009d35  setupRandom                                
00009d8d  initGame                                   
00009de3  startHWTimer                               
00009e39  ADC14_initModule                           
00009e8d  Crystalfontz128x128_SetOrientation         
00009ee1  Graphics_initContext                       
00009f33  moveRichterDown                            
00009f81  moveRichterLeft                            
00009fcf  moveRichterRight                           
0000a01d  moveRichterUp                              
0000a06b  ButtonPushed                               
0000a0b9  clear_player                               
0000a105  writeString                                
0000a151  make_3digit_NumString                      
0000a19d  initButton                                 
0000a1e5  Graphics_drawMultiplePixelsOnDisplay       
0000a22d  __TI_auto_init_nobinit_nopinit             
0000a271  drawMaroonSquare                           
0000a2f5  GPIO_setAsOutputPin                        
0000a375  HAL_LCD_SpiInit                            
0000a3b5  initGraphics                               
0000a435  HAL_LCD_writeCommand                       
0000a46d  Timer32_startTimer                         
0000a4a5  _c_int00_noargs                            
0000a4dd  Graphics_drawHorizontalLineOnDisplay       
0000a513  Graphics_drawVerticalLineOnDisplay         
0000a549  ADC14_enableSampleTimer                    
0000a57d  Timer32_setCount                           
0000a5b1  UART_transmitData                          
0000a5e5  splashScreen                               
0000a619  GPIO_getInputPinValue                      
0000a649  HAL_LCD_PortInit                           
0000a679  UART_receiveData                           
0000a6a9  initJoyStick                               
0000a6d9  ADC14_toggleConversionTrigger              
0000a731  Graphics_drawPixelOnDisplay                
0000a75d  HAL_LCD_writeData                          
0000a789  InitUART                                   
0000a7b5  ADC14_enableConversion                     
0000a805  GPIO_setOutputHighOnPin                    
0000a82d  GPIO_setOutputLowOnPin                     
0000a855  WaitCycles                                 
0000a87d  UARTCanSend                                
0000a8a1  WDT_A_holdTimer                            
0000a8c5  initADC                                    
0000a8e9  createRandomBit                            
0000a90b  Graphics_fillRectangleOnDisplay            
0000a929  InitOneShotSWTimer                         
0000a947  StartOneShotSWTimer                        
0000a965  UARTHasChar                                
0000a985  ADC14_getResult                            
0000a9a1  SPI_enableModule                           
0000a9bd  T32_INT1_IRQHandler                        
0000a9bd  T32_INT1_IRQHandler                        
0000a9d9  getSampleJoyStick                          
0000a9f5  Graphics_clearDisplayOnDisplay             
0000aa0f  Graphics_setBackgroundColor                
0000aa29  Graphics_setFont                           
0000aa43  UART_getInterruptStatus                    
0000aa5d  drawOpeningSplash                          
0000aa75  __aeabi_lmul                               
0000aa8d  EUSCI_A_SPI_enable                         
0000aaa3  EUSCI_B_SPI_enable                         
0000aab9  Graphics_setForegroundColor                
0000aacf  Graphics_translateColorOnDisplay           
0000aae5  UART_enableModule                          
0000aafb  Timer32_clearInterruptFlag                 
0000ab0f  UARTPutChar                                
0000ab23  clearScreen                                
0000ab37  Graphics_clearDisplay                      
0000ab59  InitFonts                                  
0000ab67  Timer32_getValue                           
0000ab75  __TI_decompress_none                       
0000ab85  ADC14_enableModule                         
0000ab91  Reset_Handler                              
0000ab9d  UARTGetChar                                
0000aba9  __TI_zero_init                             
0000abb5  initialize_BoosterpackJoystickSelect       
0000abc1  startADC                                   
0000abd7  _system_pre_init                           
0000abdb  C$$EXIT                                    
0000abdb  abort                                      
0000abf0  __TI_Handler_Table_Base                    
0000abfc  __TI_Handler_Table_Limit                   
0000ac08  __TI_CINIT_Base                            
0000ac18  __TI_CINIT_Limit                           
20000400  timer0                                     
20000418  timer1                                     
20000434  Lcd_ScreenHeigth                           
20000436  Lcd_ScreenWidth                            
20000438  Lcd_TouchTrim                              
2000043a  Lcd_FlagRead                               
2000043b  Lcd_FontSolid                              
2000043c  Lcd_Orientation                            
2000043d  Lcd_PenSolid                               
20000440  g_sCrystalfontz128x128                     
2000fe00  __stack                                    
20010000  __STACK_END                                
4000480c  WDTCTL_SYM                                 
ffffffff  __TI_pprof_out_hndl                        
ffffffff  __TI_prof_data_size                        
ffffffff  __TI_prof_data_start                       
ffffffff  __binit__                                  
ffffffff  __c_args__                                 
ffffffff  binit                                      
UNDEFED   __mpu_init                                 
UNDEFED   _system_post_cinit                         

[221 symbols]
