******************************************************************************
                  TI ARM Linker PC v18.1.4                     
******************************************************************************
>> Linked Sat May 25 00:29:51 2019

OUTPUT FILE NAME:   <JustMonika_Chess.out>
ENTRY POINT SYMBOL: "_c_int00_noinit_noargs"  address: 0000015d


MEMORY CONFIGURATION

         name            origin    length      used     unused   attr    fill
----------------------  --------  ---------  --------  --------  ----  --------
  MAIN                  00000000   00040000  000001a4  0003fe5c  R  X
  INFO                  00200000   00004000  00000000  00004000  R  X
  SRAM_CODE             01000000   00010000  00000200  0000fe00  RW X
  SRAM_DATA             20000000   00010000  00000200  0000fe00  RW  


SEGMENT ALLOCATION MAP

run origin  load origin   length   init length attrs members
----------  ----------- ---------- ----------- ----- -------
00000000    00000000    000001a4   000001a4    r-x
  00000000    00000000    000000e4   000000e4    r-- .intvecs
  000000e4    000000e4    000000c0   000000c0    r-x .text
2000fe00    2000fe00    00000200   00000000    rw-
  2000fe00    2000fe00    00000200   00000000    rw- .stack


SECTION ALLOCATION MAP

 output                                  attributes/
section   page    origin      length       input sections
--------  ----  ----------  ----------   ----------------
.intvecs   0    00000000    000000e4     
                  00000000    000000e4     startup_msp432p401r_ccs.obj (.intvecs:retain)

.text      0    000000e4    000000c0     
                  000000e4    00000078     system_msp432p401r.obj (.text:SystemInit)
                  0000015c    00000030     rtsv7M4_T_le_v4SPD16_eabi.lib : boot_cortex_m.c.obj (.text:_c_int00_noinit_noargs:_c_int00_noinit_noargs)
                  0000018c    0000000c     startup_msp432p401r_ccs.obj (.text:Reset_Handler)
                  00000198    00000004     rtsv7M4_T_le_v4SPD16_eabi.lib : pre_init.c.obj (.text:_system_pre_init)
                  0000019c    00000004                                   : exit.c.obj (.text:abort:abort)
                  000001a0    00000002     startup_msp432p401r_ccs.obj (.text:Default_Handler)
                  000001a2    00000002     main.obj (.text:main)

.cinit     0    00000000    00000000     UNINITIALIZED

.init_array 
*          0    00000000    00000000     UNINITIALIZED

.binit     0    00000000    00000000     

.stack     0    2000fe00    00000200     UNINITIALIZED
                  2000fe00    00000004     rtsv7M4_T_le_v4SPD16_eabi.lib : boot_cortex_m.c.obj (.stack)
                  2000fe04    000001fc     --HOLE--

MODULE SUMMARY

       Module                        code   ro data   rw data
       ------                        ----   -------   -------
    .\
       system_msp432p401r.obj        120    0         0      
       main.obj                      2      0         0      
    +--+-----------------------------+------+---------+---------+
       Total:                        122    0         0      
                                                             
    .\ccs\
       startup_msp432p401r_ccs.obj   14     228       0      
    +--+-----------------------------+------+---------+---------+
       Total:                        14     228       0      
                                                             
    C:\ti\ccsv8\tools\compiler\ti-cgt-arm_18.1.4.LTS\lib\rtsv7M4_T_le_v4SPD16_eabi.lib
       boot_cortex_m.c.obj           48     0         0      
       exit.c.obj                    4      0         0      
       pre_init.c.obj                4      0         0      
    +--+-----------------------------+------+---------+---------+
       Total:                        56     0         0      
                                                             
       Stack:                        0      0         1024   
    +--+-----------------------------+------+---------+---------+
       Grand Total:                  192    228       1024   


GLOBAL SYMBOLS: SORTED ALPHABETICALLY BY Name 

address   name                  
-------   ----                  
000001a1  ADC14_IRQHandler      
000001a1  AES256_IRQHandler     
000001a1  BusFault_Handler      
0000019d  C$$EXIT               
000001a1  COMP_E0_IRQHandler    
000001a1  COMP_E1_IRQHandler    
000001a1  CS_IRQHandler         
000001a1  DMA_ERR_IRQHandler    
000001a1  DMA_INT0_IRQHandler   
000001a1  DMA_INT1_IRQHandler   
000001a1  DMA_INT2_IRQHandler   
000001a1  DMA_INT3_IRQHandler   
000001a1  DebugMon_Handler      
000001a1  Default_Handler       
000001a1  EUSCIA0_IRQHandler    
000001a1  EUSCIA1_IRQHandler    
000001a1  EUSCIA2_IRQHandler    
000001a1  EUSCIA3_IRQHandler    
000001a1  EUSCIB0_IRQHandler    
000001a1  EUSCIB1_IRQHandler    
000001a1  EUSCIB2_IRQHandler    
000001a1  EUSCIB3_IRQHandler    
000001a1  FLCTL_IRQHandler      
000001a1  FPU_IRQHandler        
000001a1  HardFault_Handler     
000001a1  MemManage_Handler     
000001a1  NMI_Handler           
000001a1  PCM_IRQHandler        
000001a1  PORT1_IRQHandler      
000001a1  PORT2_IRQHandler      
000001a1  PORT3_IRQHandler      
000001a1  PORT4_IRQHandler      
000001a1  PORT5_IRQHandler      
000001a1  PORT6_IRQHandler      
000001a1  PSS_IRQHandler        
000001a1  PendSV_Handler        
000001a1  RTC_C_IRQHandler      
0000018d  Reset_Handler         
000001a1  SVC_Handler           
000001a1  SysTick_Handler       
000000e5  SystemInit            
000001a1  T32_INT1_IRQHandler   
000001a1  T32_INT2_IRQHandler   
000001a1  T32_INTC_IRQHandler   
000001a1  TA0_0_IRQHandler      
000001a1  TA0_N_IRQHandler      
000001a1  TA1_0_IRQHandler      
000001a1  TA1_N_IRQHandler      
000001a1  TA2_0_IRQHandler      
000001a1  TA2_N_IRQHandler      
000001a1  TA3_0_IRQHandler      
000001a1  TA3_N_IRQHandler      
000001a1  UsageFault_Handler    
4000480c  WDTCTL_SYM            
000001a1  WDT_A_IRQHandler      
20010000  __STACK_END           
00000200  __STACK_SIZE          
ffffffff  __TI_pprof_out_hndl   
ffffffff  __TI_prof_data_size   
ffffffff  __TI_prof_data_start  
00000000  __TI_static_base__    
ffffffff  __binit__             
ffffffff  __c_args__            
UNDEFED   __mpu_init            
2000fe00  __stack               
0000015d  _c_int00_noinit_noargs
00000199  _system_pre_init      
0000019d  abort                 
ffffffff  binit                 
00000000  interruptVectors      
000001a3  main                  


GLOBAL SYMBOLS: SORTED BY Symbol Address 

address   name                  
-------   ----                  
00000000  __TI_static_base__    
00000000  interruptVectors      
000000e5  SystemInit            
0000015d  _c_int00_noinit_noargs
0000018d  Reset_Handler         
00000199  _system_pre_init      
0000019d  C$$EXIT               
0000019d  abort                 
000001a1  ADC14_IRQHandler      
000001a1  AES256_IRQHandler     
000001a1  BusFault_Handler      
000001a1  COMP_E0_IRQHandler    
000001a1  COMP_E1_IRQHandler    
000001a1  CS_IRQHandler         
000001a1  DMA_ERR_IRQHandler    
000001a1  DMA_INT0_IRQHandler   
000001a1  DMA_INT1_IRQHandler   
000001a1  DMA_INT2_IRQHandler   
000001a1  DMA_INT3_IRQHandler   
000001a1  DebugMon_Handler      
000001a1  Default_Handler       
000001a1  EUSCIA0_IRQHandler    
000001a1  EUSCIA1_IRQHandler    
000001a1  EUSCIA2_IRQHandler    
000001a1  EUSCIA3_IRQHandler    
000001a1  EUSCIB0_IRQHandler    
000001a1  EUSCIB1_IRQHandler    
000001a1  EUSCIB2_IRQHandler    
000001a1  EUSCIB3_IRQHandler    
000001a1  FLCTL_IRQHandler      
000001a1  FPU_IRQHandler        
000001a1  HardFault_Handler     
000001a1  MemManage_Handler     
000001a1  NMI_Handler           
000001a1  PCM_IRQHandler        
000001a1  PORT1_IRQHandler      
000001a1  PORT2_IRQHandler      
000001a1  PORT3_IRQHandler      
000001a1  PORT4_IRQHandler      
000001a1  PORT5_IRQHandler      
000001a1  PORT6_IRQHandler      
000001a1  PSS_IRQHandler        
000001a1  PendSV_Handler        
000001a1  RTC_C_IRQHandler      
000001a1  SVC_Handler           
000001a1  SysTick_Handler       
000001a1  T32_INT1_IRQHandler   
000001a1  T32_INT2_IRQHandler   
000001a1  T32_INTC_IRQHandler   
000001a1  TA0_0_IRQHandler      
000001a1  TA0_N_IRQHandler      
000001a1  TA1_0_IRQHandler      
000001a1  TA1_N_IRQHandler      
000001a1  TA2_0_IRQHandler      
000001a1  TA2_N_IRQHandler      
000001a1  TA3_0_IRQHandler      
000001a1  TA3_N_IRQHandler      
000001a1  UsageFault_Handler    
000001a1  WDT_A_IRQHandler      
000001a3  main                  
00000200  __STACK_SIZE          
2000fe00  __stack               
20010000  __STACK_END           
4000480c  WDTCTL_SYM            
ffffffff  __TI_pprof_out_hndl   
ffffffff  __TI_prof_data_size   
ffffffff  __TI_prof_data_start  
ffffffff  __binit__             
ffffffff  __c_args__            
ffffffff  binit                 
UNDEFED   __mpu_init            

[71 symbols]
