<?xml version="1.0" encoding="ISO-8859-1" ?>
<link_info>
   <banner>TI ARM Linker PC v18.1.4.LTS</banner>
   <copyright>Copyright (c) 1996-2018 Texas Instruments Incorporated</copyright>
   <link_time>0x5d64575b</link_time>
   <link_errors>0x0</link_errors>
   <output_file>JustMonika_Chess.out</output_file>
   <entry_point>
      <name>_c_int00_noargs</name>
      <address>0xa4a5</address>
   </entry_point>
   <input_file_list>
      <input_file id="fl-2">
         <path>.\</path>
         <kind>object</kind>
         <file>ADC_HAL.obj</file>
         <name>ADC_HAL.obj</name>
      </input_file>
      <input_file id="fl-3">
         <path>.\</path>
         <kind>object</kind>
         <file>ButtonLED_HAL.obj</file>
         <name>ButtonLED_HAL.obj</name>
      </input_file>
      <input_file id="fl-4">
         <path>.\</path>
         <kind>object</kind>
         <file>Graphics_HAL.obj</file>
         <name>Graphics_HAL.obj</name>
      </input_file>
      <input_file id="fl-5">
         <path>.\</path>
         <kind>object</kind>
         <file>RPG.obj</file>
         <name>RPG.obj</name>
      </input_file>
      <input_file id="fl-6">
         <path>.\</path>
         <kind>object</kind>
         <file>Timer32_HAL.obj</file>
         <name>Timer32_HAL.obj</name>
      </input_file>
      <input_file id="fl-7">
         <path>.\</path>
         <kind>object</kind>
         <file>UART_HAL.obj</file>
         <name>UART_HAL.obj</name>
      </input_file>
      <input_file id="fl-8">
         <path>.\</path>
         <kind>object</kind>
         <file>draculaDefault.obj</file>
         <name>draculaDefault.obj</name>
      </input_file>
      <input_file id="fl-9">
         <path>.\</path>
         <kind>object</kind>
         <file>main.obj</file>
         <name>main.obj</name>
      </input_file>
      <input_file id="fl-a">
         <path>.\</path>
         <kind>object</kind>
         <file>sord.obj</file>
         <name>sord.obj</name>
      </input_file>
      <input_file id="fl-b">
         <path>.\</path>
         <kind>object</kind>
         <file>system_msp432p401r.obj</file>
         <name>system_msp432p401r.obj</name>
      </input_file>
      <input_file id="fl-c">
         <path>.\</path>
         <kind>object</kind>
         <file>title.obj</file>
         <name>title.obj</name>
      </input_file>
      <input_file id="fl-d">
         <path>.\</path>
         <kind>object</kind>
         <file>title_logo.obj</file>
         <name>title_logo.obj</name>
      </input_file>
      <input_file id="fl-e">
         <path>.\LcdDriver\</path>
         <kind>object</kind>
         <file>Crystalfontz128x128_ST7735.obj</file>
         <name>Crystalfontz128x128_ST7735.obj</name>
      </input_file>
      <input_file id="fl-f">
         <path>.\LcdDriver\</path>
         <kind>object</kind>
         <file>HAL_MSP_EXP432P401R_Crystalfontz128x128_ST7735.obj</file>
         <name>HAL_MSP_EXP432P401R_Crystalfontz128x128_ST7735.obj</name>
      </input_file>
      <input_file id="fl-10">
         <path>.\ccs\</path>
         <kind>object</kind>
         <file>startup_msp432p401r_ccs.obj</file>
         <name>startup_msp432p401r_ccs.obj</name>
      </input_file>
      <input_file id="fl-11">
         <path>.\fonts\</path>
         <kind>object</kind>
         <file>fontcmtt16.obj</file>
         <name>fontcmtt16.obj</name>
      </input_file>
      <input_file id="fl-1b">
         <kind>object</kind>
         <file>&lt;internal&gt;</file>
         <name>&lt;internal&gt;</name>
      </input_file>
      <input_file id="fl-1c">
         <path>C:\ti\simplelink_msp432p4_sdk_2_40_00_10\source\ti\grlib\lib\ccs\m4f\</path>
         <kind>archive</kind>
         <file>grlib.a</file>
         <name>circle.obj</name>
      </input_file>
      <input_file id="fl-1d">
         <path>C:\ti\simplelink_msp432p4_sdk_2_40_00_10\source\ti\grlib\lib\ccs\m4f\</path>
         <kind>archive</kind>
         <file>grlib.a</file>
         <name>context.obj</name>
      </input_file>
      <input_file id="fl-1e">
         <path>C:\ti\simplelink_msp432p4_sdk_2_40_00_10\source\ti\grlib\lib\ccs\m4f\</path>
         <kind>archive</kind>
         <file>grlib.a</file>
         <name>display.obj</name>
      </input_file>
      <input_file id="fl-1f">
         <path>C:\ti\simplelink_msp432p4_sdk_2_40_00_10\source\ti\grlib\lib\ccs\m4f\</path>
         <kind>archive</kind>
         <file>grlib.a</file>
         <name>fontcmtt12.obj</name>
      </input_file>
      <input_file id="fl-20">
         <path>C:\ti\simplelink_msp432p4_sdk_2_40_00_10\source\ti\grlib\lib\ccs\m4f\</path>
         <kind>archive</kind>
         <file>grlib.a</file>
         <name>image.obj</name>
      </input_file>
      <input_file id="fl-21">
         <path>C:\ti\simplelink_msp432p4_sdk_2_40_00_10\source\ti\grlib\lib\ccs\m4f\</path>
         <kind>archive</kind>
         <file>grlib.a</file>
         <name>line.obj</name>
      </input_file>
      <input_file id="fl-22">
         <path>C:\ti\simplelink_msp432p4_sdk_2_40_00_10\source\ti\grlib\lib\ccs\m4f\</path>
         <kind>archive</kind>
         <file>grlib.a</file>
         <name>rectangle.obj</name>
      </input_file>
      <input_file id="fl-23">
         <path>C:\ti\simplelink_msp432p4_sdk_2_40_00_10\source\ti\grlib\lib\ccs\m4f\</path>
         <kind>archive</kind>
         <file>grlib.a</file>
         <name>string.obj</name>
      </input_file>
      <input_file id="fl-24">
         <path>C:\ti\simplelink_msp432p4_sdk_2_40_00_10\source\ti\devices\msp432p4xx\driverlib\ccs\</path>
         <kind>archive</kind>
         <file>msp432p4xx_driverlib.lib</file>
         <name>adc14.o</name>
      </input_file>
      <input_file id="fl-25">
         <path>C:\ti\simplelink_msp432p4_sdk_2_40_00_10\source\ti\devices\msp432p4xx\driverlib\ccs\</path>
         <kind>archive</kind>
         <file>msp432p4xx_driverlib.lib</file>
         <name>gpio.o</name>
      </input_file>
      <input_file id="fl-26">
         <path>C:\ti\simplelink_msp432p4_sdk_2_40_00_10\source\ti\devices\msp432p4xx\driverlib\ccs\</path>
         <kind>archive</kind>
         <file>msp432p4xx_driverlib.lib</file>
         <name>interrupt.o</name>
      </input_file>
      <input_file id="fl-27">
         <path>C:\ti\simplelink_msp432p4_sdk_2_40_00_10\source\ti\devices\msp432p4xx\driverlib\ccs\</path>
         <kind>archive</kind>
         <file>msp432p4xx_driverlib.lib</file>
         <name>spi.o</name>
      </input_file>
      <input_file id="fl-28">
         <path>C:\ti\simplelink_msp432p4_sdk_2_40_00_10\source\ti\devices\msp432p4xx\driverlib\ccs\</path>
         <kind>archive</kind>
         <file>msp432p4xx_driverlib.lib</file>
         <name>timer32.o</name>
      </input_file>
      <input_file id="fl-29">
         <path>C:\ti\simplelink_msp432p4_sdk_2_40_00_10\source\ti\devices\msp432p4xx\driverlib\ccs\</path>
         <kind>archive</kind>
         <file>msp432p4xx_driverlib.lib</file>
         <name>uart.o</name>
      </input_file>
      <input_file id="fl-2a">
         <path>C:\ti\simplelink_msp432p4_sdk_2_40_00_10\source\ti\devices\msp432p4xx\driverlib\ccs\</path>
         <kind>archive</kind>
         <file>msp432p4xx_driverlib.lib</file>
         <name>wdt_a.o</name>
      </input_file>
      <input_file id="fl-2b">
         <path>C:\ti\simplelink_msp432p4_sdk_2_40_00_10\source\ti\devices\msp432p4xx\driverlib\ccs\</path>
         <kind>archive</kind>
         <file>msp432p4xx_driverlib.lib</file>
         <name>cpu.o</name>
      </input_file>
      <input_file id="fl-2c">
         <path>C:\ti\simplelink_msp432p4_sdk_2_40_00_10\source\ti\devices\msp432p4xx\driverlib\ccs\</path>
         <kind>archive</kind>
         <file>msp432p4xx_driverlib.lib</file>
         <name>sysctl_a.o</name>
      </input_file>
      <input_file id="fl-e2">
         <path>C:\ti\ccsv8\tools\compiler\ti-cgt-arm_18.1.4.LTS\lib\</path>
         <kind>archive</kind>
         <file>rtsv7M4_T_le_v4SPD16_eabi.lib</file>
         <name>ll_mul_t2.asm.obj</name>
      </input_file>
      <input_file id="fl-e3">
         <path>C:\ti\ccsv8\tools\compiler\ti-cgt-arm_18.1.4.LTS\lib\</path>
         <kind>archive</kind>
         <file>rtsv7M4_T_le_v4SPD16_eabi.lib</file>
         <name>memcpy_t2.asm.obj</name>
      </input_file>
      <input_file id="fl-e4">
         <path>C:\ti\ccsv8\tools\compiler\ti-cgt-arm_18.1.4.LTS\lib\</path>
         <kind>archive</kind>
         <file>rtsv7M4_T_le_v4SPD16_eabi.lib</file>
         <name>memset_t2.asm.obj</name>
      </input_file>
      <input_file id="fl-e5">
         <path>C:\ti\ccsv8\tools\compiler\ti-cgt-arm_18.1.4.LTS\lib\</path>
         <kind>archive</kind>
         <file>rtsv7M4_T_le_v4SPD16_eabi.lib</file>
         <name>copy_zero_init.c.obj</name>
      </input_file>
      <input_file id="fl-e6">
         <path>C:\ti\ccsv8\tools\compiler\ti-cgt-arm_18.1.4.LTS\lib\</path>
         <kind>archive</kind>
         <file>rtsv7M4_T_le_v4SPD16_eabi.lib</file>
         <name>copy_decompress_none.c.obj</name>
      </input_file>
      <input_file id="fl-e7">
         <path>C:\ti\ccsv8\tools\compiler\ti-cgt-arm_18.1.4.LTS\lib\</path>
         <kind>archive</kind>
         <file>rtsv7M4_T_le_v4SPD16_eabi.lib</file>
         <name>copy_decompress_lzss.c.obj</name>
      </input_file>
      <input_file id="fl-e8">
         <path>C:\ti\ccsv8\tools\compiler\ti-cgt-arm_18.1.4.LTS\lib\</path>
         <kind>archive</kind>
         <file>rtsv7M4_T_le_v4SPD16_eabi.lib</file>
         <name>boot_cortex_m.c.obj</name>
      </input_file>
      <input_file id="fl-e9">
         <path>C:\ti\ccsv8\tools\compiler\ti-cgt-arm_18.1.4.LTS\lib\</path>
         <kind>archive</kind>
         <file>rtsv7M4_T_le_v4SPD16_eabi.lib</file>
         <name>exit.c.obj</name>
      </input_file>
      <input_file id="fl-ea">
         <path>C:\ti\ccsv8\tools\compiler\ti-cgt-arm_18.1.4.LTS\lib\</path>
         <kind>archive</kind>
         <file>rtsv7M4_T_le_v4SPD16_eabi.lib</file>
         <name>_lock.c.obj</name>
      </input_file>
      <input_file id="fl-eb">
         <path>C:\ti\ccsv8\tools\compiler\ti-cgt-arm_18.1.4.LTS\lib\</path>
         <kind>archive</kind>
         <file>rtsv7M4_T_le_v4SPD16_eabi.lib</file>
         <name>args_main.c.obj</name>
      </input_file>
      <input_file id="fl-ec">
         <path>C:\ti\ccsv8\tools\compiler\ti-cgt-arm_18.1.4.LTS\lib\</path>
         <kind>archive</kind>
         <file>rtsv7M4_T_le_v4SPD16_eabi.lib</file>
         <name>autoinit.c.obj</name>
      </input_file>
      <input_file id="fl-ed">
         <path>C:\ti\ccsv8\tools\compiler\ti-cgt-arm_18.1.4.LTS\lib\</path>
         <kind>archive</kind>
         <file>rtsv7M4_T_le_v4SPD16_eabi.lib</file>
         <name>pre_init.c.obj</name>
      </input_file>
      <input_file id="fl-ee">
         <path>C:\ti\ccsv8\tools\compiler\ti-cgt-arm_18.1.4.LTS\lib\</path>
         <kind>archive</kind>
         <file>rtsv7M4_T_le_v4SPD16_eabi.lib</file>
         <name>cpy_tbl.c.obj</name>
      </input_file>
   </input_file_list>
   <object_component_list>
      <object_component id="oc-23">
         <name>.intvecs:retain</name>
         <load_address>0x0</load_address>
         <run_address>0x0</run_address>
         <size>0xe4</size>
         <input_file_ref idref="fl-10"/>
      </object_component>
      <object_component id="oc-2ac">
         <name>.text:Graphics_drawString</name>
         <load_address>0x699c</load_address>
         <run_address>0x699c</run_address>
         <size>0x47e</size>
         <input_file_ref idref="fl-23"/>
      </object_component>
      <object_component id="oc-2b8">
         <name>.text:Graphics_drawImage</name>
         <load_address>0x6e1a</load_address>
         <run_address>0x6e1a</run_address>
         <size>0x390</size>
         <input_file_ref idref="fl-20"/>
      </object_component>
      <object_component id="oc-6a">
         <name>.text:Default_Handler</name>
         <load_address>0x71aa</load_address>
         <run_address>0x71aa</run_address>
         <size>0x2</size>
         <input_file_ref idref="fl-10"/>
      </object_component>
      <object_component id="oc-9c">
         <name>.text:main</name>
         <load_address>0x71ac</load_address>
         <run_address>0x71ac</run_address>
         <size>0x258</size>
         <input_file_ref idref="fl-9"/>
      </object_component>
      <object_component id="oc-111">
         <name>.text:battleController</name>
         <load_address>0x7404</load_address>
         <run_address>0x7404</run_address>
         <size>0x24c</size>
         <input_file_ref idref="fl-9"/>
      </object_component>
      <object_component id="oc-10b">
         <name>.text:drawBattleDisplay</name>
         <load_address>0x7650</load_address>
         <run_address>0x7650</run_address>
         <size>0x238</size>
         <input_file_ref idref="fl-4"/>
      </object_component>
      <object_component id="oc-ff">
         <name>.text:Graphics_fillCircle</name>
         <load_address>0x7888</load_address>
         <run_address>0x7888</run_address>
         <size>0x22a</size>
         <input_file_ref idref="fl-1c"/>
      </object_component>
      <object_component id="oc-50d">
         <name>.text:Crystalfontz128x128_PixelDrawMultiple</name>
         <load_address>0x7ab2</load_address>
         <run_address>0x7ab2</run_address>
         <size>0x1d8</size>
         <input_file_ref idref="fl-e"/>
      </object_component>
      <object_component id="oc-105">
         <name>.text:dungeonController</name>
         <load_address>0x7c8c</load_address>
         <run_address>0x7c8c</run_address>
         <size>0x1b8</size>
         <input_file_ref idref="fl-9"/>
      </object_component>
      <object_component id="oc-2b2">
         <name>.text:drawBattleCursor</name>
         <load_address>0x7e44</load_address>
         <run_address>0x7e44</run_address>
         <size>0x184</size>
         <input_file_ref idref="fl-4"/>
      </object_component>
      <object_component id="oc-400">
         <name>.text:_getIndexForMemRegister</name>
         <load_address>0x7fc8</load_address>
         <run_address>0x7fc8</run_address>
         <size>0x160</size>
         <input_file_ref idref="fl-24"/>
      </object_component>
      <object_component id="oc-e7">
         <name>.text:mainMenu</name>
         <load_address>0x8128</load_address>
         <run_address>0x8128</run_address>
         <size>0x148</size>
         <input_file_ref idref="fl-9"/>
      </object_component>
      <object_component id="oc-225">
         <name>.text:consoleHelpDungeon</name>
         <load_address>0x8270</load_address>
         <run_address>0x8270</run_address>
         <size>0x142</size>
         <input_file_ref idref="fl-7"/>
      </object_component>
      <object_component id="oc-5ff">
         <name>.text:Crystalfontz128x128_SetDrawFrame</name>
         <load_address>0x83b4</load_address>
         <run_address>0x83b4</run_address>
         <size>0x134</size>
         <input_file_ref idref="fl-e"/>
      </object_component>
      <object_component id="oc-243">
         <name>.text:drawHelpScreen</name>
         <load_address>0x84e8</load_address>
         <run_address>0x84e8</run_address>
         <size>0x130</size>
         <input_file_ref idref="fl-4"/>
      </object_component>
      <object_component id="oc-4f1">
         <name>.text:Crystalfontz128x128_Init</name>
         <load_address>0x8618</load_address>
         <run_address>0x8618</run_address>
         <size>0x12c</size>
         <input_file_ref idref="fl-e"/>
      </object_component>
      <object_component id="oc-22b">
         <name>.text:consoleHelpBattle</name>
         <load_address>0x8744</load_address>
         <run_address>0x8744</run_address>
         <size>0x126</size>
         <input_file_ref idref="fl-7"/>
      </object_component>
      <object_component id="oc-f3">
         <name>.text:drawDungeonDisplay</name>
         <load_address>0x886c</load_address>
         <run_address>0x886c</run_address>
         <size>0x11c</size>
         <input_file_ref idref="fl-4"/>
      </object_component>
      <object_component id="oc-25d">
         <name>.text:Graphics_fillRectangle</name>
         <load_address>0x8988</load_address>
         <run_address>0x8988</run_address>
         <size>0x112</size>
         <input_file_ref idref="fl-22"/>
      </object_component>
      <object_component id="oc-31c">
         <name>.text:UART_initModule</name>
         <load_address>0x8a9c</load_address>
         <run_address>0x8a9c</run_address>
         <size>0xfc</size>
         <input_file_ref idref="fl-29"/>
      </object_component>
      <object_component id="oc-249">
         <name>.text:drawHighScores</name>
         <load_address>0x8b98</load_address>
         <run_address>0x8b98</run_address>
         <size>0xe0</size>
         <input_file_ref idref="fl-4"/>
      </object_component>
      <object_component id="oc-3d5">
         <name>.text:Debounce</name>
         <load_address>0x8c78</load_address>
         <run_address>0x8c78</run_address>
         <size>0xce</size>
         <input_file_ref idref="fl-3"/>
      </object_component>
      <object_component id="oc-207">
         <name>.text:drawMainMenu</name>
         <load_address>0x8d48</load_address>
         <run_address>0x8d48</run_address>
         <size>0xc4</size>
         <input_file_ref idref="fl-4"/>
      </object_component>
      <object_component id="oc-ae">
         <name>.text:SystemInit</name>
         <load_address>0x8e0c</load_address>
         <run_address>0x8e0c</run_address>
         <size>0xbc</size>
         <input_file_ref idref="fl-b"/>
      </object_component>
      <object_component id="oc-64e">
         <name>.text:SPI_initMaster</name>
         <load_address>0x8ec8</load_address>
         <run_address>0x8ec8</run_address>
         <size>0xb0</size>
         <input_file_ref idref="fl-27"/>
      </object_component>
      <object_component id="oc-200">
         <name>.text:OneShotSWTimerExpired</name>
         <load_address>0x8f78</load_address>
         <run_address>0x8f78</run_address>
         <size>0xaa</size>
         <input_file_ref idref="fl-6"/>
      </object_component>
      <object_component id="oc-33c">
         <name>.text:ADC14_configureMultiSequenceMode</name>
         <load_address>0x9024</load_address>
         <run_address>0x9024</run_address>
         <size>0xa8</size>
         <input_file_ref idref="fl-24"/>
      </object_component>
      <object_component id="oc-349">
         <name>.text:ADC14_configureConversionMemory</name>
         <load_address>0x90cc</load_address>
         <run_address>0x90cc</run_address>
         <size>0xa4</size>
         <input_file_ref idref="fl-24"/>
      </object_component>
      <object_component id="oc-2a0">
         <name>.text:Graphics_drawRectangle</name>
         <load_address>0x9170</load_address>
         <run_address>0x9170</run_address>
         <size>0xa2</size>
         <input_file_ref idref="fl-22"/>
      </object_component>
      <object_component id="oc-51f">
         <name>.text:Crystalfontz128x128_RectFill</name>
         <load_address>0x9212</load_address>
         <run_address>0x9212</run_address>
         <size>0x9c</size>
         <input_file_ref idref="fl-e"/>
      </object_component>
      <object_component id="oc-273">
         <name>.text:Graphics_drawLineH</name>
         <load_address>0x92ae</load_address>
         <run_address>0x92ae</run_address>
         <size>0x9c</size>
         <input_file_ref idref="fl-21"/>
      </object_component>
      <object_component id="oc-435">
         <name>.text:Graphics_drawLineV</name>
         <load_address>0x934a</load_address>
         <run_address>0x934a</run_address>
         <size>0x9c</size>
         <input_file_ref idref="fl-21"/>
      </object_component>
      <object_component id="oc-34">
         <name>.text</name>
         <load_address>0x93e6</load_address>
         <run_address>0x93e6</run_address>
         <size>0x9c</size>
         <input_file_ref idref="fl-e3"/>
      </object_component>
      <object_component id="oc-328">
         <name>.text:GPIO_setAsPeripheralModuleFunctionInputPin</name>
         <load_address>0x9484</load_address>
         <run_address>0x9484</run_address>
         <size>0x88</size>
         <input_file_ref idref="fl-25"/>
      </object_component>
      <object_component id="oc-641">
         <name>.text:GPIO_setAsPeripheralModuleFunctionOutputPin</name>
         <load_address>0x950c</load_address>
         <run_address>0x950c</run_address>
         <size>0x88</size>
         <input_file_ref idref="fl-25"/>
      </object_component>
      <object_component id="oc-db">
         <name>.text:initialize</name>
         <load_address>0x9594</load_address>
         <run_address>0x9594</run_address>
         <size>0x88</size>
         <input_file_ref idref="fl-9"/>
      </object_component>
      <object_component id="oc-4b7">
         <name>.text:Interrupt_enableInterrupt</name>
         <load_address>0x961c</load_address>
         <run_address>0x961c</run_address>
         <size>0x80</size>
         <input_file_ref idref="fl-26"/>
      </object_component>
      <object_component id="oc-237">
         <name>.text:drawMenuCursor</name>
         <load_address>0x969c</load_address>
         <run_address>0x969c</run_address>
         <size>0x80</size>
         <input_file_ref idref="fl-4"/>
      </object_component>
      <object_component id="oc-90">
         <name>.text</name>
         <load_address>0x971c</load_address>
         <run_address>0x971c</run_address>
         <size>0x7a</size>
         <input_file_ref idref="fl-e4"/>
      </object_component>
      <object_component id="oc-27b">
         <name>.text:debouncedJoystickPushRight</name>
         <load_address>0x9798</load_address>
         <run_address>0x9798</run_address>
         <size>0x70</size>
         <input_file_ref idref="fl-2"/>
      </object_component>
      <object_component id="oc-231">
         <name>.text:debouncedJoystickPushUp</name>
         <load_address>0x9808</load_address>
         <run_address>0x9808</run_address>
         <size>0x70</size>
         <input_file_ref idref="fl-2"/>
      </object_component>
      <object_component id="oc-461">
         <name>.text:Graphics_convertPalette</name>
         <load_address>0x9878</load_address>
         <run_address>0x9878</run_address>
         <size>0x6c</size>
         <input_file_ref idref="fl-20"/>
      </object_component>
      <object_component id="oc-23d">
         <name>.text:debouncedJoystickPushDown</name>
         <load_address>0x98e4</load_address>
         <run_address>0x98e4</run_address>
         <size>0x6c</size>
         <input_file_ref idref="fl-2"/>
      </object_component>
      <object_component id="oc-281">
         <name>.text:debouncedJoystickPushLeft</name>
         <load_address>0x9950</load_address>
         <run_address>0x9950</run_address>
         <size>0x6c</size>
         <input_file_ref idref="fl-2"/>
      </object_component>
      <object_component id="oc-4b1">
         <name>.text:Timer32_initModule</name>
         <load_address>0x99bc</load_address>
         <run_address>0x99bc</run_address>
         <size>0x68</size>
         <input_file_ref idref="fl-28"/>
      </object_component>
      <object_component id="oc-14">
         <name>.text:decompress:lzss:__TI_decompress_lzss</name>
         <load_address>0x9a24</load_address>
         <run_address>0x9a24</run_address>
         <size>0x68</size>
         <input_file_ref idref="fl-e7"/>
      </object_component>
      <object_component id="oc-1d8">
         <name>.text:consoleIntro</name>
         <load_address>0x9a8c</load_address>
         <run_address>0x9a8c</run_address>
         <size>0x66</size>
         <input_file_ref idref="fl-7"/>
      </object_component>
      <object_component id="oc-1ae">
         <name>.text:initHWTimer0</name>
         <load_address>0x9af4</load_address>
         <run_address>0x9af4</run_address>
         <size>0x64</size>
         <input_file_ref idref="fl-6"/>
      </object_component>
      <object_component id="oc-1b4">
         <name>.text:initHWTimer1</name>
         <load_address>0x9b58</load_address>
         <run_address>0x9b58</run_address>
         <size>0x64</size>
         <input_file_ref idref="fl-6"/>
      </object_component>
      <object_component id="oc-513">
         <name>.text:Crystalfontz128x128_LineDrawH</name>
         <load_address>0x9bbc</load_address>
         <run_address>0x9bbc</run_address>
         <size>0x60</size>
         <input_file_ref idref="fl-e"/>
      </object_component>
      <object_component id="oc-519">
         <name>.text:Crystalfontz128x128_LineDrawV</name>
         <load_address>0x9c1c</load_address>
         <run_address>0x9c1c</run_address>
         <size>0x60</size>
         <input_file_ref idref="fl-e"/>
      </object_component>
      <object_component id="oc-44b">
         <name>.text:clearInfoBox</name>
         <load_address>0x9c7c</load_address>
         <run_address>0x9c7c</run_address>
         <size>0x5e</size>
         <input_file_ref idref="fl-4"/>
      </object_component>
      <object_component id="oc-35d">
         <name>.text:GPIO_setAsInputPinWithPullUpResistor</name>
         <load_address>0x9cdc</load_address>
         <run_address>0x9cdc</run_address>
         <size>0x58</size>
         <input_file_ref idref="fl-25"/>
      </object_component>
      <object_component id="oc-20d">
         <name>.text:setupRandom</name>
         <load_address>0x9d34</load_address>
         <run_address>0x9d34</run_address>
         <size>0x58</size>
         <input_file_ref idref="fl-2"/>
      </object_component>
      <object_component id="oc-1e4">
         <name>.text:initGame</name>
         <load_address>0x9d8c</load_address>
         <run_address>0x9d8c</run_address>
         <size>0x56</size>
         <input_file_ref idref="fl-5"/>
      </object_component>
      <object_component id="oc-314">
         <name>.text:startHWTimer</name>
         <load_address>0x9de2</load_address>
         <run_address>0x9de2</run_address>
         <size>0x56</size>
         <input_file_ref idref="fl-6"/>
      </object_component>
      <object_component id="oc-336">
         <name>.text:ADC14_initModule</name>
         <load_address>0x9e38</load_address>
         <run_address>0x9e38</run_address>
         <size>0x54</size>
         <input_file_ref idref="fl-24"/>
      </object_component>
      <object_component id="oc-4f7">
         <name>.text:Crystalfontz128x128_SetOrientation</name>
         <load_address>0x9e8c</load_address>
         <run_address>0x9e8c</run_address>
         <size>0x54</size>
         <input_file_ref idref="fl-e"/>
      </object_component>
      <object_component id="oc-370">
         <name>.text:Graphics_initContext</name>
         <load_address>0x9ee0</load_address>
         <run_address>0x9ee0</run_address>
         <size>0x52</size>
         <input_file_ref idref="fl-1d"/>
      </object_component>
      <object_component id="oc-28d">
         <name>.text:moveRichterDown</name>
         <load_address>0x9f32</load_address>
         <run_address>0x9f32</run_address>
         <size>0x4e</size>
         <input_file_ref idref="fl-4"/>
      </object_component>
      <object_component id="oc-299">
         <name>.text:moveRichterLeft</name>
         <load_address>0x9f80</load_address>
         <run_address>0x9f80</run_address>
         <size>0x4e</size>
         <input_file_ref idref="fl-4"/>
      </object_component>
      <object_component id="oc-293">
         <name>.text:moveRichterRight</name>
         <load_address>0x9fce</load_address>
         <run_address>0x9fce</run_address>
         <size>0x4e</size>
         <input_file_ref idref="fl-4"/>
      </object_component>
      <object_component id="oc-287">
         <name>.text:moveRichterUp</name>
         <load_address>0xa01c</load_address>
         <run_address>0xa01c</run_address>
         <size>0x4e</size>
         <input_file_ref idref="fl-4"/>
      </object_component>
      <object_component id="oc-21f">
         <name>.text:ButtonPushed</name>
         <load_address>0xa06a</load_address>
         <run_address>0xa06a</run_address>
         <size>0x4c</size>
         <input_file_ref idref="fl-3"/>
      </object_component>
      <object_component id="oc-42b">
         <name>.text:clear_player</name>
         <load_address>0xa0b8</load_address>
         <run_address>0xa0b8</run_address>
         <size>0x4c</size>
         <input_file_ref idref="fl-4"/>
      </object_component>
      <object_component id="oc-364">
         <name>.text:writeString</name>
         <load_address>0xa104</load_address>
         <run_address>0xa104</run_address>
         <size>0x4c</size>
         <input_file_ref idref="fl-7"/>
      </object_component>
      <object_component id="oc-2be">
         <name>.text:make_3digit_NumString</name>
         <load_address>0xa150</load_address>
         <run_address>0xa150</run_address>
         <size>0x4a</size>
         <input_file_ref idref="fl-4"/>
      </object_component>
      <object_component id="oc-2e0">
         <name>.text:initButton</name>
         <load_address>0xa19c</load_address>
         <run_address>0xa19c</run_address>
         <size>0x48</size>
         <input_file_ref idref="fl-3"/>
      </object_component>
      <object_component id="oc-467">
         <name>.text:Graphics_drawMultiplePixelsOnDisplay</name>
         <load_address>0xa1e4</load_address>
         <run_address>0xa1e4</run_address>
         <size>0x46</size>
         <input_file_ref idref="fl-1e"/>
      </object_component>
      <object_component id="oc-136">
         <name>.text:__TI_auto_init_nobinit_nopinit:__TI_auto_init_nobinit_nopinit</name>
         <load_address>0xa22c</load_address>
         <run_address>0xa22c</run_address>
         <size>0x44</size>
         <input_file_ref idref="fl-ec"/>
      </object_component>
      <object_component id="oc-263">
         <name>.text:drawMaroonSquare</name>
         <load_address>0xa270</load_address>
         <run_address>0xa270</run_address>
         <size>0x44</size>
         <input_file_ref idref="fl-4"/>
      </object_component>
      <object_component id="oc-507">
         <name>.text:Crystalfontz128x128_PixelDraw</name>
         <load_address>0xa2b4</load_address>
         <run_address>0xa2b4</run_address>
         <size>0x40</size>
         <input_file_ref idref="fl-e"/>
      </object_component>
      <object_component id="oc-647">
         <name>.text:GPIO_setAsOutputPin</name>
         <load_address>0xa2f4</load_address>
         <run_address>0xa2f4</run_address>
         <size>0x40</size>
         <input_file_ref idref="fl-25"/>
      </object_component>
      <object_component id="oc-43d">
         <name>.text:Graphics_getNumberOfLeadingZeros</name>
         <load_address>0xa334</load_address>
         <run_address>0xa334</run_address>
         <size>0x40</size>
         <input_file_ref idref="fl-23"/>
      </object_component>
      <object_component id="oc-5e1">
         <name>.text:HAL_LCD_SpiInit</name>
         <load_address>0xa374</load_address>
         <run_address>0xa374</run_address>
         <size>0x40</size>
         <input_file_ref idref="fl-f"/>
      </object_component>
      <object_component id="oc-1de">
         <name>.text:initGraphics</name>
         <load_address>0xa3b4</load_address>
         <run_address>0xa3b4</run_address>
         <size>0x40</size>
         <input_file_ref idref="fl-4"/>
      </object_component>
      <object_component id="oc-66e">
         <name>.text:is_A_Module</name>
         <load_address>0xa3f4</load_address>
         <run_address>0xa3f4</run_address>
         <size>0x40</size>
         <input_file_ref idref="fl-27"/>
      </object_component>
      <object_component id="oc-5f3">
         <name>.text:HAL_LCD_writeCommand</name>
         <load_address>0xa434</load_address>
         <run_address>0xa434</run_address>
         <size>0x38</size>
         <input_file_ref idref="fl-f"/>
      </object_component>
      <object_component id="oc-4c3">
         <name>.text:Timer32_startTimer</name>
         <load_address>0xa46c</load_address>
         <run_address>0xa46c</run_address>
         <size>0x38</size>
         <input_file_ref idref="fl-28"/>
      </object_component>
      <object_component id="oc-52">
         <name>.text:_c_int00_noargs:_c_int00_noargs</name>
         <load_address>0xa4a4</load_address>
         <run_address>0xa4a4</run_address>
         <size>0x38</size>
         <input_file_ref idref="fl-e8"/>
      </object_component>
      <object_component id="oc-41f">
         <name>.text:Graphics_drawHorizontalLineOnDisplay</name>
         <load_address>0xa4dc</load_address>
         <run_address>0xa4dc</run_address>
         <size>0x36</size>
         <input_file_ref idref="fl-1e"/>
      </object_component>
      <object_component id="oc-58d">
         <name>.text:Graphics_drawVerticalLineOnDisplay</name>
         <load_address>0xa512</load_address>
         <run_address>0xa512</run_address>
         <size>0x36</size>
         <input_file_ref idref="fl-1e"/>
      </object_component>
      <object_component id="oc-342">
         <name>.text:ADC14_enableSampleTimer</name>
         <load_address>0xa548</load_address>
         <run_address>0xa548</run_address>
         <size>0x34</size>
         <input_file_ref idref="fl-24"/>
      </object_component>
      <object_component id="oc-4bd">
         <name>.text:Timer32_setCount</name>
         <load_address>0xa57c</load_address>
         <run_address>0xa57c</run_address>
         <size>0x34</size>
         <input_file_ref idref="fl-28"/>
      </object_component>
      <object_component id="oc-5d4">
         <name>.text:UART_transmitData</name>
         <load_address>0xa5b0</load_address>
         <run_address>0xa5b0</run_address>
         <size>0x34</size>
         <input_file_ref idref="fl-29"/>
      </object_component>
      <object_component id="oc-e1">
         <name>.text:splashScreen</name>
         <load_address>0xa5e4</load_address>
         <run_address>0xa5e4</run_address>
         <size>0x34</size>
         <input_file_ref idref="fl-9"/>
      </object_component>
      <object_component id="oc-56a">
         <name>.text:GPIO_getInputPinValue</name>
         <load_address>0xa618</load_address>
         <run_address>0xa618</run_address>
         <size>0x30</size>
         <input_file_ref idref="fl-25"/>
      </object_component>
      <object_component id="oc-5db">
         <name>.text:HAL_LCD_PortInit</name>
         <load_address>0xa648</load_address>
         <run_address>0xa648</run_address>
         <size>0x30</size>
         <input_file_ref idref="fl-f"/>
      </object_component>
      <object_component id="oc-3ce">
         <name>.text:UART_receiveData</name>
         <load_address>0xa678</load_address>
         <run_address>0xa678</run_address>
         <size>0x30</size>
         <input_file_ref idref="fl-29"/>
      </object_component>
      <object_component id="oc-1c6">
         <name>.text:initJoyStick</name>
         <load_address>0xa6a8</load_address>
         <run_address>0xa6a8</run_address>
         <size>0x30</size>
         <input_file_ref idref="fl-2"/>
      </object_component>
      <object_component id="oc-356">
         <name>.text:ADC14_toggleConversionTrigger</name>
         <load_address>0xa6d8</load_address>
         <run_address>0xa6d8</run_address>
         <size>0x2c</size>
         <input_file_ref idref="fl-24"/>
      </object_component>
      <object_component id="oc-531">
         <name>.text:Crystalfontz128x128_ClearScreen</name>
         <load_address>0xa704</load_address>
         <run_address>0xa704</run_address>
         <size>0x2c</size>
         <input_file_ref idref="fl-e"/>
      </object_component>
      <object_component id="oc-443">
         <name>.text:Graphics_drawPixelOnDisplay</name>
         <load_address>0xa730</load_address>
         <run_address>0xa730</run_address>
         <size>0x2c</size>
         <input_file_ref idref="fl-1e"/>
      </object_component>
      <object_component id="oc-5f9">
         <name>.text:HAL_LCD_writeData</name>
         <load_address>0xa75c</load_address>
         <run_address>0xa75c</run_address>
         <size>0x2c</size>
         <input_file_ref idref="fl-f"/>
      </object_component>
      <object_component id="oc-1ba">
         <name>.text:InitUART</name>
         <load_address>0xa788</load_address>
         <run_address>0xa788</run_address>
         <size>0x2a</size>
         <input_file_ref idref="fl-7"/>
      </object_component>
      <object_component id="oc-350">
         <name>.text:ADC14_enableConversion</name>
         <load_address>0xa7b4</load_address>
         <run_address>0xa7b4</run_address>
         <size>0x28</size>
         <input_file_ref idref="fl-24"/>
      </object_component>
      <object_component id="oc-525">
         <name>.text:Crystalfontz128x128_ColorTranslate</name>
         <load_address>0xa7dc</load_address>
         <run_address>0xa7dc</run_address>
         <size>0x28</size>
         <input_file_ref idref="fl-e"/>
      </object_component>
      <object_component id="oc-5ed">
         <name>.text:GPIO_setOutputHighOnPin</name>
         <load_address>0xa804</load_address>
         <run_address>0xa804</run_address>
         <size>0x28</size>
         <input_file_ref idref="fl-25"/>
      </object_component>
      <object_component id="oc-5e7">
         <name>.text:GPIO_setOutputLowOnPin</name>
         <load_address>0xa82c</load_address>
         <run_address>0xa82c</run_address>
         <size>0x28</size>
         <input_file_ref idref="fl-25"/>
      </object_component>
      <object_component id="oc-395">
         <name>.text:WaitCycles</name>
         <load_address>0xa854</load_address>
         <run_address>0xa854</run_address>
         <size>0x26</size>
         <input_file_ref idref="fl-6"/>
      </object_component>
      <object_component id="oc-4e2">
         <name>.text:UARTCanSend</name>
         <load_address>0xa87c</load_address>
         <run_address>0xa87c</run_address>
         <size>0x24</size>
         <input_file_ref idref="fl-7"/>
      </object_component>
      <object_component id="oc-1a8">
         <name>.text:WDT_A_holdTimer</name>
         <load_address>0xa8a0</load_address>
         <run_address>0xa8a0</run_address>
         <size>0x24</size>
         <input_file_ref idref="fl-2a"/>
      </object_component>
      <object_component id="oc-1c0">
         <name>.text:initADC</name>
         <load_address>0xa8c4</load_address>
         <run_address>0xa8c4</run_address>
         <size>0x24</size>
         <input_file_ref idref="fl-2"/>
      </object_component>
      <object_component id="oc-3c0">
         <name>.text:createRandomBit</name>
         <load_address>0xa8e8</load_address>
         <run_address>0xa8e8</run_address>
         <size>0x22</size>
         <input_file_ref idref="fl-2"/>
      </object_component>
      <object_component id="oc-40b">
         <name>.text:Graphics_fillRectangleOnDisplay</name>
         <load_address>0xa90a</load_address>
         <run_address>0xa90a</run_address>
         <size>0x1e</size>
         <input_file_ref idref="fl-1e"/>
      </object_component>
      <object_component id="oc-1ee">
         <name>.text:InitOneShotSWTimer</name>
         <load_address>0xa928</load_address>
         <run_address>0xa928</run_address>
         <size>0x1e</size>
         <input_file_ref idref="fl-6"/>
      </object_component>
      <object_component id="oc-1f4">
         <name>.text:StartOneShotSWTimer</name>
         <load_address>0xa946</load_address>
         <run_address>0xa946</run_address>
         <size>0x1e</size>
         <input_file_ref idref="fl-6"/>
      </object_component>
      <object_component id="oc-213">
         <name>.text:UARTHasChar</name>
         <load_address>0xa964</load_address>
         <run_address>0xa964</run_address>
         <size>0x1e</size>
         <input_file_ref idref="fl-7"/>
      </object_component>
      <object_component id="oc-250">
         <name>.text:ADC14_getResult</name>
         <load_address>0xa984</load_address>
         <run_address>0xa984</run_address>
         <size>0x1c</size>
         <input_file_ref idref="fl-24"/>
      </object_component>
      <object_component id="oc-654">
         <name>.text:SPI_enableModule</name>
         <load_address>0xa9a0</load_address>
         <run_address>0xa9a0</run_address>
         <size>0x1c</size>
         <input_file_ref idref="fl-27"/>
      </object_component>
      <object_component id="oc-70">
         <name>.text:T32_INT1_IRQHandler</name>
         <load_address>0xa9bc</load_address>
         <run_address>0xa9bc</run_address>
         <size>0x1c</size>
         <input_file_ref idref="fl-6"/>
      </object_component>
      <object_component id="oc-ed">
         <name>.text:getSampleJoyStick</name>
         <load_address>0xa9d8</load_address>
         <run_address>0xa9d8</run_address>
         <size>0x1c</size>
         <input_file_ref idref="fl-2"/>
      </object_component>
      <object_component id="oc-4fe">
         <name>.text:Graphics_clearDisplayOnDisplay</name>
         <load_address>0xa9f4</load_address>
         <run_address>0xa9f4</run_address>
         <size>0x1a</size>
         <input_file_ref idref="fl-1e"/>
      </object_component>
      <object_component id="oc-2a6">
         <name>.text:Graphics_setBackgroundColor</name>
         <load_address>0xaa0e</load_address>
         <run_address>0xaa0e</run_address>
         <size>0x1a</size>
         <input_file_ref idref="fl-1d"/>
      </object_component>
      <object_component id="oc-376">
         <name>.text:Graphics_setFont</name>
         <load_address>0xaa28</load_address>
         <run_address>0xaa28</run_address>
         <size>0x1a</size>
         <input_file_ref idref="fl-1d"/>
      </object_component>
      <object_component id="oc-3c7">
         <name>.text:UART_getInterruptStatus</name>
         <load_address>0xaa42</load_address>
         <run_address>0xaa42</run_address>
         <size>0x18</size>
         <input_file_ref idref="fl-29"/>
      </object_component>
      <object_component id="oc-1fa">
         <name>.text:drawOpeningSplash</name>
         <load_address>0xaa5c</load_address>
         <run_address>0xaa5c</run_address>
         <size>0x18</size>
         <input_file_ref idref="fl-4"/>
      </object_component>
      <object_component id="oc-3a7">
         <name>.text</name>
         <load_address>0xaa74</load_address>
         <run_address>0xaa74</run_address>
         <size>0x18</size>
         <input_file_ref idref="fl-e2"/>
      </object_component>
      <object_component id="oc-676">
         <name>.text:EUSCI_A_SPI_enable</name>
         <load_address>0xaa8c</load_address>
         <run_address>0xaa8c</run_address>
         <size>0x16</size>
         <input_file_ref idref="fl-27"/>
      </object_component>
      <object_component id="oc-67c">
         <name>.text:EUSCI_B_SPI_enable</name>
         <load_address>0xaaa2</load_address>
         <run_address>0xaaa2</run_address>
         <size>0x16</size>
         <input_file_ref idref="fl-27"/>
      </object_component>
      <object_component id="oc-f9">
         <name>.text:Graphics_setForegroundColor</name>
         <load_address>0xaab8</load_address>
         <run_address>0xaab8</run_address>
         <size>0x16</size>
         <input_file_ref idref="fl-1d"/>
      </object_component>
      <object_component id="oc-26b">
         <name>.text:Graphics_translateColorOnDisplay</name>
         <load_address>0xaace</load_address>
         <run_address>0xaace</run_address>
         <size>0x16</size>
         <input_file_ref idref="fl-1e"/>
      </object_component>
      <object_component id="oc-322">
         <name>.text:UART_enableModule</name>
         <load_address>0xaae4</load_address>
         <run_address>0xaae4</run_address>
         <size>0x16</size>
         <input_file_ref idref="fl-29"/>
      </object_component>
      <object_component id="oc-b6">
         <name>.text:Timer32_clearInterruptFlag</name>
         <load_address>0xaafa</load_address>
         <run_address>0xaafa</run_address>
         <size>0x14</size>
         <input_file_ref idref="fl-28"/>
      </object_component>
      <object_component id="oc-4e8">
         <name>.text:UARTPutChar</name>
         <load_address>0xab0e</load_address>
         <run_address>0xab0e</run_address>
         <size>0x14</size>
         <input_file_ref idref="fl-7"/>
      </object_component>
      <object_component id="oc-257">
         <name>.text:clearScreen</name>
         <load_address>0xab22</load_address>
         <run_address>0xab22</run_address>
         <size>0x14</size>
         <input_file_ref idref="fl-4"/>
      </object_component>
      <object_component id="oc-382">
         <name>.text:Graphics_clearDisplay</name>
         <load_address>0xab36</load_address>
         <run_address>0xab36</run_address>
         <size>0x12</size>
         <input_file_ref idref="fl-1d"/>
      </object_component>
      <object_component id="oc-4d4">
         <name>.text:ADCIsConversionRunning</name>
         <load_address>0xab48</load_address>
         <run_address>0xab48</run_address>
         <size>0x10</size>
         <input_file_ref idref="fl-24"/>
      </object_component>
      <object_component id="oc-37c">
         <name>.text:InitFonts</name>
         <load_address>0xab58</load_address>
         <run_address>0xab58</run_address>
         <size>0xe</size>
         <input_file_ref idref="fl-4"/>
      </object_component>
      <object_component id="oc-39c">
         <name>.text:Timer32_getValue</name>
         <load_address>0xab66</load_address>
         <run_address>0xab66</run_address>
         <size>0xe</size>
         <input_file_ref idref="fl-28"/>
      </object_component>
      <object_component id="oc-1a">
         <name>.text:decompress:none:__TI_decompress_none</name>
         <load_address>0xab74</load_address>
         <run_address>0xab74</run_address>
         <size>0xe</size>
         <input_file_ref idref="fl-e6"/>
      </object_component>
      <object_component id="oc-330">
         <name>.text:ADC14_enableModule</name>
         <load_address>0xab84</load_address>
         <run_address>0xab84</run_address>
         <size>0xc</size>
         <input_file_ref idref="fl-24"/>
      </object_component>
      <object_component id="oc-64">
         <name>.text:Reset_Handler</name>
         <load_address>0xab90</load_address>
         <run_address>0xab90</run_address>
         <size>0xc</size>
         <input_file_ref idref="fl-10"/>
      </object_component>
      <object_component id="oc-219">
         <name>.text:UARTGetChar</name>
         <load_address>0xab9c</load_address>
         <run_address>0xab9c</run_address>
         <size>0xc</size>
         <input_file_ref idref="fl-7"/>
      </object_component>
      <object_component id="oc-46">
         <name>.text:decompress:ZI:__TI_zero_init</name>
         <load_address>0xaba8</load_address>
         <run_address>0xaba8</run_address>
         <size>0xc</size>
         <input_file_ref idref="fl-e5"/>
      </object_component>
      <object_component id="oc-1d2">
         <name>.text:initialize_BoosterpackJoystickSelect</name>
         <load_address>0xabb4</load_address>
         <run_address>0xabb4</run_address>
         <size>0xc</size>
         <input_file_ref idref="fl-3"/>
      </object_component>
      <object_component id="oc-1cc">
         <name>.text:startADC</name>
         <load_address>0xabc0</load_address>
         <run_address>0xabc0</run_address>
         <size>0xc</size>
         <input_file_ref idref="fl-2"/>
      </object_component>
      <object_component id="oc-52b">
         <name>.text:Crystalfontz128x128_Flush</name>
         <load_address>0xabcc</load_address>
         <run_address>0xabcc</run_address>
         <size>0xa</size>
         <input_file_ref idref="fl-e"/>
      </object_component>
      <object_component id="oc-96">
         <name>.text:_system_pre_init</name>
         <load_address>0xabd6</load_address>
         <run_address>0xabd6</run_address>
         <size>0x4</size>
         <input_file_ref idref="fl-ed"/>
      </object_component>
      <object_component id="oc-12a">
         <name>.text:abort:abort</name>
         <load_address>0xabda</load_address>
         <run_address>0xabda</run_address>
         <size>0x4</size>
         <input_file_ref idref="fl-e9"/>
      </object_component>
      <object_component id="oc-546">
         <name>.const:.string:pixel_title8BPP_UNCOMP</name>
         <load_address>0xe4</load_address>
         <run_address>0xe4</run_address>
         <size>0x4000</size>
         <input_file_ref idref="fl-c"/>
      </object_component>
      <object_component id="oc-550">
         <name>.const:.string:pixel_title_logo4BPP_UNCOMP</name>
         <load_address>0x40e4</load_address>
         <run_address>0x40e4</run_address>
         <size>0xc30</size>
         <input_file_ref idref="fl-d"/>
      </object_component>
      <object_component id="oc-479">
         <name>.const:.string:pixel_draculaDefault8BPP_UNCOMP</name>
         <load_address>0x4d14</load_address>
         <run_address>0x4d14</run_address>
         <size>0x910</size>
         <input_file_ref idref="fl-8"/>
      </object_component>
      <object_component id="oc-53b">
         <name>.const:.string:g_pucCmtt12Data</name>
         <load_address>0x5624</load_address>
         <run_address>0x5624</run_address>
         <size>0x521</size>
         <input_file_ref idref="fl-1f"/>
      </object_component>
      <object_component id="oc-476">
         <name>.const:palette_draculaDefault8BPP_UNCOMP</name>
         <load_address>0x5b48</load_address>
         <run_address>0x5b48</run_address>
         <size>0x400</size>
         <input_file_ref idref="fl-8"/>
      </object_component>
      <object_component id="oc-543">
         <name>.const:palette_title8BPP_UNCOMP</name>
         <load_address>0x5f48</load_address>
         <run_address>0x5f48</run_address>
         <size>0x400</size>
         <input_file_ref idref="fl-c"/>
      </object_component>
      <object_component id="oc-38e">
         <name>.const:g_sFontCmtt12</name>
         <load_address>0x6348</load_address>
         <run_address>0x6348</run_address>
         <size>0xc8</size>
         <input_file_ref idref="fl-1f"/>
      </object_component>
      <object_component id="oc-406">
         <name>.const:_ctlRegs</name>
         <load_address>0x6410</load_address>
         <run_address>0x6410</run_address>
         <size>0x80</size>
         <input_file_ref idref="fl-24"/>
      </object_component>
      <object_component id="oc-561">
         <name>.const:.string:pixel_sord4BPP_UNCOMP</name>
         <load_address>0x6490</load_address>
         <run_address>0x6490</run_address>
         <size>0x64</size>
         <input_file_ref idref="fl-a"/>
      </object_component>
      <object_component id="oc-55e">
         <name>.const:palette_sord4BPP_UNCOMP</name>
         <load_address>0x64f4</load_address>
         <run_address>0x64f4</run_address>
         <size>0x40</size>
         <input_file_ref idref="fl-a"/>
      </object_component>
      <object_component id="oc-54d">
         <name>.const:palette_title_logo4BPP_UNCOMP</name>
         <load_address>0x6534</load_address>
         <run_address>0x6534</run_address>
         <size>0x40</size>
         <input_file_ref idref="fl-d"/>
      </object_component>
      <object_component id="oc-4cd">
         <name>.const:GPIO_PORT_TO_BASE</name>
         <load_address>0x6574</load_address>
         <run_address>0x6574</run_address>
         <size>0x30</size>
         <input_file_ref idref="fl-25"/>
      </object_component>
      <object_component id="oc-1ea">
         <name>.const:$P$T1$2</name>
         <load_address>0x65a4</load_address>
         <run_address>0x65a4</run_address>
         <size>0x24</size>
         <input_file_ref idref="fl-9"/>
      </object_component>
      <object_component id="oc-38b">
         <name>.const:g_sCrystalfontz128x128_funcs</name>
         <load_address>0x65c8</load_address>
         <run_address>0x65c8</run_address>
         <size>0x20</size>
         <input_file_ref idref="fl-e"/>
      </object_component>
      <object_component id="oc-3b0">
         <name>.const:.string:$P$T0$1</name>
         <load_address>0x65e8</load_address>
         <run_address>0x65e8</run_address>
         <size>0x1e</size>
         <input_file_ref idref="fl-4"/>
      </object_component>
      <object_component id="oc-3b3">
         <name>.const:.string:$P$T1$2</name>
         <load_address>0x6606</load_address>
         <run_address>0x6606</run_address>
         <size>0x1e</size>
         <input_file_ref idref="fl-4"/>
      </object_component>
      <object_component id="oc-3f5">
         <name>.const:.string:$P$T10$11</name>
         <load_address>0x6624</load_address>
         <run_address>0x6624</run_address>
         <size>0x1e</size>
         <input_file_ref idref="fl-4"/>
      </object_component>
      <object_component id="oc-3f8">
         <name>.const:.string:$P$T11$12</name>
         <load_address>0x6642</load_address>
         <run_address>0x6642</run_address>
         <size>0x1e</size>
         <input_file_ref idref="fl-4"/>
      </object_component>
      <object_component id="oc-2c4">
         <name>.const:.string:$P$T12$13</name>
         <load_address>0x6660</load_address>
         <run_address>0x6660</run_address>
         <size>0x1e</size>
         <input_file_ref idref="fl-4"/>
      </object_component>
      <object_component id="oc-2c7">
         <name>.const:.string:$P$T13$14</name>
         <load_address>0x667e</load_address>
         <run_address>0x667e</run_address>
         <size>0x1e</size>
         <input_file_ref idref="fl-4"/>
      </object_component>
      <object_component id="oc-2ca">
         <name>.const:.string:$P$T14$15</name>
         <load_address>0x669c</load_address>
         <run_address>0x669c</run_address>
         <size>0x1e</size>
         <input_file_ref idref="fl-4"/>
      </object_component>
      <object_component id="oc-2d0">
         <name>.const:.string:$P$T15$16</name>
         <load_address>0x66ba</load_address>
         <run_address>0x66ba</run_address>
         <size>0x1e</size>
         <input_file_ref idref="fl-4"/>
      </object_component>
      <object_component id="oc-2d3">
         <name>.const:.string:$P$T16$17</name>
         <load_address>0x66d8</load_address>
         <run_address>0x66d8</run_address>
         <size>0x1e</size>
         <input_file_ref idref="fl-4"/>
      </object_component>
      <object_component id="oc-2d6">
         <name>.const:.string:$P$T17$18</name>
         <load_address>0x66f6</load_address>
         <run_address>0x66f6</run_address>
         <size>0x1e</size>
         <input_file_ref idref="fl-4"/>
      </object_component>
      <object_component id="oc-2d9">
         <name>.const:.string:$P$T18$19</name>
         <load_address>0x6714</load_address>
         <run_address>0x6714</run_address>
         <size>0x1e</size>
         <input_file_ref idref="fl-4"/>
      </object_component>
      <object_component id="oc-2dc">
         <name>.const:.string:$P$T19$20</name>
         <load_address>0x6732</load_address>
         <run_address>0x6732</run_address>
         <size>0x1e</size>
         <input_file_ref idref="fl-4"/>
      </object_component>
      <object_component id="oc-3b6">
         <name>.const:.string:$P$T2$3</name>
         <load_address>0x6750</load_address>
         <run_address>0x6750</run_address>
         <size>0x1e</size>
         <input_file_ref idref="fl-4"/>
      </object_component>
      <object_component id="oc-2e7">
         <name>.const:.string:$P$T2$3</name>
         <load_address>0x676e</load_address>
         <run_address>0x676e</run_address>
         <size>0x1e</size>
         <input_file_ref idref="fl-9"/>
      </object_component>
      <object_component id="oc-451">
         <name>.const:.string:$P$T20$21</name>
         <load_address>0x678c</load_address>
         <run_address>0x678c</run_address>
         <size>0x1e</size>
         <input_file_ref idref="fl-4"/>
      </object_component>
      <object_component id="oc-454">
         <name>.const:.string:$P$T21$22</name>
         <load_address>0x67aa</load_address>
         <run_address>0x67aa</run_address>
         <size>0x1e</size>
         <input_file_ref idref="fl-4"/>
      </object_component>
      <object_component id="oc-457">
         <name>.const:.string:$P$T22$23</name>
         <load_address>0x67c8</load_address>
         <run_address>0x67c8</run_address>
         <size>0x1e</size>
         <input_file_ref idref="fl-4"/>
      </object_component>
      <object_component id="oc-45a">
         <name>.const:.string:$P$T23$24</name>
         <load_address>0x67e6</load_address>
         <run_address>0x67e6</run_address>
         <size>0x1e</size>
         <input_file_ref idref="fl-4"/>
      </object_component>
      <object_component id="oc-45d">
         <name>.const:.string:$P$T24$25</name>
         <load_address>0x6804</load_address>
         <run_address>0x6804</run_address>
         <size>0x1e</size>
         <input_file_ref idref="fl-4"/>
      </object_component>
      <object_component id="oc-3b9">
         <name>.const:.string:$P$T3$4</name>
         <load_address>0x6822</load_address>
         <run_address>0x6822</run_address>
         <size>0x1e</size>
         <input_file_ref idref="fl-4"/>
      </object_component>
      <object_component id="oc-2ea">
         <name>.const:.string:$P$T3$4</name>
         <load_address>0x6840</load_address>
         <run_address>0x6840</run_address>
         <size>0x1e</size>
         <input_file_ref idref="fl-9"/>
      </object_component>
      <object_component id="oc-3fc">
         <name>.const:.string:$P$T4$5</name>
         <load_address>0x685e</load_address>
         <run_address>0x685e</run_address>
         <size>0x1e</size>
         <input_file_ref idref="fl-4"/>
      </object_component>
      <object_component id="oc-3e6">
         <name>.const:.string:$P$T5$6</name>
         <load_address>0x687c</load_address>
         <run_address>0x687c</run_address>
         <size>0x1e</size>
         <input_file_ref idref="fl-4"/>
      </object_component>
      <object_component id="oc-3e9">
         <name>.const:.string:$P$T6$7</name>
         <load_address>0x689a</load_address>
         <run_address>0x689a</run_address>
         <size>0x1e</size>
         <input_file_ref idref="fl-4"/>
      </object_component>
      <object_component id="oc-3ec">
         <name>.const:.string:$P$T7$8</name>
         <load_address>0x68b8</load_address>
         <run_address>0x68b8</run_address>
         <size>0x1e</size>
         <input_file_ref idref="fl-4"/>
      </object_component>
      <object_component id="oc-3ef">
         <name>.const:.string:$P$T8$9</name>
         <load_address>0x68d6</load_address>
         <run_address>0x68d6</run_address>
         <size>0x1e</size>
         <input_file_ref idref="fl-4"/>
      </object_component>
      <object_component id="oc-3f2">
         <name>.const:.string:$P$T9$10</name>
         <load_address>0x68f4</load_address>
         <run_address>0x68f4</run_address>
         <size>0x1e</size>
         <input_file_ref idref="fl-4"/>
      </object_component>
      <object_component id="oc-65a">
         <name>.const:$P$T0$1</name>
         <load_address>0x6914</load_address>
         <run_address>0x6914</run_address>
         <size>0x1c</size>
         <input_file_ref idref="fl-f"/>
      </object_component>
      <object_component id="oc-117">
         <name>.const:$P$T0$1</name>
         <load_address>0x6930</load_address>
         <run_address>0x6930</run_address>
         <size>0x1c</size>
         <input_file_ref idref="fl-9"/>
      </object_component>
      <object_component id="oc-2cd">
         <name>.const:draculaDefault8BPP_UNCOMP</name>
         <load_address>0x694c</load_address>
         <run_address>0x694c</run_address>
         <size>0x10</size>
         <input_file_ref idref="fl-8"/>
      </object_component>
      <object_component id="oc-3bc">
         <name>.const:sord4BPP_UNCOMP</name>
         <load_address>0x695c</load_address>
         <run_address>0x695c</run_address>
         <size>0x10</size>
         <input_file_ref idref="fl-a"/>
      </object_component>
      <object_component id="oc-3a3">
         <name>.const:title8BPP_UNCOMP</name>
         <load_address>0x696c</load_address>
         <run_address>0x696c</run_address>
         <size>0x10</size>
         <input_file_ref idref="fl-c"/>
      </object_component>
      <object_component id="oc-3ad">
         <name>.const:title_logo4BPP_UNCOMP</name>
         <load_address>0x697c</load_address>
         <run_address>0x697c</run_address>
         <size>0x10</size>
         <input_file_ref idref="fl-d"/>
      </object_component>
      <object_component id="oc-616">
         <name>.const:$P$T0$1</name>
         <load_address>0x698c</load_address>
         <run_address>0x698c</run_address>
         <size>0x8</size>
         <input_file_ref idref="fl-e"/>
      </object_component>
      <object_component id="oc-5c0">
         <name>.const:g_pulEnRegs</name>
         <load_address>0x6994</load_address>
         <run_address>0x6994</run_address>
         <size>0x8</size>
         <input_file_ref idref="fl-26"/>
      </object_component>
      <object_component id="oc-6bc">
         <name>.cinit..data.load</name>
         <load_address>0xabe0</load_address>
         <run_address>0xabe0</run_address>
         <size>0xd</size>
      </object_component>
      <object_component id="oc-6ba">
         <name>__TI_handler_table</name>
         <load_address>0xabf0</load_address>
         <run_address>0xabf0</run_address>
         <size>0xc</size>
      </object_component>
      <object_component id="oc-6bd">
         <name>.cinit..bss.load</name>
         <load_address>0xac00</load_address>
         <run_address>0xac00</run_address>
         <size>0x8</size>
      </object_component>
      <object_component id="oc-6bb">
         <name>__TI_cinit_table</name>
         <load_address>0xac08</load_address>
         <run_address>0xac08</run_address>
         <size>0x10</size>
      </object_component>
      <object_component id="oc-68f">
         <name>.binit</name>
         <load_address>0x0</load_address>
         <run_address>0x0</run_address>
         <size>0x0</size>
      </object_component>
      <object_component id="oc-388">
         <name>.data:g_sCrystalfontz128x128</name>
         <load_address>0x20000440</load_address>
         <run_address>0x20000440</run_address>
         <size>0x10</size>
         <input_file_ref idref="fl-e"/>
      </object_component>
      <object_component id="oc-3de">
         <name>.bss</name>
         <uninitialized>true</uninitialized>
         <run_address>0x20000430</run_address>
         <size>0x4</size>
         <input_file_ref idref="fl-2"/>
      </object_component>
      <object_component id="oc-5a3">
         <name>.bss:g_pulConvertedPalette</name>
         <uninitialized>true</uninitialized>
         <run_address>0x20000000</run_address>
         <size>0x400</size>
         <input_file_ref idref="fl-20"/>
      </object_component>
      <object_component id="oc-bc">
         <name>.common:timer0</name>
         <uninitialized>true</uninitialized>
         <run_address>0x20000400</run_address>
         <size>0x18</size>
      </object_component>
      <object_component id="oc-2e6">
         <name>.common:timer1</name>
         <uninitialized>true</uninitialized>
         <run_address>0x20000418</run_address>
         <size>0x18</size>
      </object_component>
      <object_component id="oc-60c">
         <name>.common:Lcd_Orientation</name>
         <uninitialized>true</uninitialized>
         <run_address>0x2000043c</run_address>
         <size>0x1</size>
      </object_component>
      <object_component id="oc-605">
         <name>.common:Lcd_ScreenWidth</name>
         <uninitialized>true</uninitialized>
         <run_address>0x20000436</run_address>
         <size>0x2</size>
      </object_component>
      <object_component id="oc-606">
         <name>.common:Lcd_ScreenHeigth</name>
         <uninitialized>true</uninitialized>
         <run_address>0x20000434</run_address>
         <size>0x2</size>
      </object_component>
      <object_component id="oc-607">
         <name>.common:Lcd_PenSolid</name>
         <uninitialized>true</uninitialized>
         <run_address>0x2000043d</run_address>
         <size>0x1</size>
      </object_component>
      <object_component id="oc-608">
         <name>.common:Lcd_FontSolid</name>
         <uninitialized>true</uninitialized>
         <run_address>0x2000043b</run_address>
         <size>0x1</size>
      </object_component>
      <object_component id="oc-609">
         <name>.common:Lcd_FlagRead</name>
         <uninitialized>true</uninitialized>
         <run_address>0x2000043a</run_address>
         <size>0x1</size>
      </object_component>
      <object_component id="oc-60a">
         <name>.common:Lcd_TouchTrim</name>
         <uninitialized>true</uninitialized>
         <run_address>0x20000438</run_address>
         <size>0x2</size>
      </object_component>
      <object_component id="oc-26">
         <name>.stack</name>
         <uninitialized>true</uninitialized>
         <run_address>0x2000fe00</run_address>
         <size>0x4</size>
         <input_file_ref idref="fl-e8"/>
      </object_component>
      <object_component id="oc-6be">
         <name>.stack</name>
         <uninitialized>true</uninitialized>
         <run_address>0x2000fe00</run_address>
         <size>0x0</size>
      </object_component>
      <object_component id="oc-1a7">
         <name>.debug_info</name>
         <load_address>0x0</load_address>
         <run_address>0x0</run_address>
         <size>0x93d</size>
         <input_file_ref idref="fl-2"/>
      </object_component>
      <object_component id="oc-1c1">
         <name>.debug_info</name>
         <load_address>0x93d</load_address>
         <run_address>0x93d</run_address>
         <size>0x167</size>
         <input_file_ref idref="fl-2"/>
      </object_component>
      <object_component id="oc-1cd">
         <name>.debug_info</name>
         <load_address>0xaa4</load_address>
         <run_address>0xaa4</run_address>
         <size>0x135</size>
         <input_file_ref idref="fl-2"/>
      </object_component>
      <object_component id="oc-1c7">
         <name>.debug_info</name>
         <load_address>0xbd9</load_address>
         <run_address>0xbd9</run_address>
         <size>0x1aa</size>
         <input_file_ref idref="fl-2"/>
      </object_component>
      <object_component id="oc-ee">
         <name>.debug_info</name>
         <load_address>0xd83</load_address>
         <run_address>0xd83</run_address>
         <size>0x160</size>
         <input_file_ref idref="fl-2"/>
      </object_component>
      <object_component id="oc-232">
         <name>.debug_info</name>
         <load_address>0xee3</load_address>
         <run_address>0xee3</run_address>
         <size>0x168</size>
         <input_file_ref idref="fl-2"/>
      </object_component>
      <object_component id="oc-27d">
         <name>.debug_info</name>
         <load_address>0x104b</load_address>
         <run_address>0x104b</run_address>
         <size>0x16e</size>
         <input_file_ref idref="fl-2"/>
      </object_component>
      <object_component id="oc-23f">
         <name>.debug_info</name>
         <load_address>0x11b9</load_address>
         <run_address>0x11b9</run_address>
         <size>0x16c</size>
         <input_file_ref idref="fl-2"/>
      </object_component>
      <object_component id="oc-283">
         <name>.debug_info</name>
         <load_address>0x1325</load_address>
         <run_address>0x1325</run_address>
         <size>0x16c</size>
         <input_file_ref idref="fl-2"/>
      </object_component>
      <object_component id="oc-3c2">
         <name>.debug_info</name>
         <load_address>0x1491</load_address>
         <run_address>0x1491</run_address>
         <size>0x13c</size>
         <input_file_ref idref="fl-2"/>
      </object_component>
      <object_component id="oc-20f">
         <name>.debug_info</name>
         <load_address>0x15cd</load_address>
         <run_address>0x15cd</run_address>
         <size>0x16d</size>
         <input_file_ref idref="fl-2"/>
      </object_component>
      <object_component id="oc-3e0">
         <name>.debug_info</name>
         <load_address>0x173a</load_address>
         <run_address>0x173a</run_address>
         <size>0xb3</size>
         <input_file_ref idref="fl-2"/>
      </object_component>
      <object_component id="oc-18e">
         <name>.debug_info</name>
         <load_address>0x17ed</load_address>
         <run_address>0x17ed</run_address>
         <size>0x86</size>
         <input_file_ref idref="fl-2"/>
      </object_component>
      <object_component id="oc-c6">
         <name>.debug_info</name>
         <load_address>0x1873</load_address>
         <run_address>0x1873</run_address>
         <size>0x26b</size>
         <input_file_ref idref="fl-2"/>
      </object_component>
      <object_component id="oc-17b">
         <name>.debug_info</name>
         <load_address>0x1ade</load_address>
         <run_address>0x1ade</run_address>
         <size>0x1055</size>
         <input_file_ref idref="fl-2"/>
      </object_component>
      <object_component id="oc-176">
         <name>.debug_info</name>
         <load_address>0x2b33</load_address>
         <run_address>0x2b33</run_address>
         <size>0x37e2</size>
         <input_file_ref idref="fl-2"/>
      </object_component>
      <object_component id="oc-189">
         <name>.debug_info</name>
         <load_address>0x6315</load_address>
         <run_address>0x6315</run_address>
         <size>0x72</size>
         <input_file_ref idref="fl-2"/>
      </object_component>
      <object_component id="oc-198">
         <name>.debug_info</name>
         <load_address>0x6387</load_address>
         <run_address>0x6387</run_address>
         <size>0x439</size>
         <input_file_ref idref="fl-2"/>
      </object_component>
      <object_component id="oc-11b">
         <name>.debug_info</name>
         <load_address>0x67c0</load_address>
         <run_address>0x67c0</run_address>
         <size>0x8b</size>
         <input_file_ref idref="fl-2"/>
      </object_component>
      <object_component id="oc-1a2">
         <name>.debug_info</name>
         <load_address>0x684b</load_address>
         <run_address>0x684b</run_address>
         <size>0x297</size>
         <input_file_ref idref="fl-2"/>
      </object_component>
      <object_component id="oc-180">
         <name>.debug_info</name>
         <load_address>0x6ae2</load_address>
         <run_address>0x6ae2</run_address>
         <size>0xef</size>
         <input_file_ref idref="fl-2"/>
      </object_component>
      <object_component id="oc-16a">
         <name>.debug_info</name>
         <load_address>0x6bd1</load_address>
         <run_address>0x6bd1</run_address>
         <size>0xbb</size>
         <input_file_ref idref="fl-2"/>
      </object_component>
      <object_component id="oc-65e">
         <name>.debug_info</name>
         <load_address>0x6c8c</load_address>
         <run_address>0x6c8c</run_address>
         <size>0x131</size>
         <input_file_ref idref="fl-2"/>
      </object_component>
      <object_component id="oc-19d">
         <name>.debug_info</name>
         <load_address>0x6dbd</load_address>
         <run_address>0x6dbd</run_address>
         <size>0xee</size>
         <input_file_ref idref="fl-2"/>
      </object_component>
      <object_component id="oc-bd">
         <name>.debug_info</name>
         <load_address>0x6eab</load_address>
         <run_address>0x6eab</run_address>
         <size>0x7e1</size>
         <input_file_ref idref="fl-3"/>
      </object_component>
      <object_component id="oc-1d3">
         <name>.debug_info</name>
         <load_address>0x768c</load_address>
         <run_address>0x768c</run_address>
         <size>0x169</size>
         <input_file_ref idref="fl-3"/>
      </object_component>
      <object_component id="oc-3d6">
         <name>.debug_info</name>
         <load_address>0x77f5</load_address>
         <run_address>0x77f5</run_address>
         <size>0x224</size>
         <input_file_ref idref="fl-3"/>
      </object_component>
      <object_component id="oc-220">
         <name>.debug_info</name>
         <load_address>0x7a19</load_address>
         <run_address>0x7a19</run_address>
         <size>0x1a3</size>
         <input_file_ref idref="fl-3"/>
      </object_component>
      <object_component id="oc-2e1">
         <name>.debug_info</name>
         <load_address>0x7bbc</load_address>
         <run_address>0x7bbc</run_address>
         <size>0x1fd</size>
         <input_file_ref idref="fl-3"/>
      </object_component>
      <object_component id="oc-125">
         <name>.debug_info</name>
         <load_address>0x7db9</load_address>
         <run_address>0x7db9</run_address>
         <size>0xfe</size>
         <input_file_ref idref="fl-3"/>
      </object_component>
      <object_component id="oc-171">
         <name>.debug_info</name>
         <load_address>0x7eb7</load_address>
         <run_address>0x7eb7</run_address>
         <size>0x115</size>
         <input_file_ref idref="fl-3"/>
      </object_component>
      <object_component id="oc-26a">
         <name>.debug_info</name>
         <load_address>0x7fcc</load_address>
         <run_address>0x7fcc</run_address>
         <size>0xbbb</size>
         <input_file_ref idref="fl-4"/>
      </object_component>
      <object_component id="oc-3b1">
         <name>.debug_info</name>
         <load_address>0x8b87</load_address>
         <run_address>0x8b87</run_address>
         <size>0xc6</size>
         <input_file_ref idref="fl-4"/>
      </object_component>
      <object_component id="oc-3b4">
         <name>.debug_info</name>
         <load_address>0x8c4d</load_address>
         <run_address>0x8c4d</run_address>
         <size>0xc6</size>
         <input_file_ref idref="fl-4"/>
      </object_component>
      <object_component id="oc-3b7">
         <name>.debug_info</name>
         <load_address>0x8d13</load_address>
         <run_address>0x8d13</run_address>
         <size>0xc6</size>
         <input_file_ref idref="fl-4"/>
      </object_component>
      <object_component id="oc-3ba">
         <name>.debug_info</name>
         <load_address>0x8dd9</load_address>
         <run_address>0x8dd9</run_address>
         <size>0xc6</size>
         <input_file_ref idref="fl-4"/>
      </object_component>
      <object_component id="oc-3fd">
         <name>.debug_info</name>
         <load_address>0x8e9f</load_address>
         <run_address>0x8e9f</run_address>
         <size>0xc6</size>
         <input_file_ref idref="fl-4"/>
      </object_component>
      <object_component id="oc-3e7">
         <name>.debug_info</name>
         <load_address>0x8f65</load_address>
         <run_address>0x8f65</run_address>
         <size>0xc6</size>
         <input_file_ref idref="fl-4"/>
      </object_component>
      <object_component id="oc-3ea">
         <name>.debug_info</name>
         <load_address>0x902b</load_address>
         <run_address>0x902b</run_address>
         <size>0xc6</size>
         <input_file_ref idref="fl-4"/>
      </object_component>
      <object_component id="oc-3ed">
         <name>.debug_info</name>
         <load_address>0x90f1</load_address>
         <run_address>0x90f1</run_address>
         <size>0xc6</size>
         <input_file_ref idref="fl-4"/>
      </object_component>
      <object_component id="oc-3f0">
         <name>.debug_info</name>
         <load_address>0x91b7</load_address>
         <run_address>0x91b7</run_address>
         <size>0xc6</size>
         <input_file_ref idref="fl-4"/>
      </object_component>
      <object_component id="oc-3f3">
         <name>.debug_info</name>
         <load_address>0x927d</load_address>
         <run_address>0x927d</run_address>
         <size>0xc8</size>
         <input_file_ref idref="fl-4"/>
      </object_component>
      <object_component id="oc-3f6">
         <name>.debug_info</name>
         <load_address>0x9345</load_address>
         <run_address>0x9345</run_address>
         <size>0xca</size>
         <input_file_ref idref="fl-4"/>
      </object_component>
      <object_component id="oc-3f9">
         <name>.debug_info</name>
         <load_address>0x940f</load_address>
         <run_address>0x940f</run_address>
         <size>0xca</size>
         <input_file_ref idref="fl-4"/>
      </object_component>
      <object_component id="oc-2c5">
         <name>.debug_info</name>
         <load_address>0x94d9</load_address>
         <run_address>0x94d9</run_address>
         <size>0xcb</size>
         <input_file_ref idref="fl-4"/>
      </object_component>
      <object_component id="oc-2c8">
         <name>.debug_info</name>
         <load_address>0x95a4</load_address>
         <run_address>0x95a4</run_address>
         <size>0xcb</size>
         <input_file_ref idref="fl-4"/>
      </object_component>
      <object_component id="oc-2cb">
         <name>.debug_info</name>
         <load_address>0x966f</load_address>
         <run_address>0x966f</run_address>
         <size>0xcb</size>
         <input_file_ref idref="fl-4"/>
[...]
         <value>0x20000440</value>
         <object_component_ref idref="oc-388"/>
      </symbol>
      <symbol id="sm-5bd">
         <name>Crystalfontz128x128_Init</name>
         <value>0x8619</value>
         <object_component_ref idref="oc-4f1"/>
      </symbol>
      <symbol id="sm-5f6">
         <name>HAL_LCD_writeData</name>
         <value>0xa75d</value>
         <object_component_ref idref="oc-5f9"/>
      </symbol>
      <symbol id="sm-5f7">
         <name>HAL_LCD_SpiInit</name>
         <value>0xa375</value>
         <object_component_ref idref="oc-5e1"/>
      </symbol>
      <symbol id="sm-5f8">
         <name>HAL_LCD_PortInit</name>
         <value>0xa649</value>
         <object_component_ref idref="oc-5db"/>
      </symbol>
      <symbol id="sm-5f9">
         <name>HAL_LCD_writeCommand</name>
         <value>0xa435</value>
         <object_component_ref idref="oc-5f3"/>
      </symbol>
      <symbol id="sm-615">
         <name>Reset_Handler</name>
         <value>0xab91</value>
         <object_component_ref idref="oc-64"/>
      </symbol>
      <symbol id="sm-616">
         <name>Default_Handler</name>
         <value>0x71ab</value>
         <object_component_ref idref="oc-6a"/>
      </symbol>
      <symbol id="sm-617">
         <name>interruptVectors</name>
         <value>0x0</value>
         <object_component_ref idref="oc-23"/>
      </symbol>
      <symbol id="sm-635">
         <name>Graphics_fillCircle</name>
         <value>0x7889</value>
         <object_component_ref idref="oc-ff"/>
      </symbol>
      <symbol id="sm-662">
         <name>Graphics_setBackgroundColor</name>
         <value>0xaa0f</value>
         <object_component_ref idref="oc-2a6"/>
      </symbol>
      <symbol id="sm-663">
         <name>Graphics_setFont</name>
         <value>0xaa29</value>
         <object_component_ref idref="oc-376"/>
      </symbol>
      <symbol id="sm-664">
         <name>Graphics_initContext</name>
         <value>0x9ee1</value>
         <object_component_ref idref="oc-370"/>
      </symbol>
      <symbol id="sm-665">
         <name>Graphics_setForegroundColor</name>
         <value>0xaab9</value>
         <object_component_ref idref="oc-f9"/>
      </symbol>
      <symbol id="sm-666">
         <name>Graphics_clearDisplay</name>
         <value>0xab37</value>
         <object_component_ref idref="oc-382"/>
      </symbol>
      <symbol id="sm-6a3">
         <name>Graphics_clearDisplayOnDisplay</name>
         <value>0xa9f5</value>
         <object_component_ref idref="oc-4fe"/>
      </symbol>
      <symbol id="sm-6a4">
         <name>Graphics_drawPixelOnDisplay</name>
         <value>0xa731</value>
         <object_component_ref idref="oc-443"/>
      </symbol>
      <symbol id="sm-6a5">
         <name>Graphics_translateColorOnDisplay</name>
         <value>0xaacf</value>
         <object_component_ref idref="oc-26b"/>
      </symbol>
      <symbol id="sm-6a6">
         <name>Graphics_drawHorizontalLineOnDisplay</name>
         <value>0xa4dd</value>
         <object_component_ref idref="oc-41f"/>
      </symbol>
      <symbol id="sm-6a7">
         <name>Graphics_drawVerticalLineOnDisplay</name>
         <value>0xa513</value>
         <object_component_ref idref="oc-58d"/>
      </symbol>
      <symbol id="sm-6a8">
         <name>Graphics_drawMultiplePixelsOnDisplay</name>
         <value>0xa1e5</value>
         <object_component_ref idref="oc-467"/>
      </symbol>
      <symbol id="sm-6a9">
         <name>Graphics_fillRectangleOnDisplay</name>
         <value>0xa90b</value>
         <object_component_ref idref="oc-40b"/>
      </symbol>
      <symbol id="sm-6bb">
         <name>g_sFontCmtt12</name>
         <value>0x6348</value>
         <object_component_ref idref="oc-38e"/>
      </symbol>
      <symbol id="sm-6f1">
         <name>Graphics_drawImage</name>
         <value>0x6e1b</value>
         <object_component_ref idref="oc-2b8"/>
      </symbol>
      <symbol id="sm-712">
         <name>Graphics_drawLineH</name>
         <value>0x92af</value>
         <object_component_ref idref="oc-273"/>
      </symbol>
      <symbol id="sm-713">
         <name>Graphics_drawLineV</name>
         <value>0x934b</value>
         <object_component_ref idref="oc-435"/>
      </symbol>
      <symbol id="sm-733">
         <name>Graphics_drawRectangle</name>
         <value>0x9171</value>
         <object_component_ref idref="oc-2a0"/>
      </symbol>
      <symbol id="sm-734">
         <name>Graphics_fillRectangle</name>
         <value>0x8989</value>
         <object_component_ref idref="oc-25d"/>
      </symbol>
      <symbol id="sm-774">
         <name>Graphics_drawString</name>
         <value>0x699d</value>
         <object_component_ref idref="oc-2ac"/>
      </symbol>
      <symbol id="sm-835">
         <name>ADC14_enableSampleTimer</name>
         <value>0xa549</value>
         <object_component_ref idref="oc-342"/>
      </symbol>
      <symbol id="sm-836">
         <name>ADC14_enableConversion</name>
         <value>0xa7b5</value>
         <object_component_ref idref="oc-350"/>
      </symbol>
      <symbol id="sm-837">
         <name>ADC14_toggleConversionTrigger</name>
         <value>0xa6d9</value>
         <object_component_ref idref="oc-356"/>
      </symbol>
      <symbol id="sm-838">
         <name>ADC14_initModule</name>
         <value>0x9e39</value>
         <object_component_ref idref="oc-336"/>
      </symbol>
      <symbol id="sm-839">
         <name>ADC14_configureMultiSequenceMode</name>
         <value>0x9025</value>
         <object_component_ref idref="oc-33c"/>
      </symbol>
      <symbol id="sm-83a">
         <name>ADC14_configureConversionMemory</name>
         <value>0x90cd</value>
         <object_component_ref idref="oc-349"/>
      </symbol>
      <symbol id="sm-83b">
         <name>ADC14_enableModule</name>
         <value>0xab85</value>
         <object_component_ref idref="oc-330"/>
      </symbol>
      <symbol id="sm-83c">
         <name>ADC14_getResult</name>
         <value>0xa985</value>
         <object_component_ref idref="oc-250"/>
      </symbol>
      <symbol id="sm-89a">
         <name>GPIO_setOutputHighOnPin</name>
         <value>0xa805</value>
         <object_component_ref idref="oc-5ed"/>
      </symbol>
      <symbol id="sm-89b">
         <name>GPIO_setAsInputPinWithPullUpResistor</name>
         <value>0x9cdd</value>
         <object_component_ref idref="oc-35d"/>
      </symbol>
      <symbol id="sm-89c">
         <name>GPIO_setAsOutputPin</name>
         <value>0xa2f5</value>
         <object_component_ref idref="oc-647"/>
      </symbol>
      <symbol id="sm-89d">
         <name>GPIO_setOutputLowOnPin</name>
         <value>0xa82d</value>
         <object_component_ref idref="oc-5e7"/>
      </symbol>
      <symbol id="sm-89e">
         <name>GPIO_setAsPeripheralModuleFunctionOutputPin</name>
         <value>0x950d</value>
         <object_component_ref idref="oc-641"/>
      </symbol>
      <symbol id="sm-89f">
         <name>GPIO_getInputPinValue</name>
         <value>0xa619</value>
         <object_component_ref idref="oc-56a"/>
      </symbol>
      <symbol id="sm-8a0">
         <name>GPIO_setAsPeripheralModuleFunctionInputPin</name>
         <value>0x9485</value>
         <object_component_ref idref="oc-328"/>
      </symbol>
      <symbol id="sm-8bd">
         <name>Interrupt_enableInterrupt</name>
         <value>0x961d</value>
         <object_component_ref idref="oc-4b7"/>
      </symbol>
      <symbol id="sm-8f7">
         <name>EUSCI_B_SPI_enable</name>
         <value>0xaaa3</value>
         <object_component_ref idref="oc-67c"/>
      </symbol>
      <symbol id="sm-8f8">
         <name>SPI_enableModule</name>
         <value>0xa9a1</value>
         <object_component_ref idref="oc-654"/>
      </symbol>
      <symbol id="sm-8f9">
         <name>EUSCI_A_SPI_enable</name>
         <value>0xaa8d</value>
         <object_component_ref idref="oc-676"/>
      </symbol>
      <symbol id="sm-8fa">
         <name>SPI_initMaster</name>
         <value>0x8ec9</value>
         <object_component_ref idref="oc-64e"/>
      </symbol>
      <symbol id="sm-933">
         <name>Timer32_startTimer</name>
         <value>0xa46d</value>
         <object_component_ref idref="oc-4c3"/>
      </symbol>
      <symbol id="sm-934">
         <name>Timer32_setCount</name>
         <value>0xa57d</value>
         <object_component_ref idref="oc-4bd"/>
      </symbol>
      <symbol id="sm-935">
         <name>Timer32_getValue</name>
         <value>0xab67</value>
         <object_component_ref idref="oc-39c"/>
      </symbol>
      <symbol id="sm-936">
         <name>Timer32_initModule</name>
         <value>0x99bd</value>
         <object_component_ref idref="oc-4b1"/>
      </symbol>
      <symbol id="sm-937">
         <name>Timer32_clearInterruptFlag</name>
         <value>0xaafb</value>
         <object_component_ref idref="oc-b6"/>
      </symbol>
      <symbol id="sm-97c">
         <name>UART_receiveData</name>
         <value>0xa679</value>
         <object_component_ref idref="oc-3ce"/>
      </symbol>
      <symbol id="sm-97d">
         <name>UART_enableModule</name>
         <value>0xaae5</value>
         <object_component_ref idref="oc-322"/>
      </symbol>
      <symbol id="sm-97e">
         <name>UART_transmitData</name>
         <value>0xa5b1</value>
         <object_component_ref idref="oc-5d4"/>
      </symbol>
      <symbol id="sm-97f">
         <name>UART_getInterruptStatus</name>
         <value>0xaa43</value>
         <object_component_ref idref="oc-3c7"/>
      </symbol>
      <symbol id="sm-980">
         <name>UART_initModule</name>
         <value>0x8a9d</value>
         <object_component_ref idref="oc-31c"/>
      </symbol>
      <symbol id="sm-98c">
         <name>WDT_A_holdTimer</name>
         <value>0xa8a1</value>
         <object_component_ref idref="oc-1a8"/>
      </symbol>
      <symbol id="sm-997">
         <name>__aeabi_lmul</name>
         <value>0xaa75</value>
         <object_component_ref idref="oc-3a7"/>
      </symbol>
      <symbol id="sm-9b2">
         <name>memcpy</name>
         <value>0x93e7</value>
         <object_component_ref idref="oc-34"/>
      </symbol>
      <symbol id="sm-9b3">
         <name>__aeabi_memcpy</name>
         <value>0x93e7</value>
         <object_component_ref idref="oc-34"/>
      </symbol>
      <symbol id="sm-9b4">
         <name>__aeabi_memcpy8</name>
         <value>0x93e7</value>
         <object_component_ref idref="oc-34"/>
      </symbol>
      <symbol id="sm-9b5">
         <name>__aeabi_memcpy4</name>
         <value>0x93e7</value>
         <object_component_ref idref="oc-34"/>
      </symbol>
      <symbol id="sm-9c4">
         <name>__aeabi_memset</name>
         <value>0x971f</value>
         <object_component_ref idref="oc-90"/>
      </symbol>
      <symbol id="sm-9c5">
         <name>memset</name>
         <value>0x9725</value>
         <object_component_ref idref="oc-90"/>
      </symbol>
      <symbol id="sm-9c6">
         <name>__aeabi_memset8</name>
         <value>0x971f</value>
         <object_component_ref idref="oc-90"/>
      </symbol>
      <symbol id="sm-9c7">
         <name>__aeabi_memset4</name>
         <value>0x971f</value>
         <object_component_ref idref="oc-90"/>
      </symbol>
      <symbol id="sm-9c8">
         <name>__aeabi_memclr8</name>
         <value>0x971d</value>
         <object_component_ref idref="oc-90"/>
      </symbol>
      <symbol id="sm-9c9">
         <name>__aeabi_memclr4</name>
         <value>0x971d</value>
         <object_component_ref idref="oc-90"/>
      </symbol>
      <symbol id="sm-9ca">
         <name>__aeabi_memclr</name>
         <value>0x971d</value>
         <object_component_ref idref="oc-90"/>
      </symbol>
      <symbol id="sm-9e1">
         <name>__TI_zero_init</name>
         <value>0xaba9</value>
         <object_component_ref idref="oc-46"/>
      </symbol>
      <symbol id="sm-9f8">
         <name>__TI_decompress_none</name>
         <value>0xab75</value>
         <object_component_ref idref="oc-1a"/>
      </symbol>
      <symbol id="sm-a1b">
         <name>__TI_decompress_lzss</name>
         <value>0x9a25</value>
         <object_component_ref idref="oc-14"/>
      </symbol>
      <symbol id="sm-a2e">
         <name>__stack</name>
         <value>0x2000fe00</value>
         <object_component_ref idref="oc-26"/>
      </symbol>
      <symbol id="sm-a2f">
         <name>_c_int00_noargs</name>
         <value>0xa4a5</value>
         <object_component_ref idref="oc-52"/>
      </symbol>
      <symbol id="sm-a3a">
         <name>C$$EXIT</name>
         <value>0xabdb</value>
         <object_component_ref idref="oc-12a"/>
      </symbol>
      <symbol id="sm-a3b">
         <name>abort</name>
         <value>0xabdb</value>
         <object_component_ref idref="oc-12a"/>
      </symbol>
      <symbol id="sm-a65">
         <name>__TI_auto_init_nobinit_nopinit</name>
         <value>0xa22d</value>
         <object_component_ref idref="oc-136"/>
      </symbol>
      <symbol id="sm-a6f">
         <name>_system_pre_init</name>
         <value>0xabd7</value>
         <object_component_ref idref="oc-96"/>
      </symbol>
      <symbol id="sm-a71">
         <name>__TI_static_base__</name>
         <value>0x0</value>
      </symbol>
      <symbol id="sm-a74">
         <name>__mpu_init</name>
         <value>0x0</value>
      </symbol>
      <symbol id="sm-a75">
         <name>_system_post_cinit</name>
         <value>0x0</value>
      </symbol>
      <symbol id="sm-a76">
         <name>NMI_Handler</name>
         <value>0x71ab</value>
      </symbol>
      <symbol id="sm-a77">
         <name>HardFault_Handler</name>
         <value>0x71ab</value>
      </symbol>
      <symbol id="sm-a78">
         <name>MemManage_Handler</name>
         <value>0x71ab</value>
      </symbol>
      <symbol id="sm-a79">
         <name>BusFault_Handler</name>
         <value>0x71ab</value>
      </symbol>
      <symbol id="sm-a7a">
         <name>UsageFault_Handler</name>
         <value>0x71ab</value>
      </symbol>
      <symbol id="sm-a7b">
         <name>SVC_Handler</name>
         <value>0x71ab</value>
      </symbol>
      <symbol id="sm-a7c">
         <name>DebugMon_Handler</name>
         <value>0x71ab</value>
      </symbol>
      <symbol id="sm-a7d">
         <name>PendSV_Handler</name>
         <value>0x71ab</value>
      </symbol>
      <symbol id="sm-a7e">
         <name>SysTick_Handler</name>
         <value>0x71ab</value>
      </symbol>
      <symbol id="sm-a7f">
         <name>PSS_IRQHandler</name>
         <value>0x71ab</value>
      </symbol>
      <symbol id="sm-a80">
         <name>CS_IRQHandler</name>
         <value>0x71ab</value>
      </symbol>
      <symbol id="sm-a81">
         <name>PCM_IRQHandler</name>
         <value>0x71ab</value>
      </symbol>
      <symbol id="sm-a82">
         <name>WDT_A_IRQHandler</name>
         <value>0x71ab</value>
      </symbol>
      <symbol id="sm-a83">
         <name>FPU_IRQHandler</name>
         <value>0x71ab</value>
      </symbol>
      <symbol id="sm-a84">
         <name>FLCTL_IRQHandler</name>
         <value>0x71ab</value>
      </symbol>
      <symbol id="sm-a85">
         <name>COMP_E0_IRQHandler</name>
         <value>0x71ab</value>
      </symbol>
      <symbol id="sm-a86">
         <name>COMP_E1_IRQHandler</name>
         <value>0x71ab</value>
      </symbol>
      <symbol id="sm-a87">
         <name>TA0_0_IRQHandler</name>
         <value>0x71ab</value>
      </symbol>
      <symbol id="sm-a88">
         <name>TA0_N_IRQHandler</name>
         <value>0x71ab</value>
      </symbol>
      <symbol id="sm-a89">
         <name>TA1_0_IRQHandler</name>
         <value>0x71ab</value>
      </symbol>
      <symbol id="sm-a8a">
         <name>TA1_N_IRQHandler</name>
         <value>0x71ab</value>
      </symbol>
      <symbol id="sm-a8b">
         <name>TA2_0_IRQHandler</name>
         <value>0x71ab</value>
      </symbol>
      <symbol id="sm-a8c">
         <name>TA2_N_IRQHandler</name>
         <value>0x71ab</value>
      </symbol>
      <symbol id="sm-a8d">
         <name>TA3_0_IRQHandler</name>
         <value>0x71ab</value>
      </symbol>
      <symbol id="sm-a8e">
         <name>TA3_N_IRQHandler</name>
         <value>0x71ab</value>
      </symbol>
      <symbol id="sm-a8f">
         <name>EUSCIA0_IRQHandler</name>
         <value>0x71ab</value>
      </symbol>
      <symbol id="sm-a90">
         <name>EUSCIA1_IRQHandler</name>
         <value>0x71ab</value>
      </symbol>
      <symbol id="sm-a91">
         <name>EUSCIA2_IRQHandler</name>
         <value>0x71ab</value>
      </symbol>
      <symbol id="sm-a92">
         <name>EUSCIA3_IRQHandler</name>
         <value>0x71ab</value>
      </symbol>
      <symbol id="sm-a93">
         <name>EUSCIB0_IRQHandler</name>
         <value>0x71ab</value>
      </symbol>
      <symbol id="sm-a94">
         <name>EUSCIB1_IRQHandler</name>
         <value>0x71ab</value>
      </symbol>
      <symbol id="sm-a95">
         <name>EUSCIB2_IRQHandler</name>
         <value>0x71ab</value>
      </symbol>
      <symbol id="sm-a96">
         <name>EUSCIB3_IRQHandler</name>
         <value>0x71ab</value>
      </symbol>
      <symbol id="sm-a97">
         <name>ADC14_IRQHandler</name>
         <value>0x71ab</value>
      </symbol>
      <symbol id="sm-a98">
         <name>T32_INT1_IRQHandler</name>
         <value>0xa9bd</value>
      </symbol>
      <symbol id="sm-a99">
         <name>T32_INT2_IRQHandler</name>
         <value>0x71ab</value>
      </symbol>
      <symbol id="sm-a9a">
         <name>T32_INTC_IRQHandler</name>
         <value>0x71ab</value>
      </symbol>
      <symbol id="sm-a9b">
         <name>AES256_IRQHandler</name>
         <value>0x71ab</value>
      </symbol>
      <symbol id="sm-a9c">
         <name>RTC_C_IRQHandler</name>
         <value>0x71ab</value>
      </symbol>
      <symbol id="sm-a9d">
         <name>DMA_ERR_IRQHandler</name>
         <value>0x71ab</value>
      </symbol>
      <symbol id="sm-a9e">
         <name>DMA_INT3_IRQHandler</name>
         <value>0x71ab</value>
      </symbol>
      <symbol id="sm-a9f">
         <name>DMA_INT2_IRQHandler</name>
         <value>0x71ab</value>
      </symbol>
      <symbol id="sm-aa0">
         <name>DMA_INT1_IRQHandler</name>
         <value>0x71ab</value>
      </symbol>
      <symbol id="sm-aa1">
         <name>DMA_INT0_IRQHandler</name>
         <value>0x71ab</value>
      </symbol>
      <symbol id="sm-aa2">
         <name>PORT1_IRQHandler</name>
         <value>0x71ab</value>
      </symbol>
      <symbol id="sm-aa3">
         <name>PORT2_IRQHandler</name>
         <value>0x71ab</value>
      </symbol>
      <symbol id="sm-aa4">
         <name>PORT3_IRQHandler</name>
         <value>0x71ab</value>
      </symbol>
      <symbol id="sm-aa5">
         <name>PORT4_IRQHandler</name>
         <value>0x71ab</value>
      </symbol>
      <symbol id="sm-aa6">
         <name>PORT5_IRQHandler</name>
         <value>0x71ab</value>
      </symbol>
      <symbol id="sm-aa7">
         <name>PORT6_IRQHandler</name>
         <value>0x71ab</value>
      </symbol>
   </symbol_table>
   <title>Link successful</title>
</link_info>
