******************************************************************************
                  TI ARM Linker PC v18.1.4                     
******************************************************************************
>> Linked Sat Aug 24 20:12:09 2019

OUTPUT FILE NAME:   <JustMonika_Chess.out>
ENTRY POINT SYMBOL: "_c_int00_noargs"  address: 0000a3f9


MEMORY CONFIGURATION

         name            origin    length      used     unused   attr    fill
----------------------  --------  ---------  --------  --------  ----  --------
  MAIN                  00000000   00040000  0000ab6a  00035496  R  X
  INFO                  00200000   00004000  00000000  00004000  R  X
  SRAM_CODE             01000000   00010000  0000064e  0000f9b2  RW X
  SRAM_DATA             20000000   00010000  0000064e  0000f9b2  RW  


SEGMENT ALLOCATION MAP

run origin  load origin   length   init length attrs members
----------  ----------- ---------- ----------- ----- -------
00000000    00000000    0000ab70   0000ab70    r-x
  00000000    00000000    000000e4   000000e4    r-- .intvecs
  000000e4    000000e4    0000687c   0000687c    r-- .const
  00006960    00006960    000041d2   000041d2    r-x .text
  0000ab38    0000ab38    00000038   00000038    r-- .cinit
20000000    20000000    00000450   00000000    rw-
  20000000    20000000    0000043e   00000000    rw- .bss
  20000440    20000440    00000010   00000000    rw- .data
2000fe00    2000fe00    00000200   00000000    rw-
  2000fe00    2000fe00    00000200   00000000    rw- .stack


SECTION ALLOCATION MAP

 output                                  attributes/
section   page    origin      length       input sections
--------  ----  ----------  ----------   ----------------
.intvecs   0    00000000    000000e4     
                  00000000    000000e4     startup_msp432p401r_ccs.obj (.intvecs:retain)

.const     0    000000e4    0000687c     
                  000000e4    00004000     title.obj (.const:.string:pixel_title8BPP_UNCOMP)
                  000040e4    00000c30     title_logo.obj (.const:.string:pixel_title_logo4BPP_UNCOMP)
                  00004d14    00000910     draculaDefault.obj (.const:.string:pixel_draculaDefault8BPP_UNCOMP)
                  00005624    00000521     grlib.a : fontcmtt12.obj (.const:.string:g_pucCmtt12Data)
                  00005b45    00000003     --HOLE-- [fill = 0]
                  00005b48    00000400     draculaDefault.obj (.const:palette_draculaDefault8BPP_UNCOMP)
                  00005f48    00000400     title.obj (.const:palette_title8BPP_UNCOMP)
                  00006348    000000c8     grlib.a : fontcmtt12.obj (.const:g_sFontCmtt12)
                  00006410    00000080     msp432p4xx_driverlib.lib : adc14.o (.const:_ctlRegs)
                  00006490    00000064     sord.obj (.const:.string:pixel_sord4BPP_UNCOMP)
                  000064f4    00000040     sord.obj (.const:palette_sord4BPP_UNCOMP)
                  00006534    00000040     title_logo.obj (.const:palette_title_logo4BPP_UNCOMP)
                  00006574    00000030     msp432p4xx_driverlib.lib : gpio.o (.const:GPIO_PORT_TO_BASE)
                  000065a4    00000024     main.obj (.const:$P$T1$2)
                  000065c8    00000020     Crystalfontz128x128_ST7735.obj (.const:g_sCrystalfontz128x128_funcs)
                  000065e8    0000001e     Graphics_HAL.obj (.const:.string:$P$T0$1)
                  00006606    0000001e     Graphics_HAL.obj (.const:.string:$P$T1$2)
                  00006624    0000001e     Graphics_HAL.obj (.const:.string:$P$T10$11)
                  00006642    0000001e     Graphics_HAL.obj (.const:.string:$P$T11$12)
                  00006660    0000001e     Graphics_HAL.obj (.const:.string:$P$T12$13)
                  0000667e    0000001e     Graphics_HAL.obj (.const:.string:$P$T13$14)
                  0000669c    0000001e     Graphics_HAL.obj (.const:.string:$P$T14$15)
                  000066ba    0000001e     Graphics_HAL.obj (.const:.string:$P$T15$16)
                  000066d8    0000001e     Graphics_HAL.obj (.const:.string:$P$T16$17)
                  000066f6    0000001e     Graphics_HAL.obj (.const:.string:$P$T17$18)
                  00006714    0000001e     Graphics_HAL.obj (.const:.string:$P$T18$19)
                  00006732    0000001e     Graphics_HAL.obj (.const:.string:$P$T19$20)
                  00006750    0000001e     Graphics_HAL.obj (.const:.string:$P$T2$3)
                  0000676e    0000001e     Graphics_HAL.obj (.const:.string:$P$T20$21)
                  0000678c    0000001e     Graphics_HAL.obj (.const:.string:$P$T21$22)
                  000067aa    0000001e     Graphics_HAL.obj (.const:.string:$P$T22$23)
                  000067c8    0000001e     Graphics_HAL.obj (.const:.string:$P$T23$24)
                  000067e6    0000001e     Graphics_HAL.obj (.const:.string:$P$T24$25)
                  00006804    0000001e     Graphics_HAL.obj (.const:.string:$P$T3$4)
                  00006822    0000001e     Graphics_HAL.obj (.const:.string:$P$T4$5)
                  00006840    0000001e     Graphics_HAL.obj (.const:.string:$P$T5$6)
                  0000685e    0000001e     Graphics_HAL.obj (.const:.string:$P$T6$7)
                  0000687c    0000001e     Graphics_HAL.obj (.const:.string:$P$T7$8)
                  0000689a    0000001e     Graphics_HAL.obj (.const:.string:$P$T8$9)
                  000068b8    0000001e     Graphics_HAL.obj (.const:.string:$P$T9$10)
                  000068d6    00000002     --HOLE-- [fill = 0]
                  000068d8    0000001c     HAL_MSP_EXP432P401R_Crystalfontz128x128_ST7735.obj (.const:$P$T0$1)
                  000068f4    0000001c     main.obj (.const:$P$T0$1)
                  00006910    00000010     draculaDefault.obj (.const:draculaDefault8BPP_UNCOMP)
                  00006920    00000010     sord.obj (.const:sord4BPP_UNCOMP)
                  00006930    00000010     title.obj (.const:title8BPP_UNCOMP)
                  00006940    00000010     title_logo.obj (.const:title_logo4BPP_UNCOMP)
                  00006950    00000008     Crystalfontz128x128_ST7735.obj (.const:$P$T0$1)
                  00006958    00000008     msp432p4xx_driverlib.lib : interrupt.o (.const:g_pulEnRegs)

.text      0    00006960    000041d2     
                  00006960    0000047e     grlib.a : string.obj (.text:Graphics_drawString)
                  00006dde    00000390             : image.obj (.text:Graphics_drawImage)
                  0000716e    00000002     startup_msp432p401r_ccs.obj (.text:Default_Handler)
                  00007170    0000029c     main.obj (.text:main)
                  0000740c    0000022a     grlib.a : circle.obj (.text:Graphics_fillCircle)
                  00007636    00000002     --HOLE-- [fill = 0]
                  00007638    00000210     Graphics_HAL.obj (.text:drawBattleDisplay)
                  00007848    000001d8     Crystalfontz128x128_ST7735.obj (.text:Crystalfontz128x128_PixelDrawMultiple)
                  00007a20    000001b6     rtsv7M4_T_le_v4SPD16_eabi.lib : fd_add_t2.asm.obj (.text)
                  00007bd6    00000002     --HOLE-- [fill = 0]
                  00007bd8    000001a8     main.obj (.text:dungeonController)
                  00007d80    00000184     Graphics_HAL.obj (.text:drawBattleCursor)
                  00007f04    00000160     msp432p4xx_driverlib.lib : adc14.o (.text:_getIndexForMemRegister)
                  00008064    00000148     main.obj (.text:mainMenu)
                  000081ac    00000142     UART_HAL.obj (.text:consoleHelpDungeon)
                  000082ee    00000002     --HOLE-- [fill = 0]
                  000082f0    00000134     Crystalfontz128x128_ST7735.obj (.text:Crystalfontz128x128_SetDrawFrame)
                  00008424    00000130     Graphics_HAL.obj (.text:drawHelpScreen)
                  00008554    0000012c     Crystalfontz128x128_ST7735.obj (.text:Crystalfontz128x128_Init)
                  00008680    00000126     UART_HAL.obj (.text:consoleHelpBattle)
                  000087a6    00000002     --HOLE-- [fill = 0]
                  000087a8    0000011c     Graphics_HAL.obj (.text:drawDungeonDisplay)
                  000088c4    00000112     grlib.a : rectangle.obj (.text:Graphics_fillRectangle)
                  000089d6    00000002     --HOLE-- [fill = 0]
                  000089d8    000000fc     msp432p4xx_driverlib.lib : uart.o (.text:UART_initModule)
                  00008ad4    000000e0     Graphics_HAL.obj (.text:drawHighScores)
                  00008bb4    000000ce     ButtonLED_HAL.obj (.text:Debounce)
                  00008c82    00000002     --HOLE-- [fill = 0]
                  00008c84    000000c4     Graphics_HAL.obj (.text:drawMainMenu)
                  00008d48    000000bc     system_msp432p401r.obj (.text:SystemInit)
                  00008e04    000000b0     msp432p4xx_driverlib.lib : spi.o (.text:SPI_initMaster)
                  00008eb4    000000ae     main.obj (.text:battleController)
                  00008f62    000000aa     Timer32_HAL.obj (.text:OneShotSWTimerExpired)
                  0000900c    000000a8     msp432p4xx_driverlib.lib : adc14.o (.text:ADC14_configureMultiSequenceMode)
                  000090b4    000000a4                              : adc14.o (.text:ADC14_configureConversionMemory)
                  00009158    000000a2     grlib.a : rectangle.obj (.text:Graphics_drawRectangle)
                  000091fa    0000009c     Crystalfontz128x128_ST7735.obj (.text:Crystalfontz128x128_RectFill)
                  00009296    0000009c     grlib.a : line.obj (.text:Graphics_drawLineH)
                  00009332    0000009c             : line.obj (.text:Graphics_drawLineV)
                  000093ce    0000009c     rtsv7M4_T_le_v4SPD16_eabi.lib : memcpy_t2.asm.obj (.text)
                  0000946a    00000002     --HOLE-- [fill = 0]
                  0000946c    00000088     msp432p4xx_driverlib.lib : gpio.o (.text:GPIO_setAsPeripheralModuleFunctionInputPin)
                  000094f4    00000088                              : gpio.o (.text:GPIO_setAsPeripheralModuleFunctionOutputPin)
                  0000957c    00000088     main.obj (.text:initialize)
                  00009604    00000080     msp432p4xx_driverlib.lib : interrupt.o (.text:Interrupt_enableInterrupt)
                  00009684    00000080     Graphics_HAL.obj (.text:drawMenuCursor)
                  00009704    0000007a     rtsv7M4_T_le_v4SPD16_eabi.lib : memset_t2.asm.obj (.text)
                  0000977e    00000002     --HOLE-- [fill = 0]
                  00009780    00000070     ADC_HAL.obj (.text:debouncedJoystickPushRight)
                  000097f0    00000070     ADC_HAL.obj (.text:debouncedJoystickPushUp)
                  00009860    0000006c     grlib.a : image.obj (.text:Graphics_convertPalette)
                  000098cc    0000006c     ADC_HAL.obj (.text:debouncedJoystickPushDown)
                  00009938    0000006c     ADC_HAL.obj (.text:debouncedJoystickPushLeft)
                  000099a4    00000068     msp432p4xx_driverlib.lib : timer32.o (.text:Timer32_initModule)
                  00009a0c    00000068     rtsv7M4_T_le_v4SPD16_eabi.lib : copy_decompress_lzss.c.obj (.text:decompress:lzss:__TI_decompress_lzss)
                  00009a74    00000066     UART_HAL.obj (.text:consoleIntro)
                  00009ada    00000002     --HOLE-- [fill = 0]
                  00009adc    00000064     Timer32_HAL.obj (.text:initHWTimer0)
                  00009b40    00000064     Timer32_HAL.obj (.text:initHWTimer1)
                  00009ba4    00000060     Crystalfontz128x128_ST7735.obj (.text:Crystalfontz128x128_LineDrawH)
                  00009c04    00000060     Crystalfontz128x128_ST7735.obj (.text:Crystalfontz128x128_LineDrawV)
                  00009c64    0000005e     Graphics_HAL.obj (.text:clearInfoBox)
                  00009cc2    00000002     --HOLE-- [fill = 0]
                  00009cc4    00000058     msp432p4xx_driverlib.lib : gpio.o (.text:GPIO_setAsInputPinWithPullUpResistor)
                  00009d1c    00000058     ADC_HAL.obj (.text:setupRandom)
                  00009d74    00000056     RPG.obj (.text:initGame)
                  00009dca    00000056     Timer32_HAL.obj (.text:startHWTimer)
                  00009e20    00000054     msp432p4xx_driverlib.lib : adc14.o (.text:ADC14_initModule)
                  00009e74    00000054     Crystalfontz128x128_ST7735.obj (.text:Crystalfontz128x128_SetOrientation)
                  00009ec8    00000052     grlib.a : context.obj (.text:Graphics_initContext)
                  00009f1a    0000004e     Graphics_HAL.obj (.text:moveRichterDown)
                  00009f68    0000004e     Graphics_HAL.obj (.text:moveRichterLeft)
                  00009fb6    0000004e     Graphics_HAL.obj (.text:moveRichterRight)
                  0000a004    0000004e     Graphics_HAL.obj (.text:moveRichterUp)
                  0000a052    0000004c     ButtonLED_HAL.obj (.text:ButtonPushed)
                  0000a09e    00000002     --HOLE-- [fill = 0]
                  0000a0a0    0000004c     Graphics_HAL.obj (.text:clear_player)
                  0000a0ec    0000004c     UART_HAL.obj (.text:writeString)
                  0000a138    00000046     grlib.a : display.obj (.text:Graphics_drawMultiplePixelsOnDisplay)
                  0000a17e    00000002     --HOLE-- [fill = 0]
                  0000a180    00000044     rtsv7M4_T_le_v4SPD16_eabi.lib : autoinit.c.obj (.text:__TI_auto_init_nobinit_nopinit:__TI_auto_init_nobinit_nopinit)
                  0000a1c4    00000044     Graphics_HAL.obj (.text:drawMaroonSquare)
                  0000a208    00000040     Crystalfontz128x128_ST7735.obj (.text:Crystalfontz128x128_PixelDraw)
                  0000a248    00000040     msp432p4xx_driverlib.lib : gpio.o (.text:GPIO_setAsOutputPin)
                  0000a288    00000040     grlib.a : string.obj (.text:Graphics_getNumberOfLeadingZeros)
                  0000a2c8    00000040     HAL_MSP_EXP432P401R_Crystalfontz128x128_ST7735.obj (.text:HAL_LCD_SpiInit)
                  0000a308    00000040     Graphics_HAL.obj (.text:initGraphics)
                  0000a348    00000040     msp432p4xx_driverlib.lib : spi.o (.text:is_A_Module)
                  0000a388    00000038     HAL_MSP_EXP432P401R_Crystalfontz128x128_ST7735.obj (.text:HAL_LCD_writeCommand)
                  0000a3c0    00000038     msp432p4xx_driverlib.lib : timer32.o (.text:Timer32_startTimer)
                  0000a3f8    00000038     rtsv7M4_T_le_v4SPD16_eabi.lib : boot_cortex_m.c.obj (.text:_c_int00_noargs:_c_int00_noargs)
                  0000a430    00000036     grlib.a : display.obj (.text:Graphics_drawHorizontalLineOnDisplay)
                  0000a466    00000036             : display.obj (.text:Graphics_drawVerticalLineOnDisplay)
                  0000a49c    00000034     msp432p4xx_driverlib.lib : adc14.o (.text:ADC14_enableSampleTimer)
                  0000a4d0    00000034                              : timer32.o (.text:Timer32_setCount)
                  0000a504    00000034                              : uart.o (.text:UART_transmitData)
                  0000a538    00000034     main.obj (.text:splashScreen)
                  0000a56c    00000030     msp432p4xx_driverlib.lib : gpio.o (.text:GPIO_getInputPinValue)
                  0000a59c    00000030     HAL_MSP_EXP432P401R_Crystalfontz128x128_ST7735.obj (.text:HAL_LCD_PortInit)
                  0000a5cc    00000030     msp432p4xx_driverlib.lib : uart.o (.text:UART_receiveData)
                  0000a5fc    00000030     ADC_HAL.obj (.text:initJoyStick)
                  0000a62c    0000002c     msp432p4xx_driverlib.lib : adc14.o (.text:ADC14_toggleConversionTrigger)
                  0000a658    0000002c     Crystalfontz128x128_ST7735.obj (.text:Crystalfontz128x128_ClearScreen)
                  0000a684    0000002c     grlib.a : display.obj (.text:Graphics_drawPixelOnDisplay)
                  0000a6b0    0000002c     HAL_MSP_EXP432P401R_Crystalfontz128x128_ST7735.obj (.text:HAL_LCD_writeData)
                  0000a6dc    0000002a     UART_HAL.obj (.text:InitUART)
                  0000a706    00000002     --HOLE-- [fill = 0]
                  0000a708    00000028     msp432p4xx_driverlib.lib : adc14.o (.text:ADC14_enableConversion)
                  0000a730    00000028     Crystalfontz128x128_ST7735.obj (.text:Crystalfontz128x128_ColorTranslate)
                  0000a758    00000028     msp432p4xx_driverlib.lib : gpio.o (.text:GPIO_setOutputHighOnPin)
                  0000a780    00000028                              : gpio.o (.text:GPIO_setOutputLowOnPin)
                  0000a7a8    00000026     Timer32_HAL.obj (.text:WaitCycles)
                  0000a7ce    00000002     --HOLE-- [fill = 0]
                  0000a7d0    00000024     UART_HAL.obj (.text:UARTCanSend)
                  0000a7f4    00000024     msp432p4xx_driverlib.lib : wdt_a.o (.text:WDT_A_holdTimer)
                  0000a818    00000024     ADC_HAL.obj (.text:initADC)
                  0000a83c    00000022     ADC_HAL.obj (.text:createRandomBit)
                  0000a85e    0000001e     grlib.a : display.obj (.text:Graphics_fillRectangleOnDisplay)
                  0000a87c    0000001e     Timer32_HAL.obj (.text:InitOneShotSWTimer)
                  0000a89a    0000001e     Timer32_HAL.obj (.text:StartOneShotSWTimer)
                  0000a8b8    0000001e     UART_HAL.obj (.text:UARTHasChar)
                  0000a8d6    00000002     --HOLE-- [fill = 0]
                  0000a8d8    0000001c     msp432p4xx_driverlib.lib : adc14.o (.text:ADC14_getResult)
                  0000a8f4    0000001c                              : spi.o (.text:SPI_enableModule)
                  0000a910    0000001c     Timer32_HAL.obj (.text:T32_INT1_IRQHandler)
                  0000a92c    0000001c     ADC_HAL.obj (.text:getSampleJoyStick)
                  0000a948    0000001a     grlib.a : display.obj (.text:Graphics_clearDisplayOnDisplay)
                  0000a962    0000001a             : context.obj (.text:Graphics_setBackgroundColor)
                  0000a97c    0000001a             : context.obj (.text:Graphics_setFont)
                  0000a996    00000018     msp432p4xx_driverlib.lib : uart.o (.text:UART_getInterruptStatus)
                  0000a9ae    00000002     --HOLE-- [fill = 0]
                  0000a9b0    00000018     Graphics_HAL.obj (.text:drawOpeningSplash)
                  0000a9c8    00000018     rtsv7M4_T_le_v4SPD16_eabi.lib : ll_mul_t2.asm.obj (.text)
                  0000a9e0    00000016     msp432p4xx_driverlib.lib : spi.o (.text:EUSCI_A_SPI_enable)
                  0000a9f6    00000016                              : spi.o (.text:EUSCI_B_SPI_enable)
                  0000aa0c    00000016     grlib.a : context.obj (.text:Graphics_setForegroundColor)
                  0000aa22    00000016             : display.obj (.text:Graphics_translateColorOnDisplay)
                  0000aa38    00000016     msp432p4xx_driverlib.lib : uart.o (.text:UART_enableModule)
                  0000aa4e    00000014                              : timer32.o (.text:Timer32_clearInterruptFlag)
                  0000aa62    00000014     UART_HAL.obj (.text:UARTPutChar)
                  0000aa76    00000014     Graphics_HAL.obj (.text:clearScreen)
                  0000aa8a    00000012     grlib.a : context.obj (.text:Graphics_clearDisplay)
                  0000aa9c    00000010     msp432p4xx_driverlib.lib : adc14.o (.text:ADCIsConversionRunning)
                  0000aaac    0000000e     Graphics_HAL.obj (.text:InitFonts)
                  0000aaba    0000000e     msp432p4xx_driverlib.lib : timer32.o (.text:Timer32_getValue)
                  0000aac8    0000000e     rtsv7M4_T_le_v4SPD16_eabi.lib : copy_decompress_none.c.obj (.text:decompress:none:__TI_decompress_none)
                  0000aad6    00000002     --HOLE-- [fill = 0]
                  0000aad8    0000000c     msp432p4xx_driverlib.lib : adc14.o (.text:ADC14_enableModule)
                  0000aae4    0000000c     startup_msp432p401r_ccs.obj (.text:Reset_Handler)
                  0000aaf0    0000000c     UART_HAL.obj (.text:UARTGetChar)
                  0000aafc    0000000c     rtsv7M4_T_le_v4SPD16_eabi.lib : copy_zero_init.c.obj (.text:decompress:ZI:__TI_zero_init)
                  0000ab08    0000000c     ButtonLED_HAL.obj (.text:initialize_BoosterpackJoystickSelect)
                  0000ab14    0000000c     ADC_HAL.obj (.text:startADC)
                  0000ab20    0000000a     Crystalfontz128x128_ST7735.obj (.text:Crystalfontz128x128_Flush)
                  0000ab2a    00000004     rtsv7M4_T_le_v4SPD16_eabi.lib : pre_init.c.obj (.text:_system_pre_init)
                  0000ab2e    00000004                                   : exit.c.obj (.text:abort:abort)

.cinit     0    0000ab38    00000038     
                  0000ab38    0000000d     (.cinit..data.load) [load image, compression = lzss]
                  0000ab45    00000003     --HOLE-- [fill = 0]
                  0000ab48    0000000c     (__TI_handler_table)
                  0000ab54    00000004     --HOLE-- [fill = 0]
                  0000ab58    00000008     (.cinit..bss.load) [load image, compression = zero_init]
                  0000ab60    00000010     (__TI_cinit_table)

.init_array 
*          0    00000000    00000000     UNINITIALIZED

.binit     0    00000000    00000000     

.bss       0    20000000    0000043e     UNINITIALIZED
                  20000000    00000400     grlib.a : image.obj (.bss:g_pulConvertedPalette)
                  20000400    00000018     (.common:timer0)
                  20000418    00000018     (.common:timer1)
                  20000430    00000004     ADC_HAL.obj (.bss)
                  20000434    00000002     (.common:Lcd_ScreenHeigth)
                  20000436    00000002     (.common:Lcd_ScreenWidth)
                  20000438    00000002     (.common:Lcd_TouchTrim)
                  2000043a    00000001     (.common:Lcd_FlagRead)
                  2000043b    00000001     (.common:Lcd_FontSolid)
                  2000043c    00000001     (.common:Lcd_Orientation)
                  2000043d    00000001     (.common:Lcd_PenSolid)

.data      0    20000440    00000010     UNINITIALIZED
                  20000440    00000010     Crystalfontz128x128_ST7735.obj (.data:g_sCrystalfontz128x128)

.stack     0    2000fe00    00000200     UNINITIALIZED
                  2000fe00    00000004     rtsv7M4_T_le_v4SPD16_eabi.lib : boot_cortex_m.c.obj (.stack)
                  2000fe04    000001fc     --HOLE--

MODULE SUMMARY

       Module                                               code    ro data   rw data
       ------                                               ----    -------   -------
    .\
       title.obj                                            0       17424     0      
       Graphics_HAL.obj                                     2724    750       0      
       draculaDefault.obj                                   0       3360      0      
       title_logo.obj                                       0       3200      0      
       main.obj                                             1782    64        0      
       UART_HAL.obj                                         934     0         0      
       ADC_HAL.obj                                          686     0         8      
       Timer32_HAL.obj                                      582     0         0      
       ButtonLED_HAL.obj                                    294     0         96     
       system_msp432p401r.obj                               188     0         0      
       sord.obj                                             0       180       0      
       RPG.obj                                              86      0         0      
    +--+----------------------------------------------------+-------+---------+---------+
       Total:                                               7276    24978     104    
                                                                                     
    .\LcdDriver\
       Crystalfontz128x128_ST7735.obj                       1670    40        52     
       HAL_MSP_EXP432P401R_Crystalfontz128x128_ST7735.obj   212     28        0      
    +--+----------------------------------------------------+-------+---------+---------+
       Total:                                               1882    68        52     
                                                                                     
    .\ccs\
       startup_msp432p401r_ccs.obj                          14      228       0      
    +--+----------------------------------------------------+-------+---------+---------+
       Total:                                               14      228       0      
                                                                                     
    C:/ti/simplelink_msp432p4_sdk_2_40_00_10/source/ti/devices/msp432p4xx/driverlib/ccs/msp432p4xx_driverlib.lib
       adc14.o                                              960     128       0      
       gpio.o                                               552     48        0      
       uart.o                                               398     0         0      
       spi.o                                                312     0         0      
       timer32.o                                            246     0         0      
       interrupt.o                                          128     8         0      
       wdt_a.o                                              36      0         0      
    +--+----------------------------------------------------+-------+---------+---------+
       Total:                                               2632    184       0      
                                                                                     
    C:/ti/simplelink_msp432p4_sdk_2_40_00_10/source/ti/grlib/lib/ccs/m4f/grlib.a
       image.obj                                            1020    0         2048   
       fontcmtt12.obj                                       0       1513      0      
       string.obj                                           1214    0         0      
       circle.obj                                           554     0         0      
       rectangle.obj                                        436     0         0      
       line.obj                                             312     0         0      
       display.obj                                          300     0         0      
       context.obj                                          174     0         0      
    +--+----------------------------------------------------+-------+---------+---------+
       Total:                                               4010    1513      2048   
                                                                                     
    C:\ti\ccsv8\tools\compiler\ti-cgt-arm_18.1.4.LTS\lib\rtsv7M4_T_le_v4SPD16_eabi.lib
       fd_add_t2.asm.obj                                    438     0         0      
       memcpy_t2.asm.obj                                    156     0         0      
       memset_t2.asm.obj                                    122     0         0      
       copy_decompress_lzss.c.obj                           104     0         0      
       autoinit.c.obj                                       68      0         0      
       boot_cortex_m.c.obj                                  56      0         0      
       ll_mul_t2.asm.obj                                    24      0         0      
       copy_decompress_none.c.obj                           14      0         0      
       copy_zero_init.c.obj                                 12      0         0      
       exit.c.obj                                           4       0         0      
       pre_init.c.obj                                       4       0         0      
    +--+----------------------------------------------------+-------+---------+---------+
       Total:                                               1002    0         0      
                                                                                     
       Stack:                                               0       0         1024   
       Linker Generated:                                    0       49        0      
    +--+----------------------------------------------------+-------+---------+---------+
       Grand Total:                                         16816   27020     3228   


LINKER GENERATED COPY TABLES

__TI_cinit_table @ 0000ab60 records: 2, size/record: 8, table size: 16
	.data: load addr=0000ab38, load size=0000000d bytes, run addr=20000440, run size=00000010 bytes, compression=lzss
	.bss: load addr=0000ab58, load size=00000008 bytes, run addr=20000000, run size=0000043e bytes, compression=zero_init


LINKER GENERATED HANDLER TABLE

__TI_handler_table @ 0000ab48 records: 3, size/record: 4, table size: 12
	index: 0, handler: __TI_decompress_lzss
	index: 1, handler: __TI_decompress_none
	index: 2, handler: __TI_zero_init


GLOBAL SYMBOLS: SORTED ALPHABETICALLY BY Name 

address   name                                       
-------   ----                                       
0000716f  ADC14_IRQHandler                           
000090b5  ADC14_configureConversionMemory            
0000900d  ADC14_configureMultiSequenceMode           
0000a709  ADC14_enableConversion                     
0000aad9  ADC14_enableModule                         
0000a49d  ADC14_enableSampleTimer                    
0000a8d9  ADC14_getResult                            
00009e21  ADC14_initModule                           
0000a62d  ADC14_toggleConversionTrigger              
0000716f  AES256_IRQHandler                          
0000716f  BusFault_Handler                           
0000a053  ButtonPushed                               
0000ab2f  C$$EXIT                                    
0000716f  COMP_E0_IRQHandler                         
0000716f  COMP_E1_IRQHandler                         
0000716f  CS_IRQHandler                              
00008555  Crystalfontz128x128_Init                   
000082f1  Crystalfontz128x128_SetDrawFrame           
00009e75  Crystalfontz128x128_SetOrientation         
0000716f  DMA_ERR_IRQHandler                         
0000716f  DMA_INT0_IRQHandler                        
0000716f  DMA_INT1_IRQHandler                        
0000716f  DMA_INT2_IRQHandler                        
0000716f  DMA_INT3_IRQHandler                        
00008bb5  Debounce                                   
0000716f  DebugMon_Handler                           
0000716f  Default_Handler                            
0000716f  EUSCIA0_IRQHandler                         
0000716f  EUSCIA1_IRQHandler                         
0000716f  EUSCIA2_IRQHandler                         
0000716f  EUSCIA3_IRQHandler                         
0000716f  EUSCIB0_IRQHandler                         
0000716f  EUSCIB1_IRQHandler                         
0000716f  EUSCIB2_IRQHandler                         
0000716f  EUSCIB3_IRQHandler                         
0000a9e1  EUSCI_A_SPI_enable                         
0000a9f7  EUSCI_B_SPI_enable                         
0000716f  FLCTL_IRQHandler                           
0000716f  FPU_IRQHandler                             
0000a56d  GPIO_getInputPinValue                      
00009cc5  GPIO_setAsInputPinWithPullUpResistor       
0000a249  GPIO_setAsOutputPin                        
0000946d  GPIO_setAsPeripheralModuleFunctionInputPin 
000094f5  GPIO_setAsPeripheralModuleFunctionOutputPin
0000a759  GPIO_setOutputHighOnPin                    
0000a781  GPIO_setOutputLowOnPin                     
0000aa8b  Graphics_clearDisplay                      
0000a949  Graphics_clearDisplayOnDisplay             
0000a431  Graphics_drawHorizontalLineOnDisplay       
00006ddf  Graphics_drawImage                         
00009297  Graphics_drawLineH                         
00009333  Graphics_drawLineV                         
0000a139  Graphics_drawMultiplePixelsOnDisplay       
0000a685  Graphics_drawPixelOnDisplay                
00009159  Graphics_drawRectangle                     
00006961  Graphics_drawString                        
0000a467  Graphics_drawVerticalLineOnDisplay         
0000740d  Graphics_fillCircle                        
000088c5  Graphics_fillRectangle                     
0000a85f  Graphics_fillRectangleOnDisplay            
00009ec9  Graphics_initContext                       
0000a963  Graphics_setBackgroundColor                
0000a97d  Graphics_setFont                           
0000aa0d  Graphics_setForegroundColor                
0000aa23  Graphics_translateColorOnDisplay           
0000a59d  HAL_LCD_PortInit                           
0000a2c9  HAL_LCD_SpiInit                            
0000a389  HAL_LCD_writeCommand                       
0000a6b1  HAL_LCD_writeData                          
0000716f  HardFault_Handler                          
0000aaad  InitFonts                                  
0000a87d  InitOneShotSWTimer                         
0000a6dd  InitUART                                   
00009605  Interrupt_enableInterrupt                  
2000043a  Lcd_FlagRead                               
2000043b  Lcd_FontSolid                              
2000043c  Lcd_Orientation                            
2000043d  Lcd_PenSolid                               
20000434  Lcd_ScreenHeigth                           
20000436  Lcd_ScreenWidth                            
20000438  Lcd_TouchTrim                              
0000716f  MemManage_Handler                          
0000716f  NMI_Handler                                
00008f63  OneShotSWTimerExpired                      
0000716f  PCM_IRQHandler                             
0000716f  PORT1_IRQHandler                           
0000716f  PORT2_IRQHandler                           
0000716f  PORT3_IRQHandler                           
0000716f  PORT4_IRQHandler                           
0000716f  PORT5_IRQHandler                           
0000716f  PORT6_IRQHandler                           
0000716f  PSS_IRQHandler                             
0000716f  PendSV_Handler                             
0000716f  RTC_C_IRQHandler                           
0000aae5  Reset_Handler                              
0000a8f5  SPI_enableModule                           
00008e05  SPI_initMaster                             
0000716f  SVC_Handler                                
0000a89b  StartOneShotSWTimer                        
0000716f  SysTick_Handler                            
00008d49  SystemInit                                 
0000a911  T32_INT1_IRQHandler                        
0000a911  T32_INT1_IRQHandler                        
0000716f  T32_INT2_IRQHandler                        
0000716f  T32_INTC_IRQHandler                        
0000716f  TA0_0_IRQHandler                           
0000716f  TA0_N_IRQHandler                           
0000716f  TA1_0_IRQHandler                           
0000716f  TA1_N_IRQHandler                           
0000716f  TA2_0_IRQHandler                           
0000716f  TA2_N_IRQHandler                           
0000716f  TA3_0_IRQHandler                           
0000716f  TA3_N_IRQHandler                           
0000aa4f  Timer32_clearInterruptFlag                 
0000aabb  Timer32_getValue                           
000099a5  Timer32_initModule                         
0000a4d1  Timer32_setCount                           
0000a3c1  Timer32_startTimer                         
0000a7d1  UARTCanSend                                
0000aaf1  UARTGetChar                                
0000a8b9  UARTHasChar                                
0000aa63  UARTPutChar                                
0000aa39  UART_enableModule                          
0000a997  UART_getInterruptStatus                    
000089d9  UART_initModule                            
0000a5cd  UART_receiveData                           
0000a505  UART_transmitData                          
0000716f  UsageFault_Handler                         
4000480c  WDTCTL_SYM                                 
0000716f  WDT_A_IRQHandler                           
0000a7f5  WDT_A_holdTimer                            
0000a7a9  WaitCycles                                 
20010000  __STACK_END                                
00000200  __STACK_SIZE                               
0000ab60  __TI_CINIT_Base                            
0000ab70  __TI_CINIT_Limit                           
0000ab48  __TI_Handler_Table_Base                    
0000ab54  __TI_Handler_Table_Limit                   
0000a181  __TI_auto_init_nobinit_nopinit             
00009a0d  __TI_decompress_lzss                       
0000aac9  __TI_decompress_none                       
ffffffff  __TI_pprof_out_hndl                        
ffffffff  __TI_prof_data_size                        
ffffffff  __TI_prof_data_start                       
00000000  __TI_static_base__                         
0000aafd  __TI_zero_init                             
00007a2b  __aeabi_dadd                               
00007a21  __aeabi_dsub                               
0000a9c9  __aeabi_lmul                               
00009705  __aeabi_memclr                             
00009705  __aeabi_memclr4                            
00009705  __aeabi_memclr8                            
000093cf  __aeabi_memcpy                             
000093cf  __aeabi_memcpy4                            
000093cf  __aeabi_memcpy8                            
00009707  __aeabi_memset                             
00009707  __aeabi_memset4                            
00009707  __aeabi_memset8                            
ffffffff  __binit__                                  
ffffffff  __c_args__                                 
UNDEFED   __mpu_init                                 
2000fe00  __stack                                    
0000a3f9  _c_int00_noargs                            
UNDEFED   _system_post_cinit                         
0000ab2b  _system_pre_init                           
0000ab2f  abort                                      
00008eb5  battleController                           
ffffffff  binit                                      
00009c65  clearInfoBox                               
0000aa77  clearScreen                                
0000a0a1  clear_player                               
00008681  consoleHelpBattle                          
000081ad  consoleHelpDungeon                         
00009a75  consoleIntro                               
0000a83d  createRandomBit                            
000098cd  debouncedJoystickPushDown                  
00009939  debouncedJoystickPushLeft                  
00009781  debouncedJoystickPushRight                 
000097f1  debouncedJoystickPushUp                    
00006910  draculaDefault8BPP_UNCOMP                  
00007d81  drawBattleCursor                           
00007639  drawBattleDisplay                          
000087a9  drawDungeonDisplay                         
00008425  drawHelpScreen                             
00008ad5  drawHighScores                             
00008c85  drawMainMenu                               
0000a1c5  drawMaroonSquare                           
00009685  drawMenuCursor                             
0000a9b1  drawOpeningSplash                          
00007bd9  dungeonController                          
20000440  g_sCrystalfontz128x128                     
000065c8  g_sCrystalfontz128x128_funcs               
00006348  g_sFontCmtt12                              
0000a92d  getSampleJoyStick                          
0000a819  initADC                                    
00009d75  initGame                                   
0000a309  initGraphics                               
00009add  initHWTimer0                               
00009b41  initHWTimer1                               
0000a5fd  initJoyStick                               
0000957d  initialize                                 
0000ab09  initialize_BoosterpackJoystickSelect       
00000000  interruptVectors                           
00007171  main                                       
00008065  mainMenu                                   
000093cf  memcpy                                     
0000970d  memset                                     
00009f1b  moveRichterDown                            
00009f69  moveRichterLeft                            
00009fb7  moveRichterRight                           
0000a005  moveRichterUp                              
00009d1d  setupRandom                                
00006920  sord4BPP_UNCOMP                            
0000a539  splashScreen                               
0000ab15  startADC                                   
00009dcb  startHWTimer                               
20000400  timer0                                     
20000418  timer1                                     
00006930  title8BPP_UNCOMP                           
00006940  title_logo4BPP_UNCOMP                      
0000a0ed  writeString                                


GLOBAL SYMBOLS: SORTED BY Symbol Address 

address   name                                       
-------   ----                                       
00000000  __TI_static_base__                         
00000000  interruptVectors                           
00000200  __STACK_SIZE                               
00006348  g_sFontCmtt12                              
000065c8  g_sCrystalfontz128x128_funcs               
00006910  draculaDefault8BPP_UNCOMP                  
00006920  sord4BPP_UNCOMP                            
00006930  title8BPP_UNCOMP                           
00006940  title_logo4BPP_UNCOMP                      
00006961  Graphics_drawString                        
00006ddf  Graphics_drawImage                         
0000716f  ADC14_IRQHandler                           
0000716f  AES256_IRQHandler                          
0000716f  BusFault_Handler                           
0000716f  COMP_E0_IRQHandler                         
0000716f  COMP_E1_IRQHandler                         
0000716f  CS_IRQHandler                              
0000716f  DMA_ERR_IRQHandler                         
0000716f  DMA_INT0_IRQHandler                        
0000716f  DMA_INT1_IRQHandler                        
0000716f  DMA_INT2_IRQHandler                        
0000716f  DMA_INT3_IRQHandler                        
0000716f  DebugMon_Handler                           
0000716f  Default_Handler                            
0000716f  EUSCIA0_IRQHandler                         
0000716f  EUSCIA1_IRQHandler                         
0000716f  EUSCIA2_IRQHandler                         
0000716f  EUSCIA3_IRQHandler                         
0000716f  EUSCIB0_IRQHandler                         
0000716f  EUSCIB1_IRQHandler                         
0000716f  EUSCIB2_IRQHandler                         
0000716f  EUSCIB3_IRQHandler                         
0000716f  FLCTL_IRQHandler                           
0000716f  FPU_IRQHandler                             
0000716f  HardFault_Handler                          
0000716f  MemManage_Handler                          
0000716f  NMI_Handler                                
0000716f  PCM_IRQHandler                             
0000716f  PORT1_IRQHandler                           
0000716f  PORT2_IRQHandler                           
0000716f  PORT3_IRQHandler                           
0000716f  PORT4_IRQHandler                           
0000716f  PORT5_IRQHandler                           
0000716f  PORT6_IRQHandler                           
0000716f  PSS_IRQHandler                             
0000716f  PendSV_Handler                             
0000716f  RTC_C_IRQHandler                           
0000716f  SVC_Handler                                
0000716f  SysTick_Handler                            
0000716f  T32_INT2_IRQHandler                        
0000716f  T32_INTC_IRQHandler                        
0000716f  TA0_0_IRQHandler                           
0000716f  TA0_N_IRQHandler                           
0000716f  TA1_0_IRQHandler                           
0000716f  TA1_N_IRQHandler                           
0000716f  TA2_0_IRQHandler                           
0000716f  TA2_N_IRQHandler                           
0000716f  TA3_0_IRQHandler                           
0000716f  TA3_N_IRQHandler                           
0000716f  UsageFault_Handler                         
0000716f  WDT_A_IRQHandler                           
00007171  main                                       
0000740d  Graphics_fillCircle                        
00007639  drawBattleDisplay                          
00007a21  __aeabi_dsub                               
00007a2b  __aeabi_dadd                               
00007bd9  dungeonController                          
00007d81  drawBattleCursor                           
00008065  mainMenu                                   
000081ad  consoleHelpDungeon                         
000082f1  Crystalfontz128x128_SetDrawFrame           
00008425  drawHelpScreen                             
00008555  Crystalfontz128x128_Init                   
00008681  consoleHelpBattle                          
000087a9  drawDungeonDisplay                         
000088c5  Graphics_fillRectangle                     
000089d9  UART_initModule                            
00008ad5  drawHighScores                             
00008bb5  Debounce                                   
00008c85  drawMainMenu                               
00008d49  SystemInit                                 
00008e05  SPI_initMaster                             
00008eb5  battleController                           
00008f63  OneShotSWTimerExpired                      
0000900d  ADC14_configureMultiSequenceMode           
000090b5  ADC14_configureConversionMemory            
00009159  Graphics_drawRectangle                     
00009297  Graphics_drawLineH                         
00009333  Graphics_drawLineV                         
000093cf  __aeabi_memcpy                             
000093cf  __aeabi_memcpy4                            
000093cf  __aeabi_memcpy8                            
000093cf  memcpy                                     
0000946d  GPIO_setAsPeripheralModuleFunctionInputPin 
000094f5  GPIO_setAsPeripheralModuleFunctionOutputPin
0000957d  initialize                                 
00009605  Interrupt_enableInterrupt                  
00009685  drawMenuCursor                             
00009705  __aeabi_memclr                             
00009705  __aeabi_memclr4                            
00009705  __aeabi_memclr8                            
00009707  __aeabi_memset                             
00009707  __aeabi_memset4                            
00009707  __aeabi_memset8                            
0000970d  memset                                     
00009781  debouncedJoystickPushRight                 
000097f1  debouncedJoystickPushUp                    
000098cd  debouncedJoystickPushDown                  
00009939  debouncedJoystickPushLeft                  
000099a5  Timer32_initModule                         
00009a0d  __TI_decompress_lzss                       
00009a75  consoleIntro                               
00009add  initHWTimer0                               
00009b41  initHWTimer1                               
00009c65  clearInfoBox                               
00009cc5  GPIO_setAsInputPinWithPullUpResistor       
00009d1d  setupRandom                                
00009d75  initGame                                   
00009dcb  startHWTimer                               
00009e21  ADC14_initModule                           
00009e75  Crystalfontz128x128_SetOrientation         
00009ec9  Graphics_initContext                       
00009f1b  moveRichterDown                            
00009f69  moveRichterLeft                            
00009fb7  moveRichterRight                           
0000a005  moveRichterUp                              
0000a053  ButtonPushed                               
0000a0a1  clear_player                               
0000a0ed  writeString                                
0000a139  Graphics_drawMultiplePixelsOnDisplay       
0000a181  __TI_auto_init_nobinit_nopinit             
0000a1c5  drawMaroonSquare                           
0000a249  GPIO_setAsOutputPin                        
0000a2c9  HAL_LCD_SpiInit                            
0000a309  initGraphics                               
0000a389  HAL_LCD_writeCommand                       
0000a3c1  Timer32_startTimer                         
0000a3f9  _c_int00_noargs                            
0000a431  Graphics_drawHorizontalLineOnDisplay       
0000a467  Graphics_drawVerticalLineOnDisplay         
0000a49d  ADC14_enableSampleTimer                    
0000a4d1  Timer32_setCount                           
0000a505  UART_transmitData                          
0000a539  splashScreen                               
0000a56d  GPIO_getInputPinValue                      
0000a59d  HAL_LCD_PortInit                           
0000a5cd  UART_receiveData                           
0000a5fd  initJoyStick                               
0000a62d  ADC14_toggleConversionTrigger              
0000a685  Graphics_drawPixelOnDisplay                
0000a6b1  HAL_LCD_writeData                          
0000a6dd  InitUART                                   
0000a709  ADC14_enableConversion                     
0000a759  GPIO_setOutputHighOnPin                    
0000a781  GPIO_setOutputLowOnPin                     
0000a7a9  WaitCycles                                 
0000a7d1  UARTCanSend                                
0000a7f5  WDT_A_holdTimer                            
0000a819  initADC                                    
0000a83d  createRandomBit                            
0000a85f  Graphics_fillRectangleOnDisplay            
0000a87d  InitOneShotSWTimer                         
0000a89b  StartOneShotSWTimer                        
0000a8b9  UARTHasChar                                
0000a8d9  ADC14_getResult                            
0000a8f5  SPI_enableModule                           
0000a911  T32_INT1_IRQHandler                        
0000a911  T32_INT1_IRQHandler                        
0000a92d  getSampleJoyStick                          
0000a949  Graphics_clearDisplayOnDisplay             
0000a963  Graphics_setBackgroundColor                
0000a97d  Graphics_setFont                           
0000a997  UART_getInterruptStatus                    
0000a9b1  drawOpeningSplash                          
0000a9c9  __aeabi_lmul                               
0000a9e1  EUSCI_A_SPI_enable                         
0000a9f7  EUSCI_B_SPI_enable                         
0000aa0d  Graphics_setForegroundColor                
0000aa23  Graphics_translateColorOnDisplay           
0000aa39  UART_enableModule                          
0000aa4f  Timer32_clearInterruptFlag                 
0000aa63  UARTPutChar                                
0000aa77  clearScreen                                
0000aa8b  Graphics_clearDisplay                      
0000aaad  InitFonts                                  
0000aabb  Timer32_getValue                           
0000aac9  __TI_decompress_none                       
0000aad9  ADC14_enableModule                         
0000aae5  Reset_Handler                              
0000aaf1  UARTGetChar                                
0000aafd  __TI_zero_init                             
0000ab09  initialize_BoosterpackJoystickSelect       
0000ab15  startADC                                   
0000ab2b  _system_pre_init                           
0000ab2f  C$$EXIT                                    
0000ab2f  abort                                      
0000ab48  __TI_Handler_Table_Base                    
0000ab54  __TI_Handler_Table_Limit                   
0000ab60  __TI_CINIT_Base                            
0000ab70  __TI_CINIT_Limit                           
20000400  timer0                                     
20000418  timer1                                     
20000434  Lcd_ScreenHeigth                           
20000436  Lcd_ScreenWidth                            
20000438  Lcd_TouchTrim                              
2000043a  Lcd_FlagRead                               
2000043b  Lcd_FontSolid                              
2000043c  Lcd_Orientation                            
2000043d  Lcd_PenSolid                               
20000440  g_sCrystalfontz128x128                     
2000fe00  __stack                                    
20010000  __STACK_END                                
4000480c  WDTCTL_SYM                                 
ffffffff  __TI_pprof_out_hndl                        
ffffffff  __TI_prof_data_size                        
ffffffff  __TI_prof_data_start                       
ffffffff  __binit__                                  
ffffffff  __c_args__                                 
ffffffff  binit                                      
UNDEFED   __mpu_init                                 
UNDEFED   _system_post_cinit                         

[221 symbols]
