******************************************************************************
                  TI ARM Linker PC v18.1.4                     
******************************************************************************
>> Linked Sat Aug 17 23:01:43 2019

OUTPUT FILE NAME:   <JustMonika_Chess.out>
ENTRY POINT SYMBOL: "_c_int00_noargs"  address: 00007231


MEMORY CONFIGURATION

         name            origin    length      used     unused   attr    fill
----------------------  --------  ---------  --------  --------  ----  --------
  MAIN                  00000000   00040000  00007788  00038878  R  X
  INFO                  00200000   00004000  00000000  00004000  R  X
  SRAM_CODE             01000000   00010000  0000064a  0000f9b6  RW X
  SRAM_DATA             20000000   00010000  0000064a  0000f9b6  RW  


SEGMENT ALLOCATION MAP

run origin  load origin   length   init length attrs members
----------  ----------- ---------- ----------- ----- -------
00000000    00000000    00007788   00007788    r-x
  00000000    00000000    000000e4   000000e4    r-- .intvecs
  000000e4    000000e4    00005048   00005048    r-- .const
  0000512c    0000512c    00002624   00002624    r-x .text
  00007750    00007750    00000038   00000038    r-- .cinit
20000000    20000000    0000044c   00000000    rw-
  20000000    20000000    0000043a   00000000    rw- .bss
  2000043c    2000043c    00000010   00000000    rw- .data
2000fe00    2000fe00    00000200   00000000    rw-
  2000fe00    2000fe00    00000200   00000000    rw- .stack


SECTION ALLOCATION MAP

 output                                  attributes/
section   page    origin      length       input sections
--------  ----  ----------  ----------   ----------------
.intvecs   0    00000000    000000e4     
                  00000000    000000e4     startup_msp432p401r_ccs.obj (.intvecs:retain)

.const     0    000000e4    00005048     
                  000000e4    000045ac     splash.obj (.const:.string:pixel_splash8BPP_COMP_RLE8)
                  00004690    00000521     grlib.a : fontcmtt12.obj (.const:.string:g_pucCmtt12Data)
                  00004bb1    00000003     --HOLE-- [fill = 0]
                  00004bb4    00000400     splash.obj (.const:palette_splash8BPP_COMP_RLE8)
                  00004fb4    000000c8     grlib.a : fontcmtt12.obj (.const:g_sFontCmtt12)
                  0000507c    00000030     msp432p4xx_driverlib.lib : gpio.o (.const:GPIO_PORT_TO_BASE)
                  000050ac    00000024     main.obj (.const:$P$T0$1)
                  000050d0    00000020     Crystalfontz128x128_ST7735.obj (.const:g_sCrystalfontz128x128_funcs)
                  000050f0    0000001c     HAL_MSP_EXP432P401R_Crystalfontz128x128_ST7735.obj (.const:$P$T0$1)
                  0000510c    00000010     splash.obj (.const:splash8BPP_COMP_RLE8)
                  0000511c    00000008     Crystalfontz128x128_ST7735.obj (.const:$P$T0$1)
                  00005124    00000008     msp432p4xx_driverlib.lib : interrupt.o (.const:g_pulEnRegs)

.text      0    0000512c    00002624     
                  0000512c    00000390     grlib.a : image.obj (.text:Graphics_drawImage)
                  000054bc    00000278     main.obj (.text:main)
                  00005734    00000238     Graphics_HAL.obj (.text:drawGameDisplay)
                  0000596c    0000022a     grlib.a : circle.obj (.text:Graphics_fillCircle)
                  00005b96    000001d8     Crystalfontz128x128_ST7735.obj (.text:Crystalfontz128x128_PixelDrawMultiple)
                  00005d6e    00000002     startup_msp432p401r_ccs.obj (.text:Default_Handler)
                  00005d70    00000134     Crystalfontz128x128_ST7735.obj (.text:Crystalfontz128x128_SetDrawFrame)
                  00005ea4    0000012c     Crystalfontz128x128_ST7735.obj (.text:Crystalfontz128x128_Init)
                  00005fd0    00000126     UART_HAL.obj (.text:consoleHelp_2)
                  000060f6    00000002     --HOLE-- [fill = 0]
                  000060f8    0000011a     UART_HAL.obj (.text:consoleHelp)
                  00006212    00000112     grlib.a : rectangle.obj (.text:Graphics_fillRectangle)
                  00006324    000000fc     msp432p4xx_driverlib.lib : uart.o (.text:UART_initModule)
                  00006420    000000de     UART_HAL.obj (.text:consoleIntro)
                  000064fe    00000002     --HOLE-- [fill = 0]
                  00006500    000000bc     system_msp432p401r.obj (.text:SystemInit)
                  000065bc    000000b0     msp432p4xx_driverlib.lib : spi.o (.text:SPI_initMaster)
                  0000666c    000000aa     Timer32_HAL.obj (.text:OneShotSWTimerExpired)
                  00006716    0000009c     Crystalfontz128x128_ST7735.obj (.text:Crystalfontz128x128_RectFill)
                  000067b2    0000009c     grlib.a : line.obj (.text:Graphics_drawLineH)
                  0000684e    0000009c     rtsv7M4_T_le_v4SPD16_eabi.lib : memcpy_t2.asm.obj (.text)
                  000068ea    00000002     --HOLE-- [fill = 0]
                  000068ec    00000088     msp432p4xx_driverlib.lib : gpio.o (.text:GPIO_setAsPeripheralModuleFunctionInputPin)
                  00006974    00000088                              : gpio.o (.text:GPIO_setAsPeripheralModuleFunctionOutputPin)
                  000069fc    00000080                              : interrupt.o (.text:Interrupt_enableInterrupt)
                  00006a7c    0000007a     rtsv7M4_T_le_v4SPD16_eabi.lib : memset_t2.asm.obj (.text)
                  00006af6    00000002     --HOLE-- [fill = 0]
                  00006af8    0000006c     grlib.a : image.obj (.text:Graphics_convertPalette)
                  00006b64    00000068     msp432p4xx_driverlib.lib : timer32.o (.text:Timer32_initModule)
                  00006bcc    00000068     rtsv7M4_T_le_v4SPD16_eabi.lib : copy_decompress_lzss.c.obj (.text:decompress:lzss:__TI_decompress_lzss)
                  00006c34    00000064     Timer32_HAL.obj (.text:initHWTimer0)
                  00006c98    00000064     Timer32_HAL.obj (.text:initHWTimer1)
                  00006cfc    00000060     Crystalfontz128x128_ST7735.obj (.text:Crystalfontz128x128_LineDrawH)
                  00006d5c    00000060     Crystalfontz128x128_ST7735.obj (.text:Crystalfontz128x128_LineDrawV)
                  00006dbc    0000005c     main.obj (.text:initialize)
                  00006e18    00000056     Timer32_HAL.obj (.text:startHWTimer)
                  00006e6e    00000002     --HOLE-- [fill = 0]
                  00006e70    00000054     Crystalfontz128x128_ST7735.obj (.text:Crystalfontz128x128_SetOrientation)
                  00006ec4    00000052     grlib.a : context.obj (.text:Graphics_initContext)
                  00006f16    00000002     --HOLE-- [fill = 0]
                  00006f18    0000004c     main.obj (.text:clear_player)
                  00006f64    0000004c     UART_HAL.obj (.text:writeString)
                  00006fb0    00000046     grlib.a : display.obj (.text:Graphics_drawMultiplePixelsOnDisplay)
                  00006ff6    00000002     --HOLE-- [fill = 0]
                  00006ff8    00000044     rtsv7M4_T_le_v4SPD16_eabi.lib : autoinit.c.obj (.text:__TI_auto_init_nobinit_nopinit:__TI_auto_init_nobinit_nopinit)
                  0000703c    00000044     Graphics_HAL.obj (.text:drawMaroonSquare)
                  00007080    00000040     Crystalfontz128x128_ST7735.obj (.text:Crystalfontz128x128_PixelDraw)
                  000070c0    00000040     msp432p4xx_driverlib.lib : gpio.o (.text:GPIO_setAsOutputPin)
                  00007100    00000040     HAL_MSP_EXP432P401R_Crystalfontz128x128_ST7735.obj (.text:HAL_LCD_SpiInit)
                  00007140    00000040     Graphics_HAL.obj (.text:initGraphics)
                  00007180    00000040     msp432p4xx_driverlib.lib : spi.o (.text:is_A_Module)
                  000071c0    00000038     HAL_MSP_EXP432P401R_Crystalfontz128x128_ST7735.obj (.text:HAL_LCD_writeCommand)
                  000071f8    00000038     msp432p4xx_driverlib.lib : timer32.o (.text:Timer32_startTimer)
                  00007230    00000038     rtsv7M4_T_le_v4SPD16_eabi.lib : boot_cortex_m.c.obj (.text:_c_int00_noargs:_c_int00_noargs)
                  00007268    00000036     grlib.a : display.obj (.text:Graphics_drawHorizontalLineOnDisplay)
                  0000729e    00000002     --HOLE-- [fill = 0]
                  000072a0    00000034     msp432p4xx_driverlib.lib : timer32.o (.text:Timer32_setCount)
                  000072d4    00000034                              : uart.o (.text:UART_transmitData)
                  00007308    00000030     HAL_MSP_EXP432P401R_Crystalfontz128x128_ST7735.obj (.text:HAL_LCD_PortInit)
                  00007338    00000030     msp432p4xx_driverlib.lib : uart.o (.text:UART_receiveData)
                  00007368    0000002c     Crystalfontz128x128_ST7735.obj (.text:Crystalfontz128x128_ClearScreen)
                  00007394    0000002c     grlib.a : display.obj (.text:Graphics_drawPixelOnDisplay)
                  000073c0    0000002c     HAL_MSP_EXP432P401R_Crystalfontz128x128_ST7735.obj (.text:HAL_LCD_writeData)
                  000073ec    0000002a     UART_HAL.obj (.text:InitUART)
                  00007416    00000028     Crystalfontz128x128_ST7735.obj (.text:Crystalfontz128x128_ColorTranslate)
                  0000743e    00000002     --HOLE-- [fill = 0]
                  00007440    00000028     msp432p4xx_driverlib.lib : gpio.o (.text:GPIO_setOutputHighOnPin)
                  00007468    00000028                              : gpio.o (.text:GPIO_setOutputLowOnPin)
                  00007490    00000026     Timer32_HAL.obj (.text:WaitCycles)
                  000074b6    00000002     --HOLE-- [fill = 0]
                  000074b8    00000024     UART_HAL.obj (.text:UARTCanSend)
                  000074dc    00000024     msp432p4xx_driverlib.lib : wdt_a.o (.text:WDT_A_holdTimer)
                  00007500    0000001e     grlib.a : display.obj (.text:Graphics_fillRectangleOnDisplay)
                  0000751e    0000001e     Timer32_HAL.obj (.text:InitOneShotSWTimer)
                  0000753c    0000001e     Timer32_HAL.obj (.text:StartOneShotSWTimer)
                  0000755a    0000001e     UART_HAL.obj (.text:UARTHasChar)
                  00007578    0000001c     msp432p4xx_driverlib.lib : spi.o (.text:SPI_enableModule)
                  00007594    0000001c     Timer32_HAL.obj (.text:T32_INT1_IRQHandler)
                  000075b0    0000001a     grlib.a : display.obj (.text:Graphics_clearDisplayOnDisplay)
                  000075ca    0000001a             : context.obj (.text:Graphics_setBackgroundColor)
                  000075e4    0000001a             : context.obj (.text:Graphics_setFont)
                  000075fe    00000018     msp432p4xx_driverlib.lib : uart.o (.text:UART_getInterruptStatus)
                  00007616    00000002     --HOLE-- [fill = 0]
                  00007618    00000018     Graphics_HAL.obj (.text:drawOpeningSplash)
                  00007630    00000018     rtsv7M4_T_le_v4SPD16_eabi.lib : ll_mul_t2.asm.obj (.text)
                  00007648    00000016     msp432p4xx_driverlib.lib : spi.o (.text:EUSCI_A_SPI_enable)
                  0000765e    00000016                              : spi.o (.text:EUSCI_B_SPI_enable)
                  00007674    00000016     grlib.a : context.obj (.text:Graphics_setForegroundColor)
                  0000768a    00000016             : display.obj (.text:Graphics_translateColorOnDisplay)
                  000076a0    00000016     msp432p4xx_driverlib.lib : uart.o (.text:UART_enableModule)
                  000076b6    00000014                              : timer32.o (.text:Timer32_clearInterruptFlag)
                  000076ca    00000014     UART_HAL.obj (.text:UARTPutChar)
                  000076de    00000012     grlib.a : context.obj (.text:Graphics_clearDisplay)
                  000076f0    0000000e     Graphics_HAL.obj (.text:InitFonts)
                  000076fe    0000000e     msp432p4xx_driverlib.lib : timer32.o (.text:Timer32_getValue)
                  0000770c    0000000e     rtsv7M4_T_le_v4SPD16_eabi.lib : copy_decompress_none.c.obj (.text:decompress:none:__TI_decompress_none)
                  0000771a    0000000c     startup_msp432p401r_ccs.obj (.text:Reset_Handler)
                  00007726    0000000c     UART_HAL.obj (.text:UARTGetChar)
                  00007732    0000000c     rtsv7M4_T_le_v4SPD16_eabi.lib : copy_zero_init.c.obj (.text:decompress:ZI:__TI_zero_init)
                  0000773e    0000000a     Crystalfontz128x128_ST7735.obj (.text:Crystalfontz128x128_Flush)
                  00007748    00000004     rtsv7M4_T_le_v4SPD16_eabi.lib : pre_init.c.obj (.text:_system_pre_init)
                  0000774c    00000004                                   : exit.c.obj (.text:abort:abort)

.cinit     0    00007750    00000038     
                  00007750    0000000d     (.cinit..data.load) [load image, compression = lzss]
                  0000775d    00000003     --HOLE-- [fill = 0]
                  00007760    0000000c     (__TI_handler_table)
                  0000776c    00000004     --HOLE-- [fill = 0]
                  00007770    00000008     (.cinit..bss.load) [load image, compression = zero_init]
                  00007778    00000010     (__TI_cinit_table)

.init_array 
*          0    00000000    00000000     UNINITIALIZED

.binit     0    00000000    00000000     

.bss       0    20000000    0000043a     UNINITIALIZED
                  20000000    00000400     grlib.a : image.obj (.bss:g_pulConvertedPalette)
                  20000400    00000018     (.common:timer0)
                  20000418    00000018     (.common:timer1)
                  20000430    00000002     (.common:Lcd_ScreenHeigth)
                  20000432    00000002     (.common:Lcd_ScreenWidth)
                  20000434    00000002     (.common:Lcd_TouchTrim)
                  20000436    00000001     (.common:Lcd_FlagRead)
                  20000437    00000001     (.common:Lcd_FontSolid)
                  20000438    00000001     (.common:Lcd_Orientation)
                  20000439    00000001     (.common:Lcd_PenSolid)

.data      0    2000043c    00000010     UNINITIALIZED
                  2000043c    00000010     Crystalfontz128x128_ST7735.obj (.data:g_sCrystalfontz128x128)

.stack     0    2000fe00    00000200     UNINITIALIZED
                  2000fe00    00000004     rtsv7M4_T_le_v4SPD16_eabi.lib : boot_cortex_m.c.obj (.stack)
                  2000fe04    000001fc     --HOLE--

MODULE SUMMARY

       Module                                               code   ro data   rw data
       ------                                               ----   -------   -------
    .\
       splash.obj                                           0      18876     0      
       UART_HAL.obj                                         1014   0         0      
       main.obj                                             800    36        0      
       Graphics_HAL.obj                                     738    0         0      
       Timer32_HAL.obj                                      582    0         96     
       system_msp432p401r.obj                               188    0         0      
    +--+----------------------------------------------------+------+---------+---------+
       Total:                                               3322   18912     96     
                                                                                    
    .\LcdDriver\
       Crystalfontz128x128_ST7735.obj                       1670   40        52     
       HAL_MSP_EXP432P401R_Crystalfontz128x128_ST7735.obj   212    28        0      
    +--+----------------------------------------------------+------+---------+---------+
       Total:                                               1882   68        52     
                                                                                    
    .\ccs\
       startup_msp432p401r_ccs.obj                          14     228       0      
    +--+----------------------------------------------------+------+---------+---------+
       Total:                                               14     228       0      
                                                                                    
    C:/ti/simplelink_msp432p4_sdk_2_40_00_10/source/ti/devices/msp432p4xx/driverlib/ccs/msp432p4xx_driverlib.lib
       gpio.o                                               416    48        0      
       uart.o                                               398    0         0      
       spi.o                                                312    0         0      
       timer32.o                                            246    0         0      
       interrupt.o                                          128    8         0      
       wdt_a.o                                              36     0         0      
    +--+----------------------------------------------------+------+---------+---------+
       Total:                                               1536   56        0      
                                                                                    
    C:/ti/simplelink_msp432p4_sdk_2_40_00_10/source/ti/grlib/lib/ccs/m4f/grlib.a
       image.obj                                            1020   0         2048   
       fontcmtt12.obj                                       0      1513      0      
       circle.obj                                           554    0         0      
       rectangle.obj                                        274    0         0      
       display.obj                                          246    0         0      
       context.obj                                          174    0         0      
       line.obj                                             156    0         0      
    +--+----------------------------------------------------+------+---------+---------+
       Total:                                               2424   1513      2048   
                                                                                    
    C:\ti\ccsv8\tools\compiler\ti-cgt-arm_18.1.4.LTS\lib\rtsv7M4_T_le_v4SPD16_eabi.lib
       memcpy_t2.asm.obj                                    156    0         0      
       memset_t2.asm.obj                                    122    0         0      
       copy_decompress_lzss.c.obj                           104    0         0      
       autoinit.c.obj                                       68     0         0      
       boot_cortex_m.c.obj                                  56     0         0      
       ll_mul_t2.asm.obj                                    24     0         0      
       copy_decompress_none.c.obj                           14     0         0      
       copy_zero_init.c.obj                                 12     0         0      
       exit.c.obj                                           4      0         0      
       pre_init.c.obj                                       4      0         0      
    +--+----------------------------------------------------+------+---------+---------+
       Total:                                               564    0         0      
                                                                                    
       Stack:                                               0      0         1024   
       Linker Generated:                                    0      49        0      
    +--+----------------------------------------------------+------+---------+---------+
       Grand Total:                                         9742   20826     3220   


LINKER GENERATED COPY TABLES

__TI_cinit_table @ 00007778 records: 2, size/record: 8, table size: 16
	.data: load addr=00007750, load size=0000000d bytes, run addr=2000043c, run size=00000010 bytes, compression=lzss
	.bss: load addr=00007770, load size=00000008 bytes, run addr=20000000, run size=0000043a bytes, compression=zero_init


LINKER GENERATED HANDLER TABLE

__TI_handler_table @ 00007760 records: 3, size/record: 4, table size: 12
	index: 0, handler: __TI_decompress_lzss
	index: 1, handler: __TI_decompress_none
	index: 2, handler: __TI_zero_init


GLOBAL SYMBOLS: SORTED ALPHABETICALLY BY Name 

address   name                                       
-------   ----                                       
00005d6f  ADC14_IRQHandler                           
00005d6f  AES256_IRQHandler                          
00005d6f  BusFault_Handler                           
0000774d  C$$EXIT                                    
00005d6f  COMP_E0_IRQHandler                         
00005d6f  COMP_E1_IRQHandler                         
00005d6f  CS_IRQHandler                              
00005ea5  Crystalfontz128x128_Init                   
00005d71  Crystalfontz128x128_SetDrawFrame           
00006e71  Crystalfontz128x128_SetOrientation         
00005d6f  DMA_ERR_IRQHandler                         
00005d6f  DMA_INT0_IRQHandler                        
00005d6f  DMA_INT1_IRQHandler                        
00005d6f  DMA_INT2_IRQHandler                        
00005d6f  DMA_INT3_IRQHandler                        
00005d6f  DebugMon_Handler                           
00005d6f  Default_Handler                            
00005d6f  EUSCIA0_IRQHandler                         
00005d6f  EUSCIA1_IRQHandler                         
00005d6f  EUSCIA2_IRQHandler                         
00005d6f  EUSCIA3_IRQHandler                         
00005d6f  EUSCIB0_IRQHandler                         
00005d6f  EUSCIB1_IRQHandler                         
00005d6f  EUSCIB2_IRQHandler                         
00005d6f  EUSCIB3_IRQHandler                         
00007649  EUSCI_A_SPI_enable                         
0000765f  EUSCI_B_SPI_enable                         
00005d6f  FLCTL_IRQHandler                           
00005d6f  FPU_IRQHandler                             
000070c1  GPIO_setAsOutputPin                        
000068ed  GPIO_setAsPeripheralModuleFunctionInputPin 
00006975  GPIO_setAsPeripheralModuleFunctionOutputPin
00007441  GPIO_setOutputHighOnPin                    
00007469  GPIO_setOutputLowOnPin                     
000076df  Graphics_clearDisplay                      
000075b1  Graphics_clearDisplayOnDisplay             
00007269  Graphics_drawHorizontalLineOnDisplay       
0000512d  Graphics_drawImage                         
000067b3  Graphics_drawLineH                         
00006fb1  Graphics_drawMultiplePixelsOnDisplay       
00007395  Graphics_drawPixelOnDisplay                
0000596d  Graphics_fillCircle                        
00006213  Graphics_fillRectangle                     
00007501  Graphics_fillRectangleOnDisplay            
00006ec5  Graphics_initContext                       
000075cb  Graphics_setBackgroundColor                
000075e5  Graphics_setFont                           
00007675  Graphics_setForegroundColor                
0000768b  Graphics_translateColorOnDisplay           
00007309  HAL_LCD_PortInit                           
00007101  HAL_LCD_SpiInit                            
000071c1  HAL_LCD_writeCommand                       
000073c1  HAL_LCD_writeData                          
00005d6f  HardFault_Handler                          
000076f1  InitFonts                                  
0000751f  InitOneShotSWTimer                         
000073ed  InitUART                                   
000069fd  Interrupt_enableInterrupt                  
20000436  Lcd_FlagRead                               
20000437  Lcd_FontSolid                              
20000438  Lcd_Orientation                            
20000439  Lcd_PenSolid                               
20000430  Lcd_ScreenHeigth                           
20000432  Lcd_ScreenWidth                            
20000434  Lcd_TouchTrim                              
00005d6f  MemManage_Handler                          
00005d6f  NMI_Handler                                
0000666d  OneShotSWTimerExpired                      
00005d6f  PCM_IRQHandler                             
00005d6f  PORT1_IRQHandler                           
00005d6f  PORT2_IRQHandler                           
00005d6f  PORT3_IRQHandler                           
00005d6f  PORT4_IRQHandler                           
00005d6f  PORT5_IRQHandler                           
00005d6f  PORT6_IRQHandler                           
00005d6f  PSS_IRQHandler                             
00005d6f  PendSV_Handler                             
00005d6f  RTC_C_IRQHandler                           
0000771b  Reset_Handler                              
00007579  SPI_enableModule                           
000065bd  SPI_initMaster                             
00005d6f  SVC_Handler                                
0000753d  StartOneShotSWTimer                        
00005d6f  SysTick_Handler                            
00006501  SystemInit                                 
00007595  T32_INT1_IRQHandler                        
00007595  T32_INT1_IRQHandler                        
00005d6f  T32_INT2_IRQHandler                        
00005d6f  T32_INTC_IRQHandler                        
00005d6f  TA0_0_IRQHandler                           
00005d6f  TA0_N_IRQHandler                           
00005d6f  TA1_0_IRQHandler                           
00005d6f  TA1_N_IRQHandler                           
00005d6f  TA2_0_IRQHandler                           
00005d6f  TA2_N_IRQHandler                           
00005d6f  TA3_0_IRQHandler                           
00005d6f  TA3_N_IRQHandler                           
000076b7  Timer32_clearInterruptFlag                 
000076ff  Timer32_getValue                           
00006b65  Timer32_initModule                         
000072a1  Timer32_setCount                           
000071f9  Timer32_startTimer                         
000074b9  UARTCanSend                                
00007727  UARTGetChar                                
0000755b  UARTHasChar                                
000076cb  UARTPutChar                                
000076a1  UART_enableModule                          
000075ff  UART_getInterruptStatus                    
00006325  UART_initModule                            
00007339  UART_receiveData                           
000072d5  UART_transmitData                          
00005d6f  UsageFault_Handler                         
4000480c  WDTCTL_SYM                                 
00005d6f  WDT_A_IRQHandler                           
000074dd  WDT_A_holdTimer                            
00007491  WaitCycles                                 
20010000  __STACK_END                                
00000200  __STACK_SIZE                               
00007778  __TI_CINIT_Base                            
00007788  __TI_CINIT_Limit                           
00007760  __TI_Handler_Table_Base                    
0000776c  __TI_Handler_Table_Limit                   
00006ff9  __TI_auto_init_nobinit_nopinit             
00006bcd  __TI_decompress_lzss                       
0000770d  __TI_decompress_none                       
ffffffff  __TI_pprof_out_hndl                        
ffffffff  __TI_prof_data_size                        
ffffffff  __TI_prof_data_start                       
00000000  __TI_static_base__                         
00007733  __TI_zero_init                             
00007631  __aeabi_lmul                               
00006a7d  __aeabi_memclr                             
00006a7d  __aeabi_memclr4                            
00006a7d  __aeabi_memclr8                            
0000684f  __aeabi_memcpy                             
0000684f  __aeabi_memcpy4                            
0000684f  __aeabi_memcpy8                            
00006a7f  __aeabi_memset                             
00006a7f  __aeabi_memset4                            
00006a7f  __aeabi_memset8                            
ffffffff  __binit__                                  
ffffffff  __c_args__                                 
UNDEFED   __mpu_init                                 
2000fe00  __stack                                    
00007231  _c_int00_noargs                            
UNDEFED   _system_post_cinit                         
00007749  _system_pre_init                           
0000774d  abort                                      
ffffffff  binit                                      
00006f19  clear_player                               
000060f9  consoleHelp                                
00005fd1  consoleHelp_2                              
00006421  consoleIntro                               
00005735  drawGameDisplay                            
0000703d  drawMaroonSquare                           
00007619  drawOpeningSplash                          
2000043c  g_sCrystalfontz128x128                     
000050d0  g_sCrystalfontz128x128_funcs               
00004fb4  g_sFontCmtt12                              
00007141  initGraphics                               
00006c35  initHWTimer0                               
00006c99  initHWTimer1                               
00006dbd  initialize                                 
00000000  interruptVectors                           
000054bd  main                                       
0000684f  memcpy                                     
00006a85  memset                                     
0000510c  splash8BPP_COMP_RLE8                       
00006e19  startHWTimer                               
20000400  timer0                                     
20000418  timer1                                     
00006f65  writeString                                


GLOBAL SYMBOLS: SORTED BY Symbol Address 

address   name                                       
-------   ----                                       
00000000  __TI_static_base__                         
00000000  interruptVectors                           
00000200  __STACK_SIZE                               
00004fb4  g_sFontCmtt12                              
000050d0  g_sCrystalfontz128x128_funcs               
0000510c  splash8BPP_COMP_RLE8                       
0000512d  Graphics_drawImage                         
000054bd  main                                       
00005735  drawGameDisplay                            
0000596d  Graphics_fillCircle                        
00005d6f  ADC14_IRQHandler                           
00005d6f  AES256_IRQHandler                          
00005d6f  BusFault_Handler                           
00005d6f  COMP_E0_IRQHandler                         
00005d6f  COMP_E1_IRQHandler                         
00005d6f  CS_IRQHandler                              
00005d6f  DMA_ERR_IRQHandler                         
00005d6f  DMA_INT0_IRQHandler                        
00005d6f  DMA_INT1_IRQHandler                        
00005d6f  DMA_INT2_IRQHandler                        
00005d6f  DMA_INT3_IRQHandler                        
00005d6f  DebugMon_Handler                           
00005d6f  Default_Handler                            
00005d6f  EUSCIA0_IRQHandler                         
00005d6f  EUSCIA1_IRQHandler                         
00005d6f  EUSCIA2_IRQHandler                         
00005d6f  EUSCIA3_IRQHandler                         
00005d6f  EUSCIB0_IRQHandler                         
00005d6f  EUSCIB1_IRQHandler                         
00005d6f  EUSCIB2_IRQHandler                         
00005d6f  EUSCIB3_IRQHandler                         
00005d6f  FLCTL_IRQHandler                           
00005d6f  FPU_IRQHandler                             
00005d6f  HardFault_Handler                          
00005d6f  MemManage_Handler                          
00005d6f  NMI_Handler                                
00005d6f  PCM_IRQHandler                             
00005d6f  PORT1_IRQHandler                           
00005d6f  PORT2_IRQHandler                           
00005d6f  PORT3_IRQHandler                           
00005d6f  PORT4_IRQHandler                           
00005d6f  PORT5_IRQHandler                           
00005d6f  PORT6_IRQHandler                           
00005d6f  PSS_IRQHandler                             
00005d6f  PendSV_Handler                             
00005d6f  RTC_C_IRQHandler                           
00005d6f  SVC_Handler                                
00005d6f  SysTick_Handler                            
00005d6f  T32_INT2_IRQHandler                        
00005d6f  T32_INTC_IRQHandler                        
00005d6f  TA0_0_IRQHandler                           
00005d6f  TA0_N_IRQHandler                           
00005d6f  TA1_0_IRQHandler                           
00005d6f  TA1_N_IRQHandler                           
00005d6f  TA2_0_IRQHandler                           
00005d6f  TA2_N_IRQHandler                           
00005d6f  TA3_0_IRQHandler                           
00005d6f  TA3_N_IRQHandler                           
00005d6f  UsageFault_Handler                         
00005d6f  WDT_A_IRQHandler                           
00005d71  Crystalfontz128x128_SetDrawFrame           
00005ea5  Crystalfontz128x128_Init                   
00005fd1  consoleHelp_2                              
000060f9  consoleHelp                                
00006213  Graphics_fillRectangle                     
00006325  UART_initModule                            
00006421  consoleIntro                               
00006501  SystemInit                                 
000065bd  SPI_initMaster                             
0000666d  OneShotSWTimerExpired                      
000067b3  Graphics_drawLineH                         
0000684f  __aeabi_memcpy                             
0000684f  __aeabi_memcpy4                            
0000684f  __aeabi_memcpy8                            
0000684f  memcpy                                     
000068ed  GPIO_setAsPeripheralModuleFunctionInputPin 
00006975  GPIO_setAsPeripheralModuleFunctionOutputPin
000069fd  Interrupt_enableInterrupt                  
00006a7d  __aeabi_memclr                             
00006a7d  __aeabi_memclr4                            
00006a7d  __aeabi_memclr8                            
00006a7f  __aeabi_memset                             
00006a7f  __aeabi_memset4                            
00006a7f  __aeabi_memset8                            
00006a85  memset                                     
00006b65  Timer32_initModule                         
00006bcd  __TI_decompress_lzss                       
00006c35  initHWTimer0                               
00006c99  initHWTimer1                               
00006dbd  initialize                                 
00006e19  startHWTimer                               
00006e71  Crystalfontz128x128_SetOrientation         
00006ec5  Graphics_initContext                       
00006f19  clear_player                               
00006f65  writeString                                
00006fb1  Graphics_drawMultiplePixelsOnDisplay       
00006ff9  __TI_auto_init_nobinit_nopinit             
0000703d  drawMaroonSquare                           
000070c1  GPIO_setAsOutputPin                        
00007101  HAL_LCD_SpiInit                            
00007141  initGraphics                               
000071c1  HAL_LCD_writeCommand                       
000071f9  Timer32_startTimer                         
00007231  _c_int00_noargs                            
00007269  Graphics_drawHorizontalLineOnDisplay       
000072a1  Timer32_setCount                           
000072d5  UART_transmitData                          
00007309  HAL_LCD_PortInit                           
00007339  UART_receiveData                           
00007395  Graphics_drawPixelOnDisplay                
000073c1  HAL_LCD_writeData                          
000073ed  InitUART                                   
00007441  GPIO_setOutputHighOnPin                    
00007469  GPIO_setOutputLowOnPin                     
00007491  WaitCycles                                 
000074b9  UARTCanSend                                
000074dd  WDT_A_holdTimer                            
00007501  Graphics_fillRectangleOnDisplay            
0000751f  InitOneShotSWTimer                         
0000753d  StartOneShotSWTimer                        
0000755b  UARTHasChar                                
00007579  SPI_enableModule                           
00007595  T32_INT1_IRQHandler                        
00007595  T32_INT1_IRQHandler                        
000075b1  Graphics_clearDisplayOnDisplay             
000075cb  Graphics_setBackgroundColor                
000075e5  Graphics_setFont                           
000075ff  UART_getInterruptStatus                    
00007619  drawOpeningSplash                          
00007631  __aeabi_lmul                               
00007649  EUSCI_A_SPI_enable                         
0000765f  EUSCI_B_SPI_enable                         
00007675  Graphics_setForegroundColor                
0000768b  Graphics_translateColorOnDisplay           
000076a1  UART_enableModule                          
000076b7  Timer32_clearInterruptFlag                 
000076cb  UARTPutChar                                
000076df  Graphics_clearDisplay                      
000076f1  InitFonts                                  
000076ff  Timer32_getValue                           
0000770d  __TI_decompress_none                       
0000771b  Reset_Handler                              
00007727  UARTGetChar                                
00007733  __TI_zero_init                             
00007749  _system_pre_init                           
0000774d  C$$EXIT                                    
0000774d  abort                                      
00007760  __TI_Handler_Table_Base                    
0000776c  __TI_Handler_Table_Limit                   
00007778  __TI_CINIT_Base                            
00007788  __TI_CINIT_Limit                           
20000400  timer0                                     
20000418  timer1                                     
20000430  Lcd_ScreenHeigth                           
20000432  Lcd_ScreenWidth                            
20000434  Lcd_TouchTrim                              
20000436  Lcd_FlagRead                               
20000437  Lcd_FontSolid                              
20000438  Lcd_Orientation                            
20000439  Lcd_PenSolid                               
2000043c  g_sCrystalfontz128x128                     
2000fe00  __stack                                    
20010000  __STACK_END                                
4000480c  WDTCTL_SYM                                 
ffffffff  __TI_pprof_out_hndl                        
ffffffff  __TI_prof_data_size                        
ffffffff  __TI_prof_data_start                       
ffffffff  __binit__                                  
ffffffff  __c_args__                                 
ffffffff  binit                                      
UNDEFED   __mpu_init                                 
UNDEFED   _system_post_cinit                         

[172 symbols]
