******************************************************************************
                  TI ARM Linker PC v18.1.4                     
******************************************************************************
>> Linked Fri Aug 16 21:26:27 2019

OUTPUT FILE NAME:   <JustMonika_Chess.out>
ENTRY POINT SYMBOL: "_c_int00_noargs"  address: 00007161


MEMORY CONFIGURATION

         name            origin    length      used     unused   attr    fill
----------------------  --------  ---------  --------  --------  ----  --------
  MAIN                  00000000   00040000  000076b8  00038948  R  X
  INFO                  00200000   00004000  00000000  00004000  R  X
  SRAM_CODE             01000000   00010000  0000064a  0000f9b6  RW X
  SRAM_DATA             20000000   00010000  0000064a  0000f9b6  RW  


SEGMENT ALLOCATION MAP

run origin  load origin   length   init length attrs members
----------  ----------- ---------- ----------- ----- -------
00000000    00000000    000076b8   000076b8    r-x
  00000000    00000000    000000e4   000000e4    r-- .intvecs
  000000e4    000000e4    00005048   00005048    r-- .const
  0000512c    0000512c    00002554   00002554    r-x .text
  00007680    00007680    00000038   00000038    r-- .cinit
20000000    20000000    0000044c   00000000    rw-
  20000000    20000000    0000043a   00000000    rw- .bss
  2000043c    2000043c    00000010   00000000    rw- .data
2000fe00    2000fe00    00000200   00000000    rw-
  2000fe00    2000fe00    00000200   00000000    rw- .stack


SECTION ALLOCATION MAP

 output                                  attributes/
section   page    origin      length       input sections
--------  ----  ----------  ----------   ----------------
.intvecs   0    00000000    000000e4     
                  00000000    000000e4     startup_msp432p401r_ccs.obj (.intvecs:retain)

.const     0    000000e4    00005048     
                  000000e4    000045ac     splash.obj (.const:.string:pixel_splash8BPP_COMP_RLE8)
                  00004690    00000521     grlib.a : fontcmtt12.obj (.const:.string:g_pucCmtt12Data)
                  00004bb1    00000003     --HOLE-- [fill = 0]
                  00004bb4    00000400     splash.obj (.const:palette_splash8BPP_COMP_RLE8)
                  00004fb4    000000c8     grlib.a : fontcmtt12.obj (.const:g_sFontCmtt12)
                  0000507c    00000030     msp432p4xx_driverlib.lib : gpio.o (.const:GPIO_PORT_TO_BASE)
                  000050ac    00000024     main.obj (.const:$P$T0$1)
                  000050d0    00000020     Crystalfontz128x128_ST7735.obj (.const:g_sCrystalfontz128x128_funcs)
                  000050f0    0000001c     HAL_MSP_EXP432P401R_Crystalfontz128x128_ST7735.obj (.const:$P$T0$1)
                  0000510c    00000010     splash.obj (.const:splash8BPP_COMP_RLE8)
                  0000511c    00000008     Crystalfontz128x128_ST7735.obj (.const:$P$T0$1)
                  00005124    00000008     msp432p4xx_driverlib.lib : interrupt.o (.const:g_pulEnRegs)

.text      0    0000512c    00002554     
                  0000512c    00000390     grlib.a : image.obj (.text:Graphics_drawImage)
                  000054bc    00000238     Graphics_HAL.obj (.text:drawGameDisplay)
                  000056f4    0000022a     grlib.a : circle.obj (.text:Graphics_fillCircle)
                  0000591e    00000002     startup_msp432p401r_ccs.obj (.text:Default_Handler)
                  00005920    000001f8     main.obj (.text:main)
                  00005b18    000001d8     Crystalfontz128x128_ST7735.obj (.text:Crystalfontz128x128_PixelDrawMultiple)
                  00005cf0    00000134     Crystalfontz128x128_ST7735.obj (.text:Crystalfontz128x128_SetDrawFrame)
                  00005e24    0000012c     Crystalfontz128x128_ST7735.obj (.text:Crystalfontz128x128_Init)
                  00005f50    00000126     UART_HAL.obj (.text:consoleHelp_2)
                  00006076    00000002     --HOLE-- [fill = 0]
                  00006078    0000011a     UART_HAL.obj (.text:consoleHelp)
                  00006192    00000112     grlib.a : rectangle.obj (.text:Graphics_fillRectangle)
                  000062a4    000000fc     msp432p4xx_driverlib.lib : uart.o (.text:UART_initModule)
                  000063a0    000000de     UART_HAL.obj (.text:consoleIntro)
                  0000647e    00000002     --HOLE-- [fill = 0]
                  00006480    000000bc     system_msp432p401r.obj (.text:SystemInit)
                  0000653c    000000b0     msp432p4xx_driverlib.lib : spi.o (.text:SPI_initMaster)
                  000065ec    000000aa     Timer32_HAL.obj (.text:OneShotSWTimerExpired)
                  00006696    0000009c     Crystalfontz128x128_ST7735.obj (.text:Crystalfontz128x128_RectFill)
                  00006732    0000009c     grlib.a : line.obj (.text:Graphics_drawLineH)
                  000067ce    0000009c     rtsv7M4_T_le_v4SPD16_eabi.lib : memcpy_t2.asm.obj (.text)
                  0000686a    00000002     --HOLE-- [fill = 0]
                  0000686c    00000088     msp432p4xx_driverlib.lib : gpio.o (.text:GPIO_setAsPeripheralModuleFunctionInputPin)
                  000068f4    00000088                              : gpio.o (.text:GPIO_setAsPeripheralModuleFunctionOutputPin)
                  0000697c    00000080                              : interrupt.o (.text:Interrupt_enableInterrupt)
                  000069fc    0000007a     rtsv7M4_T_le_v4SPD16_eabi.lib : memset_t2.asm.obj (.text)
                  00006a76    00000002     --HOLE-- [fill = 0]
                  00006a78    0000006c     grlib.a : image.obj (.text:Graphics_convertPalette)
                  00006ae4    00000068     msp432p4xx_driverlib.lib : timer32.o (.text:Timer32_initModule)
                  00006b4c    00000068     rtsv7M4_T_le_v4SPD16_eabi.lib : copy_decompress_lzss.c.obj (.text:decompress:lzss:__TI_decompress_lzss)
                  00006bb4    00000064     Timer32_HAL.obj (.text:initHWTimer0)
                  00006c18    00000064     Timer32_HAL.obj (.text:initHWTimer1)
                  00006c7c    00000060     Crystalfontz128x128_ST7735.obj (.text:Crystalfontz128x128_LineDrawH)
                  00006cdc    00000060     Crystalfontz128x128_ST7735.obj (.text:Crystalfontz128x128_LineDrawV)
                  00006d3c    0000005c     main.obj (.text:initialize)
                  00006d98    00000056     Timer32_HAL.obj (.text:startHWTimer)
                  00006dee    00000002     --HOLE-- [fill = 0]
                  00006df0    00000054     Crystalfontz128x128_ST7735.obj (.text:Crystalfontz128x128_SetOrientation)
                  00006e44    00000052     grlib.a : context.obj (.text:Graphics_initContext)
                  00006e96    0000004c     UART_HAL.obj (.text:writeString)
                  00006ee2    00000046     grlib.a : display.obj (.text:Graphics_drawMultiplePixelsOnDisplay)
                  00006f28    00000044     rtsv7M4_T_le_v4SPD16_eabi.lib : autoinit.c.obj (.text:__TI_auto_init_nobinit_nopinit:__TI_auto_init_nobinit_nopinit)
                  00006f6c    00000044     Graphics_HAL.obj (.text:drawMaroonSquare)
                  00006fb0    00000040     Crystalfontz128x128_ST7735.obj (.text:Crystalfontz128x128_PixelDraw)
                  00006ff0    00000040     msp432p4xx_driverlib.lib : gpio.o (.text:GPIO_setAsOutputPin)
                  00007030    00000040     HAL_MSP_EXP432P401R_Crystalfontz128x128_ST7735.obj (.text:HAL_LCD_SpiInit)
                  00007070    00000040     Graphics_HAL.obj (.text:initGraphics)
                  000070b0    00000040     msp432p4xx_driverlib.lib : spi.o (.text:is_A_Module)
                  000070f0    00000038     HAL_MSP_EXP432P401R_Crystalfontz128x128_ST7735.obj (.text:HAL_LCD_writeCommand)
                  00007128    00000038     msp432p4xx_driverlib.lib : timer32.o (.text:Timer32_startTimer)
                  00007160    00000038     rtsv7M4_T_le_v4SPD16_eabi.lib : boot_cortex_m.c.obj (.text:_c_int00_noargs:_c_int00_noargs)
                  00007198    00000036     grlib.a : display.obj (.text:Graphics_drawHorizontalLineOnDisplay)
                  000071ce    00000002     --HOLE-- [fill = 0]
                  000071d0    00000034     msp432p4xx_driverlib.lib : timer32.o (.text:Timer32_setCount)
                  00007204    00000034                              : uart.o (.text:UART_transmitData)
                  00007238    00000030     HAL_MSP_EXP432P401R_Crystalfontz128x128_ST7735.obj (.text:HAL_LCD_PortInit)
                  00007268    00000030     msp432p4xx_driverlib.lib : uart.o (.text:UART_receiveData)
                  00007298    0000002c     Crystalfontz128x128_ST7735.obj (.text:Crystalfontz128x128_ClearScreen)
                  000072c4    0000002c     grlib.a : display.obj (.text:Graphics_drawPixelOnDisplay)
                  000072f0    0000002c     HAL_MSP_EXP432P401R_Crystalfontz128x128_ST7735.obj (.text:HAL_LCD_writeData)
                  0000731c    0000002a     UART_HAL.obj (.text:InitUART)
                  00007346    00000028     Crystalfontz128x128_ST7735.obj (.text:Crystalfontz128x128_ColorTranslate)
                  0000736e    00000002     --HOLE-- [fill = 0]
                  00007370    00000028     msp432p4xx_driverlib.lib : gpio.o (.text:GPIO_setOutputHighOnPin)
                  00007398    00000028                              : gpio.o (.text:GPIO_setOutputLowOnPin)
                  000073c0    00000026     Timer32_HAL.obj (.text:WaitCycles)
                  000073e6    00000002     --HOLE-- [fill = 0]
                  000073e8    00000024     UART_HAL.obj (.text:UARTCanSend)
                  0000740c    00000024     msp432p4xx_driverlib.lib : wdt_a.o (.text:WDT_A_holdTimer)
                  00007430    0000001e     grlib.a : display.obj (.text:Graphics_fillRectangleOnDisplay)
                  0000744e    0000001e     Timer32_HAL.obj (.text:InitOneShotSWTimer)
                  0000746c    0000001e     Timer32_HAL.obj (.text:StartOneShotSWTimer)
                  0000748a    0000001e     UART_HAL.obj (.text:UARTHasChar)
                  000074a8    0000001c     msp432p4xx_driverlib.lib : spi.o (.text:SPI_enableModule)
                  000074c4    0000001c     Timer32_HAL.obj (.text:T32_INT1_IRQHandler)
                  000074e0    0000001a     grlib.a : display.obj (.text:Graphics_clearDisplayOnDisplay)
                  000074fa    0000001a             : context.obj (.text:Graphics_setBackgroundColor)
                  00007514    0000001a             : context.obj (.text:Graphics_setFont)
                  0000752e    00000018     msp432p4xx_driverlib.lib : uart.o (.text:UART_getInterruptStatus)
                  00007546    00000002     --HOLE-- [fill = 0]
                  00007548    00000018     Graphics_HAL.obj (.text:drawOpeningSplash)
                  00007560    00000018     rtsv7M4_T_le_v4SPD16_eabi.lib : ll_mul_t2.asm.obj (.text)
                  00007578    00000016     msp432p4xx_driverlib.lib : spi.o (.text:EUSCI_A_SPI_enable)
                  0000758e    00000016                              : spi.o (.text:EUSCI_B_SPI_enable)
                  000075a4    00000016     grlib.a : context.obj (.text:Graphics_setForegroundColor)
                  000075ba    00000016             : display.obj (.text:Graphics_translateColorOnDisplay)
                  000075d0    00000016     msp432p4xx_driverlib.lib : uart.o (.text:UART_enableModule)
                  000075e6    00000014                              : timer32.o (.text:Timer32_clearInterruptFlag)
                  000075fa    00000014     UART_HAL.obj (.text:UARTPutChar)
                  0000760e    00000012     grlib.a : context.obj (.text:Graphics_clearDisplay)
                  00007620    0000000e     Graphics_HAL.obj (.text:InitFonts)
                  0000762e    0000000e     msp432p4xx_driverlib.lib : timer32.o (.text:Timer32_getValue)
                  0000763c    0000000e     rtsv7M4_T_le_v4SPD16_eabi.lib : copy_decompress_none.c.obj (.text:decompress:none:__TI_decompress_none)
                  0000764a    0000000c     startup_msp432p401r_ccs.obj (.text:Reset_Handler)
                  00007656    0000000c     UART_HAL.obj (.text:UARTGetChar)
                  00007662    0000000c     rtsv7M4_T_le_v4SPD16_eabi.lib : copy_zero_init.c.obj (.text:decompress:ZI:__TI_zero_init)
                  0000766e    0000000a     Crystalfontz128x128_ST7735.obj (.text:Crystalfontz128x128_Flush)
                  00007678    00000004     rtsv7M4_T_le_v4SPD16_eabi.lib : pre_init.c.obj (.text:_system_pre_init)
                  0000767c    00000004                                   : exit.c.obj (.text:abort:abort)

.cinit     0    00007680    00000038     
                  00007680    0000000d     (.cinit..data.load) [load image, compression = lzss]
                  0000768d    00000003     --HOLE-- [fill = 0]
                  00007690    0000000c     (__TI_handler_table)
                  0000769c    00000004     --HOLE-- [fill = 0]
                  000076a0    00000008     (.cinit..bss.load) [load image, compression = zero_init]
                  000076a8    00000010     (__TI_cinit_table)

.init_array 
*          0    00000000    00000000     UNINITIALIZED

.binit     0    00000000    00000000     

.bss       0    20000000    0000043a     UNINITIALIZED
                  20000000    00000400     grlib.a : image.obj (.bss:g_pulConvertedPalette)
                  20000400    00000018     (.common:timer0)
                  20000418    00000018     (.common:timer1)
                  20000430    00000002     (.common:Lcd_ScreenHeigth)
                  20000432    00000002     (.common:Lcd_ScreenWidth)
                  20000434    00000002     (.common:Lcd_TouchTrim)
                  20000436    00000001     (.common:Lcd_FlagRead)
                  20000437    00000001     (.common:Lcd_FontSolid)
                  20000438    00000001     (.common:Lcd_Orientation)
                  20000439    00000001     (.common:Lcd_PenSolid)

.data      0    2000043c    00000010     UNINITIALIZED
                  2000043c    00000010     Crystalfontz128x128_ST7735.obj (.data:g_sCrystalfontz128x128)

.stack     0    2000fe00    00000200     UNINITIALIZED
                  2000fe00    00000004     rtsv7M4_T_le_v4SPD16_eabi.lib : boot_cortex_m.c.obj (.stack)
                  2000fe04    000001fc     --HOLE--

MODULE SUMMARY

       Module                                               code   ro data   rw data
       ------                                               ----   -------   -------
    .\
       splash.obj                                           0      18876     0      
       UART_HAL.obj                                         1014   0         0      
       Graphics_HAL.obj                                     738    0         0      
       Timer32_HAL.obj                                      582    0         96     
       main.obj                                             596    36        0      
       system_msp432p401r.obj                               188    0         0      
    +--+----------------------------------------------------+------+---------+---------+
       Total:                                               3118   18912     96     
                                                                                    
    .\LcdDriver\
       Crystalfontz128x128_ST7735.obj                       1670   40        52     
       HAL_MSP_EXP432P401R_Crystalfontz128x128_ST7735.obj   212    28        0      
    +--+----------------------------------------------------+------+---------+---------+
       Total:                                               1882   68        52     
                                                                                    
    .\ccs\
       startup_msp432p401r_ccs.obj                          14     228       0      
    +--+----------------------------------------------------+------+---------+---------+
       Total:                                               14     228       0      
                                                                                    
    C:/ti/simplelink_msp432p4_sdk_2_40_00_10/source/ti/devices/msp432p4xx/driverlib/ccs/msp432p4xx_driverlib.lib
       gpio.o                                               416    48        0      
       uart.o                                               398    0         0      
       spi.o                                                312    0         0      
       timer32.o                                            246    0         0      
       interrupt.o                                          128    8         0      
       wdt_a.o                                              36     0         0      
    +--+----------------------------------------------------+------+---------+---------+
       Total:                                               1536   56        0      
                                                                                    
    C:/ti/simplelink_msp432p4_sdk_2_40_00_10/source/ti/grlib/lib/ccs/m4f/grlib.a
       image.obj                                            1020   0         2048   
       fontcmtt12.obj                                       0      1513      0      
       circle.obj                                           554    0         0      
       rectangle.obj                                        274    0         0      
       display.obj                                          246    0         0      
       context.obj                                          174    0         0      
       line.obj                                             156    0         0      
    +--+----------------------------------------------------+------+---------+---------+
       Total:                                               2424   1513      2048   
                                                                                    
    C:\ti\ccsv8\tools\compiler\ti-cgt-arm_18.1.4.LTS\lib\rtsv7M4_T_le_v4SPD16_eabi.lib
       memcpy_t2.asm.obj                                    156    0         0      
       memset_t2.asm.obj                                    122    0         0      
       copy_decompress_lzss.c.obj                           104    0         0      
       autoinit.c.obj                                       68     0         0      
       boot_cortex_m.c.obj                                  56     0         0      
       ll_mul_t2.asm.obj                                    24     0         0      
       copy_decompress_none.c.obj                           14     0         0      
       copy_zero_init.c.obj                                 12     0         0      
       exit.c.obj                                           4      0         0      
       pre_init.c.obj                                       4      0         0      
    +--+----------------------------------------------------+------+---------+---------+
       Total:                                               564    0         0      
                                                                                    
       Stack:                                               0      0         1024   
       Linker Generated:                                    0      49        0      
    +--+----------------------------------------------------+------+---------+---------+
       Grand Total:                                         9538   20826     3220   


LINKER GENERATED COPY TABLES

__TI_cinit_table @ 000076a8 records: 2, size/record: 8, table size: 16
	.data: load addr=00007680, load size=0000000d bytes, run addr=2000043c, run size=00000010 bytes, compression=lzss
	.bss: load addr=000076a0, load size=00000008 bytes, run addr=20000000, run size=0000043a bytes, compression=zero_init


LINKER GENERATED HANDLER TABLE

__TI_handler_table @ 00007690 records: 3, size/record: 4, table size: 12
	index: 0, handler: __TI_decompress_lzss
	index: 1, handler: __TI_decompress_none
	index: 2, handler: __TI_zero_init


GLOBAL SYMBOLS: SORTED ALPHABETICALLY BY Name 

address   name                                       
-------   ----                                       
0000591f  ADC14_IRQHandler                           
0000591f  AES256_IRQHandler                          
0000591f  BusFault_Handler                           
0000767d  C$$EXIT                                    
0000591f  COMP_E0_IRQHandler                         
0000591f  COMP_E1_IRQHandler                         
0000591f  CS_IRQHandler                              
00005e25  Crystalfontz128x128_Init                   
00005cf1  Crystalfontz128x128_SetDrawFrame           
00006df1  Crystalfontz128x128_SetOrientation         
0000591f  DMA_ERR_IRQHandler                         
0000591f  DMA_INT0_IRQHandler                        
0000591f  DMA_INT1_IRQHandler                        
0000591f  DMA_INT2_IRQHandler                        
0000591f  DMA_INT3_IRQHandler                        
0000591f  DebugMon_Handler                           
0000591f  Default_Handler                            
0000591f  EUSCIA0_IRQHandler                         
0000591f  EUSCIA1_IRQHandler                         
0000591f  EUSCIA2_IRQHandler                         
0000591f  EUSCIA3_IRQHandler                         
0000591f  EUSCIB0_IRQHandler                         
0000591f  EUSCIB1_IRQHandler                         
0000591f  EUSCIB2_IRQHandler                         
0000591f  EUSCIB3_IRQHandler                         
00007579  EUSCI_A_SPI_enable                         
0000758f  EUSCI_B_SPI_enable                         
0000591f  FLCTL_IRQHandler                           
0000591f  FPU_IRQHandler                             
00006ff1  GPIO_setAsOutputPin                        
0000686d  GPIO_setAsPeripheralModuleFunctionInputPin 
000068f5  GPIO_setAsPeripheralModuleFunctionOutputPin
00007371  GPIO_setOutputHighOnPin                    
00007399  GPIO_setOutputLowOnPin                     
0000760f  Graphics_clearDisplay                      
000074e1  Graphics_clearDisplayOnDisplay             
00007199  Graphics_drawHorizontalLineOnDisplay       
0000512d  Graphics_drawImage                         
00006733  Graphics_drawLineH                         
00006ee3  Graphics_drawMultiplePixelsOnDisplay       
000072c5  Graphics_drawPixelOnDisplay                
000056f5  Graphics_fillCircle                        
00006193  Graphics_fillRectangle                     
00007431  Graphics_fillRectangleOnDisplay            
00006e45  Graphics_initContext                       
000074fb  Graphics_setBackgroundColor                
00007515  Graphics_setFont                           
000075a5  Graphics_setForegroundColor                
000075bb  Graphics_translateColorOnDisplay           
00007239  HAL_LCD_PortInit                           
00007031  HAL_LCD_SpiInit                            
000070f1  HAL_LCD_writeCommand                       
000072f1  HAL_LCD_writeData                          
0000591f  HardFault_Handler                          
00007621  InitFonts                                  
0000744f  InitOneShotSWTimer                         
0000731d  InitUART                                   
0000697d  Interrupt_enableInterrupt                  
20000436  Lcd_FlagRead                               
20000437  Lcd_FontSolid                              
20000438  Lcd_Orientation                            
20000439  Lcd_PenSolid                               
20000430  Lcd_ScreenHeigth                           
20000432  Lcd_ScreenWidth                            
20000434  Lcd_TouchTrim                              
0000591f  MemManage_Handler                          
0000591f  NMI_Handler                                
000065ed  OneShotSWTimerExpired                      
0000591f  PCM_IRQHandler                             
0000591f  PORT1_IRQHandler                           
0000591f  PORT2_IRQHandler                           
0000591f  PORT3_IRQHandler                           
0000591f  PORT4_IRQHandler                           
0000591f  PORT5_IRQHandler                           
0000591f  PORT6_IRQHandler                           
0000591f  PSS_IRQHandler                             
0000591f  PendSV_Handler                             
0000591f  RTC_C_IRQHandler                           
0000764b  Reset_Handler                              
000074a9  SPI_enableModule                           
0000653d  SPI_initMaster                             
0000591f  SVC_Handler                                
0000746d  StartOneShotSWTimer                        
0000591f  SysTick_Handler                            
00006481  SystemInit                                 
000074c5  T32_INT1_IRQHandler                        
000074c5  T32_INT1_IRQHandler                        
0000591f  T32_INT2_IRQHandler                        
0000591f  T32_INTC_IRQHandler                        
0000591f  TA0_0_IRQHandler                           
0000591f  TA0_N_IRQHandler                           
0000591f  TA1_0_IRQHandler                           
0000591f  TA1_N_IRQHandler                           
0000591f  TA2_0_IRQHandler                           
0000591f  TA2_N_IRQHandler                           
0000591f  TA3_0_IRQHandler                           
0000591f  TA3_N_IRQHandler                           
000075e7  Timer32_clearInterruptFlag                 
0000762f  Timer32_getValue                           
00006ae5  Timer32_initModule                         
000071d1  Timer32_setCount                           
00007129  Timer32_startTimer                         
000073e9  UARTCanSend                                
00007657  UARTGetChar                                
0000748b  UARTHasChar                                
000075fb  UARTPutChar                                
000075d1  UART_enableModule                          
0000752f  UART_getInterruptStatus                    
000062a5  UART_initModule                            
00007269  UART_receiveData                           
00007205  UART_transmitData                          
0000591f  UsageFault_Handler                         
4000480c  WDTCTL_SYM                                 
0000591f  WDT_A_IRQHandler                           
0000740d  WDT_A_holdTimer                            
000073c1  WaitCycles                                 
20010000  __STACK_END                                
00000200  __STACK_SIZE                               
000076a8  __TI_CINIT_Base                            
000076b8  __TI_CINIT_Limit                           
00007690  __TI_Handler_Table_Base                    
0000769c  __TI_Handler_Table_Limit                   
00006f29  __TI_auto_init_nobinit_nopinit             
00006b4d  __TI_decompress_lzss                       
0000763d  __TI_decompress_none                       
ffffffff  __TI_pprof_out_hndl                        
ffffffff  __TI_prof_data_size                        
ffffffff  __TI_prof_data_start                       
00000000  __TI_static_base__                         
00007663  __TI_zero_init                             
00007561  __aeabi_lmul                               
000069fd  __aeabi_memclr                             
000069fd  __aeabi_memclr4                            
000069fd  __aeabi_memclr8                            
000067cf  __aeabi_memcpy                             
000067cf  __aeabi_memcpy4                            
000067cf  __aeabi_memcpy8                            
000069ff  __aeabi_memset                             
000069ff  __aeabi_memset4                            
000069ff  __aeabi_memset8                            
ffffffff  __binit__                                  
ffffffff  __c_args__                                 
UNDEFED   __mpu_init                                 
2000fe00  __stack                                    
00007161  _c_int00_noargs                            
UNDEFED   _system_post_cinit                         
00007679  _system_pre_init                           
0000767d  abort                                      
ffffffff  binit                                      
00006079  consoleHelp                                
00005f51  consoleHelp_2                              
000063a1  consoleIntro                               
000054bd  drawGameDisplay                            
00006f6d  drawMaroonSquare                           
00007549  drawOpeningSplash                          
2000043c  g_sCrystalfontz128x128                     
000050d0  g_sCrystalfontz128x128_funcs               
00004fb4  g_sFontCmtt12                              
00007071  initGraphics                               
00006bb5  initHWTimer0                               
00006c19  initHWTimer1                               
00006d3d  initialize                                 
00000000  interruptVectors                           
00005921  main                                       
000067cf  memcpy                                     
00006a05  memset                                     
0000510c  splash8BPP_COMP_RLE8                       
00006d99  startHWTimer                               
20000400  timer0                                     
20000418  timer1                                     
00006e97  writeString                                


GLOBAL SYMBOLS: SORTED BY Symbol Address 

address   name                                       
-------   ----                                       
00000000  __TI_static_base__                         
00000000  interruptVectors                           
00000200  __STACK_SIZE                               
00004fb4  g_sFontCmtt12                              
000050d0  g_sCrystalfontz128x128_funcs               
0000510c  splash8BPP_COMP_RLE8                       
0000512d  Graphics_drawImage                         
000054bd  drawGameDisplay                            
000056f5  Graphics_fillCircle                        
0000591f  ADC14_IRQHandler                           
0000591f  AES256_IRQHandler                          
0000591f  BusFault_Handler                           
0000591f  COMP_E0_IRQHandler                         
0000591f  COMP_E1_IRQHandler                         
0000591f  CS_IRQHandler                              
0000591f  DMA_ERR_IRQHandler                         
0000591f  DMA_INT0_IRQHandler                        
0000591f  DMA_INT1_IRQHandler                        
0000591f  DMA_INT2_IRQHandler                        
0000591f  DMA_INT3_IRQHandler                        
0000591f  DebugMon_Handler                           
0000591f  Default_Handler                            
0000591f  EUSCIA0_IRQHandler                         
0000591f  EUSCIA1_IRQHandler                         
0000591f  EUSCIA2_IRQHandler                         
0000591f  EUSCIA3_IRQHandler                         
0000591f  EUSCIB0_IRQHandler                         
0000591f  EUSCIB1_IRQHandler                         
0000591f  EUSCIB2_IRQHandler                         
0000591f  EUSCIB3_IRQHandler                         
0000591f  FLCTL_IRQHandler                           
0000591f  FPU_IRQHandler                             
0000591f  HardFault_Handler                          
0000591f  MemManage_Handler                          
0000591f  NMI_Handler                                
0000591f  PCM_IRQHandler                             
0000591f  PORT1_IRQHandler                           
0000591f  PORT2_IRQHandler                           
0000591f  PORT3_IRQHandler                           
0000591f  PORT4_IRQHandler                           
0000591f  PORT5_IRQHandler                           
0000591f  PORT6_IRQHandler                           
0000591f  PSS_IRQHandler                             
0000591f  PendSV_Handler                             
0000591f  RTC_C_IRQHandler                           
0000591f  SVC_Handler                                
0000591f  SysTick_Handler                            
0000591f  T32_INT2_IRQHandler                        
0000591f  T32_INTC_IRQHandler                        
0000591f  TA0_0_IRQHandler                           
0000591f  TA0_N_IRQHandler                           
0000591f  TA1_0_IRQHandler                           
0000591f  TA1_N_IRQHandler                           
0000591f  TA2_0_IRQHandler                           
0000591f  TA2_N_IRQHandler                           
0000591f  TA3_0_IRQHandler                           
0000591f  TA3_N_IRQHandler                           
0000591f  UsageFault_Handler                         
0000591f  WDT_A_IRQHandler                           
00005921  main                                       
00005cf1  Crystalfontz128x128_SetDrawFrame           
00005e25  Crystalfontz128x128_Init                   
00005f51  consoleHelp_2                              
00006079  consoleHelp                                
00006193  Graphics_fillRectangle                     
000062a5  UART_initModule                            
000063a1  consoleIntro                               
00006481  SystemInit                                 
0000653d  SPI_initMaster                             
000065ed  OneShotSWTimerExpired                      
00006733  Graphics_drawLineH                         
000067cf  __aeabi_memcpy                             
000067cf  __aeabi_memcpy4                            
000067cf  __aeabi_memcpy8                            
000067cf  memcpy                                     
0000686d  GPIO_setAsPeripheralModuleFunctionInputPin 
000068f5  GPIO_setAsPeripheralModuleFunctionOutputPin
0000697d  Interrupt_enableInterrupt                  
000069fd  __aeabi_memclr                             
000069fd  __aeabi_memclr4                            
000069fd  __aeabi_memclr8                            
000069ff  __aeabi_memset                             
000069ff  __aeabi_memset4                            
000069ff  __aeabi_memset8                            
00006a05  memset                                     
00006ae5  Timer32_initModule                         
00006b4d  __TI_decompress_lzss                       
00006bb5  initHWTimer0                               
00006c19  initHWTimer1                               
00006d3d  initialize                                 
00006d99  startHWTimer                               
00006df1  Crystalfontz128x128_SetOrientation         
00006e45  Graphics_initContext                       
00006e97  writeString                                
00006ee3  Graphics_drawMultiplePixelsOnDisplay       
00006f29  __TI_auto_init_nobinit_nopinit             
00006f6d  drawMaroonSquare                           
00006ff1  GPIO_setAsOutputPin                        
00007031  HAL_LCD_SpiInit                            
00007071  initGraphics                               
000070f1  HAL_LCD_writeCommand                       
00007129  Timer32_startTimer                         
00007161  _c_int00_noargs                            
00007199  Graphics_drawHorizontalLineOnDisplay       
000071d1  Timer32_setCount                           
00007205  UART_transmitData                          
00007239  HAL_LCD_PortInit                           
00007269  UART_receiveData                           
000072c5  Graphics_drawPixelOnDisplay                
000072f1  HAL_LCD_writeData                          
0000731d  InitUART                                   
00007371  GPIO_setOutputHighOnPin                    
00007399  GPIO_setOutputLowOnPin                     
000073c1  WaitCycles                                 
000073e9  UARTCanSend                                
0000740d  WDT_A_holdTimer                            
00007431  Graphics_fillRectangleOnDisplay            
0000744f  InitOneShotSWTimer                         
0000746d  StartOneShotSWTimer                        
0000748b  UARTHasChar                                
000074a9  SPI_enableModule                           
000074c5  T32_INT1_IRQHandler                        
000074c5  T32_INT1_IRQHandler                        
000074e1  Graphics_clearDisplayOnDisplay             
000074fb  Graphics_setBackgroundColor                
00007515  Graphics_setFont                           
0000752f  UART_getInterruptStatus                    
00007549  drawOpeningSplash                          
00007561  __aeabi_lmul                               
00007579  EUSCI_A_SPI_enable                         
0000758f  EUSCI_B_SPI_enable                         
000075a5  Graphics_setForegroundColor                
000075bb  Graphics_translateColorOnDisplay           
000075d1  UART_enableModule                          
000075e7  Timer32_clearInterruptFlag                 
000075fb  UARTPutChar                                
0000760f  Graphics_clearDisplay                      
00007621  InitFonts                                  
0000762f  Timer32_getValue                           
0000763d  __TI_decompress_none                       
0000764b  Reset_Handler                              
00007657  UARTGetChar                                
00007663  __TI_zero_init                             
00007679  _system_pre_init                           
0000767d  C$$EXIT                                    
0000767d  abort                                      
00007690  __TI_Handler_Table_Base                    
0000769c  __TI_Handler_Table_Limit                   
000076a8  __TI_CINIT_Base                            
000076b8  __TI_CINIT_Limit                           
20000400  timer0                                     
20000418  timer1                                     
20000430  Lcd_ScreenHeigth                           
20000432  Lcd_ScreenWidth                            
20000434  Lcd_TouchTrim                              
20000436  Lcd_FlagRead                               
20000437  Lcd_FontSolid                              
20000438  Lcd_Orientation                            
20000439  Lcd_PenSolid                               
2000043c  g_sCrystalfontz128x128                     
2000fe00  __stack                                    
20010000  __STACK_END                                
4000480c  WDTCTL_SYM                                 
ffffffff  __TI_pprof_out_hndl                        
ffffffff  __TI_prof_data_size                        
ffffffff  __TI_prof_data_start                       
ffffffff  __binit__                                  
ffffffff  __c_args__                                 
ffffffff  binit                                      
UNDEFED   __mpu_init                                 
UNDEFED   _system_post_cinit                         

[171 symbols]
